Component: ARM Compiler 5.06 update 7 (build 960) Tool: armlink [4d3601]

==============================================================================

Section Cross References

    main.o(i.Charge_Task) refers to hal_timer.o(i.ApplicationTimer_Stop) for ApplicationTimer_Stop
    main.o(i.Charge_Task) refers to func_init.o(i.delay_ms) for delay_ms
    main.o(i.Charge_Task) refers to hal_adc.o(i.Adc_ShutDown) for Adc_ShutDown
    main.o(i.Charge_Task) refers to stm32f10x_gpio.o(i.GPIO_SetBits) for GPIO_SetBits
    main.o(i.Charge_Task) refers to main.o(.data) for pF_Instance
    main.o(i.Charge_Task) refers to powermanage.o(.data) for halAdapter_Power
    main.o(i.Charge_Task) refers to sleep.o(.data) for halAdapter_OptMode
    main.o(i.DormancyState_Judge) refers to main.o(.data) for pW_Instance
    main.o(i.LED_Task) refers to powermanage.o(i.Power_Shut_Down) for Power_Shut_Down
    main.o(i.LED_Task) refers to func_init.o(i.delay_ms) for delay_ms
    main.o(i.LED_Task) refers to main.o(.data) for p_Flag
    main.o(i.LED_Task) refers to hal_timer.o(.data) for Low_Battery_Flg
    main.o(i.LED_Task) refers to rgb_led.o(.data) for Led_Driver_App_Port
    main.o(i.UpdateBatteryQuantity) refers to noretval__2printf.o(.text) for __2printf
    main.o(i.UpdateBatteryQuantity) refers to powermanage.o(.data) for halAdapter_Power
    main.o(i.UpdateBatteryQuantity) refers to main.o(.data) for BatteryQuantity
    main.o(i.UpdateChargingInterfaceStatus) refers to main.o(.data) for chargingInterfaceStatus
    main.o(i.UpdateChargingInterfaceStatus) refers to powermanage.o(.data) for halAdapter_Power
    main.o(i.Walk_Task) refers to ffixu.o(x$fpl$ffixu) for __aeabi_f2uiz
    main.o(i.Walk_Task) refers to protocol.o(i.GetVerison) for GetVerison
    main.o(i.Walk_Task) refers to rt_memcpy_v6.o(.text) for __aeabi_memcpy
    main.o(i.Walk_Task) refers to main.o(.data) for Batons_State
    main.o(i.Walk_Task) refers to protocol.o(.bss) for p_Msg
    main.o(i.main) refers to _printf_percent.o(.ARM.Collect$$_printf_percent$$00000000) for _printf_percent
    main.o(i.main) refers to _printf_d.o(.ARM.Collect$$_printf_percent$$00000009) for _printf_d
    main.o(i.main) refers to _printf_x.o(.ARM.Collect$$_printf_percent$$0000000C) for _printf_x
    main.o(i.main) refers to _printf_f.o(.ARM.Collect$$_printf_percent$$00000003) for _printf_f
    main.o(i.main) refers to _printf_dec.o(.text) for _printf_int_dec
    main.o(i.main) refers to _printf_hex_int.o(.text) for _printf_longlong_hex
    main.o(i.main) refers to printf1.o(x$fpl$printf1) for _printf_fp_dec
    main.o(i.main) refers to misc.o(i.NVIC_PriorityGroupConfig) for NVIC_PriorityGroupConfig
    main.o(i.main) refers to delay.o(i.delay_init) for delay_init
    main.o(i.main) refers to func_init.o(i.delay_ms) for delay_ms
    main.o(i.main) refers to usart.o(i.uart_init) for uart_init
    main.o(i.main) refers to rgb_led.o(i.Led_Init) for Led_Init
    main.o(i.main) refers to func_init.o(i.Touch_Gpio_Init) for Touch_Gpio_Init
    main.o(i.main) refers to hal_adc.o(i.Adc_init) for Adc_init
    main.o(i.main) refers to walk.o(i.WalkGetObj) for WalkGetObj
    main.o(i.main) refers to protocol.o(i.SendProtocolGetObj) for SendProtocolGetObj
    main.o(i.main) refers to func_init.o(i.GetFuncAdapter) for GetFuncAdapter
    main.o(i.main) refers to drv_si4438.o(i.SI446x_Init) for SI446x_Init
    main.o(i.main) refers to hal_timer.o(i.timer_start) for timer_start
    main.o(i.main) refers to func_init.o(i.Vibrate_Gpio_Init) for Vibrate_Gpio_Init
    main.o(i.main) refers to main.o(i.Charge_Task) for Charge_Task
    main.o(i.main) refers to main.o(i.Walk_Task) for Walk_Task
    main.o(i.main) refers to protocol.o(i.Si4438_Rcecv_Buff) for Si4438_Rcecv_Buff
    main.o(i.main) refers to main.o(i.LED_Task) for LED_Task
    main.o(i.main) refers to f2d.o(x$fpl$f2d) for __aeabi_f2d
    main.o(i.main) refers to noretval__2printf.o(.text) for __2printf
    main.o(i.main) refers to powermanage.o(.data) for halAdapter_Power
    main.o(i.main) refers to main.o(.data) for pW_Instance
    main.o(i.main) refers to delay.o(.data) for halAdapter_Clock
    main.o(i.main) refers to hal_flash.o(.data) for GFLASH
    main.o(i.main) refers to hal_flash.o(.bss) for flash_config
    main.o(i.main) refers to hal_timer.o(.data) for dgbugcount
    stm32f10x_it.o(i.SysTick_Handler) refers to delay.o(i.TimeStamp_Increment) for TimeStamp_Increment
    system_stm32f10x.o(i.SetSysClock) refers to system_stm32f10x.o(i.SetSysClockTo72) for SetSysClockTo72
    system_stm32f10x.o(i.SystemCoreClockUpdate) refers to system_stm32f10x.o(.data) for SystemCoreClock
    system_stm32f10x.o(i.SystemInit) refers to system_stm32f10x.o(i.SetSysClock) for SetSysClock
    startup_stm32f10x_hd.o(STACK) refers (Special) to heapauxi.o(.text) for __use_two_region_memory
    startup_stm32f10x_hd.o(HEAP) refers (Special) to heapauxi.o(.text) for __use_two_region_memory
[...]
    Func_MPU_Get_Temperature                 0x08001dcb   Thumb Code     8  mpu.o(i.Func_MPU_Get_Temperature)
    Func_MPU_Init                            0x08001dd5   Thumb Code    86  mpu.o(i.Func_MPU_Init)
    Func_MPU_Is_NewData                      0x08001e79   Thumb Code    12  mpu.o(i.Func_MPU_Is_NewData)
    Func_MPU_LpMotionInterrupt               0x08001e85   Thumb Code    20  mpu.o(i.Func_MPU_LpMotionInterrupt)
    Func_MPU_read_fifo                       0x08001e99   Thumb Code    36  mpu.o(i.Func_MPU_read_fifo)
    GPIO_EXTILineConfig                      0x08001ed1   Thumb Code    60  stm32f10x_gpio.o(i.GPIO_EXTILineConfig)
    GPIO_Init                                0x08001f11   Thumb Code   278  stm32f10x_gpio.o(i.GPIO_Init)
    GPIO_PinRemapConfig                      0x08002029   Thumb Code   138  stm32f10x_gpio.o(i.GPIO_PinRemapConfig)
    GPIO_ReadInputDataBit                    0x080020b9   Thumb Code    18  stm32f10x_gpio.o(i.GPIO_ReadInputDataBit)
    GPIO_ReadOutputDataBit                   0x080020cb   Thumb Code    18  stm32f10x_gpio.o(i.GPIO_ReadOutputDataBit)
    GPIO_ResetBits                           0x080020dd   Thumb Code     4  stm32f10x_gpio.o(i.GPIO_ResetBits)
    GPIO_SetBits                             0x080020e1   Thumb Code     4  stm32f10x_gpio.o(i.GPIO_SetBits)
    GetFuncAdapter                           0x080020e5   Thumb Code     8  func_init.o(i.GetFuncAdapter)
    GetFuncAdapter_MPU                       0x080020ed   Thumb Code     4  mpu.o(i.GetFuncAdapter_MPU)
    GetHalAdapter_IIC                        0x080020f5   Thumb Code     8  hal_iic.o(i.GetHalAdapter_IIC)
    GetHalAdapter_MPU                        0x080020fd   Thumb Code     8  hal_mpu.o(i.GetHalAdapter_MPU)
    GetHalAdapter_OptMode                    0x08002105   Thumb Code     8  sleep.o(i.GetHalAdapter_OptMode)
    GetVerison                               0x0800210d   Thumb Code   138  protocol.o(i.GetVerison)
    Get_Adc_Average                          0x080021dd   Thumb Code    46  hal_adc.o(i.Get_Adc_Average)
    Get_ChargePinStatus                      0x0800220d   Thumb Code    14  powermanage.o(i.Get_ChargePinStatus)
    Get_FullBatteryPin_InCharge              0x08002221   Thumb Code    14  powermanage.o(i.Get_FullBatteryPin_InCharge)
    Get_MPU_Interrupt                        0x08002235   Thumb Code    12  hal_mpu.o(i.Get_MPU_Interrupt)
    Get_battery_power                        0x08002245   Thumb Code   272  powermanage.o(i.Get_battery_power)
    HardFault_Handler                        0x080023c9   Thumb Code     4  stm32f10x_it.o(i.HardFault_Handler)
    LED_Task                                 0x08002665   Thumb Code   114  main.o(i.LED_Task)
    Led_Init                                 0x080026ed   Thumb Code    40  rgb_led.o(i.Led_Init)
    Led_Management                           0x08002719   Thumb Code     2  rgb_led.o(i.Led_Management)
    Led_ShutDown                             0x0800271d   Thumb Code    58  rgb_led.o(i.Led_ShutDown)
    MPU_Delay_Ms                             0x08002765   Thumb Code    12  mpuiic.o(i.MPU_Delay_Ms)
    MPU_Get_Accelerometer                    0x08002771   Thumb Code    80  mpu_6050.o(i.MPU_Get_Accelerometer)
    MPU_Get_Gyroscope                        0x080027c1   Thumb Code    80  mpu_6050.o(i.MPU_Get_Gyroscope)
    MPU_Get_Ms                               0x08002811   Thumb Code    12  mpuiic.o(i.MPU_Get_Ms)
    MPU_Get_Temperature                      0x0800281d   Thumb Code    72  mpu_6050.o(i.MPU_Get_Temperature)
    MPU_IIC_Init                             0x08002871   Thumb Code    12  mpuiic.o(i.MPU_IIC_Init)
    MPU_IIC_Read_Byte                        0x08002881   Thumb Code    16  mpuiic.o(i.MPU_IIC_Read_Byte)
    MPU_IIC_Send_Byte                        0x08002895   Thumb Code    16  mpuiic.o(i.MPU_IIC_Send_Byte)
    MPU_IIC_Start                            0x080028a9   Thumb Code    12  mpuiic.o(i.MPU_IIC_Start)
    MPU_IIC_Stop                             0x080028b9   Thumb Code    12  mpuiic.o(i.MPU_IIC_Stop)
    MPU_IIC_Wait_Ack                         0x080028c9   Thumb Code    12  mpuiic.o(i.MPU_IIC_Wait_Ack)
    MPU_Read_Byte                            0x08002949   Thumb Code    58  mpu_6050.o(i.MPU_Read_Byte)
    MPU_Read_Len                             0x08002983   Thumb Code   116  mpu_6050.o(i.MPU_Read_Len)
    MPU_Write_Len                            0x080029f7   Thumb Code    96  mpu_6050.o(i.MPU_Write_Len)
    MemManage_Handler                        0x08002a57   Thumb Code     4  stm32f10x_it.o(i.MemManage_Handler)
    Message_count_CRC_2                      0x08002a5d   Thumb Code    46  crc.o(i.Message_count_CRC_2)
    NMI_Handler                              0x08002a95   Thumb Code     2  stm32f10x_it.o(i.NMI_Handler)
    NVIC_Init                                0x08002a99   Thumb Code   100  misc.o(i.NVIC_Init)
    NVIC_PriorityGroupConfig                 0x08002b09   Thumb Code    10  misc.o(i.NVIC_PriorityGroupConfig)
    PWR_EnterSTANDBYMode                     0x08002b41   Thumb Code    42  stm32f10x_pwr.o(i.PWR_EnterSTANDBYMode)
    PWR_EnterSTOPMode                        0x08002b75   Thumb Code    54  stm32f10x_pwr.o(i.PWR_EnterSTOPMode)
    PWR_WakeUpPinCmd                         0x08002bb5   Thumb Code     6  stm32f10x_pwr.o(i.PWR_WakeUpPinCmd)
    PendSV_Handler                           0x08002bc1   Thumb Code     2  stm32f10x_it.o(i.PendSV_Handler)
    Power_Shut_Down                          0x08002cc1   Thumb Code    64  powermanage.o(i.Power_Shut_Down)
    RCC_ADCCLKConfig                         0x08002d0d   Thumb Code    18  stm32f10x_rcc.o(i.RCC_ADCCLKConfig)
    RCC_APB1PeriphClockCmd                   0x08002d25   Thumb Code    26  stm32f10x_rcc.o(i.RCC_APB1PeriphClockCmd)
    RCC_APB1PeriphResetCmd                   0x08002d45   Thumb Code    26  stm32f10x_rcc.o(i.RCC_APB1PeriphResetCmd)
    RCC_APB2PeriphClockCmd                   0x08002d65   Thumb Code    26  stm32f10x_rcc.o(i.RCC_APB2PeriphClockCmd)
    RCC_APB2PeriphResetCmd                   0x08002d85   Thumb Code    26  stm32f10x_rcc.o(i.RCC_APB2PeriphResetCmd)
    RCC_GetClocksFreq                        0x08002da5   Thumb Code   192  stm32f10x_rcc.o(i.RCC_GetClocksFreq)
    RF433_SendData                           0x08002e79   Thumb Code    22  protocol.o(i.RF433_SendData)
    ReadFlashNBtye                           0x08002e95   Thumb Code    26  hal_flash.o(i.ReadFlashNBtye)
    SI4438Init                               0x08002f01   Thumb Code    74  drv_si4438.o(i.SI4438Init)
    SI446x_Change_Status                     0x08002f59   Thumb Code    28  drv_si4438.o(i.SI446x_Change_Status)
    SI446x_Config_Init                       0x08002f75   Thumb Code   164  drv_si4438.o(i.SI446x_Config_Init)
    SI446x_Get_Device_Status                 0x0800301d   Thumb Code    38  drv_si4438.o(i.SI446x_Get_Device_Status)
    SI446x_Gpio_Init                         0x08003045   Thumb Code    66  drv_si4438.o(i.SI446x_Gpio_Init)
    SI446x_Init                              0x0800308d   Thumb Code    20  drv_si4438.o(i.SI446x_Init)
    SI446x_Interrupt_Status                  0x080030a1   Thumb Code    46  drv_si4438.o(i.SI446x_Interrupt_Status)
    SI446x_Power_Up                          0x080030cf   Thumb Code    62  drv_si4438.o(i.SI446x_Power_Up)
    SI446x_Read_Packet                       0x0800310d   Thumb Code    78  drv_si4438.o(i.SI446x_Read_Packet)
    SI446x_Read_Response                     0x08003161   Thumb Code    64  drv_si4438.o(i.SI446x_Read_Response)
    SI446x_Reset                             0x080031a5   Thumb Code    46  drv_si4438.o(i.SI446x_Reset)
    SI446x_Reset_RxFifo                      0x080031dd   Thumb Code    28  drv_si4438.o(i.SI446x_Reset_RxFifo)
    SI446x_Reset_TxFifo                      0x080031f9   Thumb Code    28  drv_si4438.o(i.SI446x_Reset_TxFifo)
    SI446x_Send_Packet                       0x08003215   Thumb Code    92  drv_si4438.o(i.SI446x_Send_Packet)
    SI446x_Set_Data_Rate                     0x08003275   Thumb Code    16  drv_si4438.o(i.SI446x_Set_Data_Rate)
    SI446x_Set_Power                         0x08003285   Thumb Code    16  drv_si4438.o(i.SI446x_Set_Power)
    SI446x_Set_Property_1                    0x08003295   Thumb Code    50  drv_si4438.o(i.SI446x_Set_Property_1)
    SI446x_Set_Property_3                    0x080032c7   Thumb Code    64  drv_si4438.o(i.SI446x_Set_Property_3)
    SI446x_Start_Rx                          0x08003307   Thumb Code    82  drv_si4438.o(i.SI446x_Start_Rx)
    SI446x_Start_Tx                          0x08003359   Thumb Code    62  drv_si4438.o(i.SI446x_Start_Tx)
    SI446x_Wait_Cts                          0x08003399   Thumb Code    70  drv_si4438.o(i.SI446x_Wait_Cts)
    SI446x_Write_Cmds                        0x080033e5   Thumb Code    56  drv_si4438.o(i.SI446x_Write_Cmds)
    SI44xx_Power_Init                        0x08003421   Thumb Code    46  drv_si4438.o(i.SI44xx_Power_Init)
    SPI_Cmd                                  0x08003455   Thumb Code    24  stm32f10x_spi.o(i.SPI_Cmd)
    SPI_I2S_DeInit                           0x0800346d   Thumb Code    76  stm32f10x_spi.o(i.SPI_I2S_DeInit)
    SPI_I2S_GetFlagStatus                    0x080034c5   Thumb Code    18  stm32f10x_spi.o(i.SPI_I2S_GetFlagStatus)
    SPI_Init                                 0x080034d7   Thumb Code    60  stm32f10x_spi.o(i.SPI_Init)
    SVC_Handler                              0x08003513   Thumb Code     2  stm32f10x_it.o(i.SVC_Handler)
    SendProtocolGetObj                       0x08003515   Thumb Code     4  protocol.o(i.SendProtocolGetObj)
    Si4438_Rcecv_Buff                        0x08003605   Thumb Code   462  protocol.o(i.Si4438_Rcecv_Buff)
    SysTick_CLKSourceConfig                  0x08003811   Thumb Code    40  misc.o(i.SysTick_CLKSourceConfig)
    SysTick_Handler                          0x08003839   Thumb Code     8  stm32f10x_it.o(i.SysTick_Handler)
    SystemInit                               0x08003841   Thumb Code    78  system_stm32f10x.o(i.SystemInit)
    TIM2_IRQHandler                          0x080038a1   Thumb Code    34  hal_timer.o(i.TIM2_IRQHandler)
    TIM2_Int_Init                            0x080038c3   Thumb Code    92  hal_timer.o(i.TIM2_Int_Init)
    TIM3_IRQHandler                          0x08003921   Thumb Code    42  hal_timer.o(i.TIM3_IRQHandler)
    TIM3_Int_Init                            0x08003959   Thumb Code    90  hal_timer.o(i.TIM3_Int_Init)
    TIM4_IRQHandler                          0x080039b9   Thumb Code    22  hal_timer.o(i.TIM4_IRQHandler)
    TIM4_Int_Init                            0x080039d5   Thumb Code    90  hal_timer.o(i.TIM4_Int_Init)
    TIM_ClearITPendingBit                    0x08003a35   Thumb Code     6  stm32f10x_tim.o(i.TIM_ClearITPendingBit)
    TIM_Cmd                                  0x08003a3b   Thumb Code    24  stm32f10x_tim.o(i.TIM_Cmd)
    TIM_DeInit                               0x08003a55   Thumb Code   424  stm32f10x_tim.o(i.TIM_DeInit)
    TIM_GetITStatus                          0x08003c3d   Thumb Code    34  stm32f10x_tim.o(i.TIM_GetITStatus)
    TIM_ITConfig                             0x08003c5f   Thumb Code    18  stm32f10x_tim.o(i.TIM_ITConfig)
    TIM_TimeBaseInit                         0x08003c71   Thumb Code   122  stm32f10x_tim.o(i.TIM_TimeBaseInit)
    TimeStamp_Increment                      0x08003e8d   Thumb Code    12  delay.o(i.TimeStamp_Increment)
    Touch_Gpio_Init                          0x08003e9d   Thumb Code    68  func_init.o(i.Touch_Gpio_Init)
    USART_Cmd                                0x08003ee5   Thumb Code    24  stm32f10x_usart.o(i.USART_Cmd)
    USART_DeInit                             0x08003efd   Thumb Code   134  stm32f10x_usart.o(i.USART_DeInit)
    USART_Init                               0x08003f99   Thumb Code   210  stm32f10x_usart.o(i.USART_Init)
    UpdateBatteryQuantity                    0x08004071   Thumb Code   104  main.o(i.UpdateBatteryQuantity)
    UpdateChargingInterfaceStatus            0x08004111   Thumb Code    68  main.o(i.UpdateChargingInterfaceStatus)
    UsageFault_Handler                       0x08004161   Thumb Code     4  stm32f10x_it.o(i.UsageFault_Handler)
    Vibrate_Gpio_Init                        0x08004165   Thumb Code    38  func_init.o(i.Vibrate_Gpio_Init)
    VoidGear_Algorithm_Walk                  0x08004191   Thumb Code  2234  walk.o(i.VoidGear_Algorithm_Walk)
    VoidGear_GetSpeed                        0x08004a4d   Thumb Code     6  walk.o(i.VoidGear_GetSpeed)
    VoidGear_GetWalk                         0x08004a59   Thumb Code     6  walk.o(i.VoidGear_GetWalk)
    VoidGear_Init                            0x08004a65   Thumb Code   228  walk.o(i.VoidGear_Init)
    WalkGetObj                               0x08004b9d   Thumb Code     4  walk.o(i.WalkGetObj)
    Walk_Task                                0x08004ba5   Thumb Code   370  main.o(i.Walk_Task)
    WriteFlashOneWord                        0x08004d41   Thumb Code    98  hal_flash.o(i.WriteFlashOneWord)
    __ARM_fpclassify                         0x08004dad   Thumb Code    40  fpclassify.o(i.__ARM_fpclassify)
    __ARM_fpclassifyf                        0x08004dd5   Thumb Code    38  fpclassifyf.o(i.__ARM_fpclassifyf)
    __kernel_poly                            0x08004dfb   Thumb Code   170  poly.o(i.__kernel_poly)
    __mathlib_dbl_divzero                    0x08004ea5   Thumb Code    12  dunder.o(i.__mathlib_dbl_divzero)
    __mathlib_dbl_infnan2                    0x08004eb5   Thumb Code     4  dunder.o(i.__mathlib_dbl_infnan2)
    __mathlib_dbl_invalid                    0x08004eb9   Thumb Code    12  dunder.o(i.__mathlib_dbl_invalid)
    __mathlib_dbl_overflow                   0x08004ec5   Thumb Code    14  dunder.o(i.__mathlib_dbl_overflow)
    __mathlib_dbl_underflow                  0x08004ed5   Thumb Code    10  dunder.o(i.__mathlib_dbl_underflow)
    __mathlib_flt_infnan                     0x08004ee5   Thumb Code     6  funder.o(i.__mathlib_flt_infnan)
    __mathlib_flt_invalid                    0x08004eeb   Thumb Code     8  funder.o(i.__mathlib_flt_invalid)
    __mathlib_flt_underflow                  0x08004ef3   Thumb Code    10  funder.o(i.__mathlib_flt_underflow)
    __mathlib_rredf2                         0x08004efd   Thumb Code   344  rredf.o(i.__mathlib_rredf2)
    _is_digit                                0x08005065   Thumb Code    14  __printf_wp.o(i._is_digit)
    _sys_exit                                0x08005073   Thumb Code     4  usart.o(i._sys_exit)
    cal_iir_coeff                            0x08005091   Thumb Code   252  filter.o(i.cal_iir_coeff)
    calculate_bat                            0x08005195   Thumb Code   112  hal_adc.o(i.calculate_bat)
    cosf                                     0x0800520d   Thumb Code   328  cosf.o(i.cosf)
    crc8_maxim                               0x08005389   Thumb Code    56  crc.o(i.crc8_maxim)
    delay_init                               0x080053c1   Thumb Code    50  delay.o(i.delay_init)
    delay_ms                                 0x08005451   Thumb Code    14  func_init.o(i.delay_ms)
    delay_us                                 0x080054b1   Thumb Code    14  func_init.o(i.delay_us)
    drv_spi_init                             0x080054c5   Thumb Code   204  hal_spi.o(i.drv_spi_init)
    drv_spi_read_write_byte                  0x08005599   Thumb Code    90  hal_spi.o(i.drv_spi_read_write_byte)
    fputc                                    0x080055f9   Thumb Code    24  usart.o(i.fputc)
    get_iir_output                           0x08005615   Thumb Code   116  filter.o(i.get_iir_output)
    get_tick_count                           0x08005689   Thumb Code     8  delay.o(i.get_tick_count)
    get_timestamp                            0x08005695   Thumb Code    14  func_init.o(i.get_timestamp)
    init_que                                 0x080056a9   Thumb Code    58  myqueue.o(i.init_que)
    init_que_accel                           0x080056e3   Thumb Code   126  myqueue.o(i.init_que_accel)
    init_que_small                           0x08005761   Thumb Code    72  myqueue.o(i.init_que_small)
    led_blue_state                           0x080057a9   Thumb Code    26  rgb_led.o(i.led_blue_state)
    led_blue_turn                            0x080057c5   Thumb Code    32  rgb_led.o(i.led_blue_turn)
    led_ctrl                                 0x080057e9   Thumb Code   220  rgb_led.o(i.led_ctrl)
    led_green_state                          0x080058c9   Thumb Code    26  rgb_led.o(i.led_green_state)
    led_green_turn                           0x080058e5   Thumb Code    32  rgb_led.o(i.led_green_turn)
    led_navy_turn                            0x08005909   Thumb Code    32  rgb_led.o(i.led_navy_turn)
    led_purple_turn                          0x0800592d   Thumb Code    32  rgb_led.o(i.led_purple_turn)
    led_red_state                            0x08005951   Thumb Code    26  rgb_led.o(i.led_red_state)
    led_red_turn                             0x0800596d   Thumb Code    32  rgb_led.o(i.led_red_turn)
    led_turn_state                           0x08005991   Thumb Code    68  rgb_led.o(i.led_turn_state)
    led_white_state                          0x080059d5   Thumb Code    26  rgb_led.o(i.led_white_state)
    led_white_turn                           0x080059f1   Thumb Code    32  rgb_led.o(i.led_white_turn)
    led_yellow_turn                          0x08005a15   Thumb Code    32  rgb_led.o(i.led_yellow_turn)
    main                                     0x08005a39   Thumb Code   332  main.o(i.main)
    mpu_configure_fifo                       0x08005be9   Thumb Code   106  inv_mpu.o(i.mpu_configure_fifo)
    mpu_get_accel_fsr                        0x08005c59   Thumb Code    72  inv_mpu.o(i.mpu_get_accel_fsr)
    mpu_get_fifo_config                      0x08005ca5   Thumb Code    12  inv_mpu.o(i.mpu_get_fifo_config)
    mpu_get_gyro_fsr                         0x08005cb5   Thumb Code    64  inv_mpu.o(i.mpu_get_gyro_fsr)
    mpu_get_lpf                              0x08005cf9   Thumb Code    74  inv_mpu.o(i.mpu_get_lpf)
    mpu_get_sample_rate                      0x08005d49   Thumb Code    26  inv_mpu.o(i.mpu_get_sample_rate)
    mpu_init                                 0x08005d69   Thumb Code   416  inv_mpu.o(i.mpu_init)
    mpu_lp_accel_mode                        0x08005f59   Thumb Code   218  inv_mpu.o(i.mpu_lp_accel_mode)
    mpu_lp_motion_interrupt                  0x08006039   Thumb Code   512  inv_mpu.o(i.mpu_lp_motion_interrupt)
    mpu_read_fifo                            0x0800623d   Thumb Code   500  inv_mpu.o(i.mpu_read_fifo)
    mpu_reset_fifo                           0x08006435   Thumb Code   450  inv_mpu.o(i.mpu_reset_fifo)
    mpu_set_accel_fsr                        0x080065fd   Thumb Code   126  inv_mpu.o(i.mpu_set_accel_fsr)
    mpu_set_bypass                           0x08006681   Thumb Code   328  inv_mpu.o(i.mpu_set_bypass)
    mpu_set_dmp_state                        0x080067cd   Thumb Code   138  inv_mpu.o(i.mpu_set_dmp_state)
    mpu_set_gyro_fsr                         0x0800685d   Thumb Code   132  inv_mpu.o(i.mpu_set_gyro_fsr)
    mpu_set_int_latched                      0x080068e5   Thumb Code   102  inv_mpu.o(i.mpu_set_int_latched)
    mpu_set_lpf                              0x08006951   Thumb Code   126  inv_mpu.o(i.mpu_set_lpf)
    mpu_set_sample_rate                      0x080069d5   Thumb Code   152  inv_mpu.o(i.mpu_set_sample_rate)
    mpu_set_sensors                          0x08006a71   Thumb Code   202  inv_mpu.o(i.mpu_set_sensors)
    pow                                      0x08006b41   Thumb Code  2512  pow.o(i.pow)
    sqrt                                     0x080075a9   Thumb Code    76  sqrt.o(i.sqrt)
    sqrtf                                    0x080075f5   Thumb Code    44  sqrtf.o(i.sqrtf)
    tanf                                     0x08007621   Thumb Code   314  tanf.o(i.tanf)
    timer_start                              0x08007795   Thumb Code    84  hal_timer.o(i.timer_start)
    uart_init                                0x08007821   Thumb Code   120  usart.o(i.uart_init)
    _get_lc_numeric                          0x080078a1   Thumb Code    44  lc_numeric_c.o(locale$$code)
    __aeabi_d2f                              0x080078cd   Thumb Code     0  d2f.o(x$fpl$d2f)
    _d2f                                     0x080078cd   Thumb Code    98  d2f.o(x$fpl$d2f)
    __aeabi_dadd                             0x08007931   Thumb Code     0  daddsub_clz.o(x$fpl$dadd)
    _dadd                                    0x08007931   Thumb Code   332  daddsub_clz.o(x$fpl$dadd)
    __fpl_dcheck_NaN1                        0x08007a81   Thumb Code    10  dcheck1.o(x$fpl$dcheck1)
    __fpl_dcmp_Inf                           0x08007a91   Thumb Code    24  dcmpi.o(x$fpl$dcmpinf)
    __aeabi_ddiv                             0x08007aa9   Thumb Code     0  ddiv.o(x$fpl$ddiv)
    _ddiv                                    0x08007aa9   Thumb Code   552  ddiv.o(x$fpl$ddiv)
    __aeabi_i2d                              0x08007d59   Thumb Code     0  dflt_clz.o(x$fpl$dflt)
    _dflt                                    0x08007d59   Thumb Code    46  dflt_clz.o(x$fpl$dflt)
    __aeabi_ui2d                             0x08007d87   Thumb Code     0  dflt_clz.o(x$fpl$dfltu)
    _dfltu                                   0x08007d87   Thumb Code    38  dflt_clz.o(x$fpl$dfltu)
    __aeabi_cdcmple                          0x08007dad   Thumb Code     0  dleqf.o(x$fpl$dleqf)
    _dcmple                                  0x08007dad   Thumb Code   120  dleqf.o(x$fpl$dleqf)
    __fpl_dcmple_InfNaN                      0x08007e0f   Thumb Code     0  dleqf.o(x$fpl$dleqf)
    __aeabi_dmul                             0x08007e25   Thumb Code     0  dmul.o(x$fpl$dmul)
    _dmul                                    0x08007e25   Thumb Code   332  dmul.o(x$fpl$dmul)
    __fpl_dnaninf                            0x08007f79   Thumb Code   156  dnaninf.o(x$fpl$dnaninf)
    __fpl_dretinf                            0x08008015   Thumb Code    12  dretinf.o(x$fpl$dretinf)
    __aeabi_cdrcmple                         0x08008021   Thumb Code     0  drleqf.o(x$fpl$drleqf)
    _drcmple                                 0x08008021   Thumb Code   108  drleqf.o(x$fpl$drleqf)
    __aeabi_drsub                            0x0800808d   Thumb Code     0  daddsub_clz.o(x$fpl$drsb)
    _drsb                                    0x0800808d   Thumb Code    22  daddsub_clz.o(x$fpl$drsb)
    _dsqrt                                   0x080080a5   Thumb Code   456  dsqrt_noumaal.o(x$fpl$dsqrt)
    __aeabi_dsub                             0x08008271   Thumb Code     0  daddsub_clz.o(x$fpl$dsub)
    _dsub                                    0x08008271   Thumb Code   464  daddsub_clz.o(x$fpl$dsub)
    __aeabi_f2d                              0x08008445   Thumb Code     0  f2d.o(x$fpl$f2d)
    _f2d                                     0x08008445   Thumb Code    86  f2d.o(x$fpl$f2d)
    __aeabi_fadd                             0x0800849d   Thumb Code     0  faddsub_clz.o(x$fpl$fadd)
    _fadd                                    0x0800849d   Thumb Code   196  faddsub_clz.o(x$fpl$fadd)
    __fpl_fcheck_NaN1                        0x08008561   Thumb Code     6  fcheck1.o(x$fpl$fcheck1)
    __fpl_fcmp_Inf                           0x0800856d   Thumb Code    24  fcmpi.o(x$fpl$fcmpinf)
    __aeabi_fdiv                             0x08008585   Thumb Code     0  fdiv.o(x$fpl$fdiv)
    _fdiv                                    0x08008585   Thumb Code   384  fdiv.o(x$fpl$fdiv)
    __aeabi_f2iz                             0x08008709   Thumb Code     0  ffix.o(x$fpl$ffix)
    _ffix                                    0x08008709   Thumb Code    54  ffix.o(x$fpl$ffix)
    __aeabi_f2uiz                            0x08008741   Thumb Code     0  ffixu.o(x$fpl$ffixu)
    _ffixu                                   0x08008741   Thumb Code    62  ffixu.o(x$fpl$ffixu)
    __aeabi_i2f                              0x08008781   Thumb Code     0  fflt_clz.o(x$fpl$fflt)
    _fflt                                    0x08008781   Thumb Code    48  fflt_clz.o(x$fpl$fflt)
    __aeabi_ui2f                             0x080087b1   Thumb Code     0  fflt_clz.o(x$fpl$ffltu)
    _ffltu                                   0x080087b1   Thumb Code    38  fflt_clz.o(x$fpl$ffltu)
    __aeabi_cfcmple                          0x080087d9   Thumb Code     0  fleqf.o(x$fpl$fleqf)
    _fcmple                                  0x080087d9   Thumb Code   104  fleqf.o(x$fpl$fleqf)
    __fpl_fcmple_InfNaN                      0x0800882b   Thumb Code     0  fleqf.o(x$fpl$fleqf)
    __aeabi_fmul                             0x08008841   Thumb Code     0  fmul.o(x$fpl$fmul)
    _fmul                                    0x08008841   Thumb Code   258  fmul.o(x$fpl$fmul)
    __fpl_fnaninf                            0x08008943   Thumb Code   140  fnaninf.o(x$fpl$fnaninf)
    __fpl_fretinf                            0x080089cf   Thumb Code    10  fretinf.o(x$fpl$fretinf)
    __aeabi_cfrcmple                         0x080089d9   Thumb Code     0  frleqf.o(x$fpl$frleqf)
    _frcmple                                 0x080089d9   Thumb Code    98  frleqf.o(x$fpl$frleqf)
    _frnd                                    0x08008a3d   Thumb Code    96  frnd.o(x$fpl$frnd)
    __aeabi_frsub                            0x08008a9d   Thumb Code     0  faddsub_clz.o(x$fpl$frsb)
    _frsb                                    0x08008a9d   Thumb Code    20  faddsub_clz.o(x$fpl$frsb)
    _fsqrt                                   0x08008ab1   Thumb Code   272  fsqrt.o(x$fpl$fsqrt)
    __aeabi_fsub                             0x08008bc1   Thumb Code     0  faddsub_clz.o(x$fpl$fsub)
    _fsub                                    0x08008bc1   Thumb Code   234  faddsub_clz.o(x$fpl$fsub)
    _printf_fp_dec                           0x08008cab   Thumb Code     4  printf1.o(x$fpl$printf1)
    __fpl_return_NaN                         0x08008caf   Thumb Code   100  retnan.o(x$fpl$retnan)
    __ARM_scalbn                             0x08008d13   Thumb Code    92  scalbn.o(x$fpl$scalbn)
    __ARM_scalbnf                            0x08008d6f   Thumb Code    76  scalbnf.o(x$fpl$scalbnf)
    __fpl_cmpreturn                          0x08008dbb   Thumb Code    48  trapv.o(x$fpl$trapveneer)
    CRC_Array_H                              0x08008dea   Data         256  crc.o(.constdata)
    __I$use$fp                               0x08008dea   Number         0  usenofp.o(x$fpl$usenofp)
    CRC_Array_L                              0x08008eea   Data         256  crc.o(.constdata)
    reg                                      0x080093ac   Data          27  inv_mpu.o(.constdata)
    hw                                       0x080093c8   Data          12  inv_mpu.o(.constdata)
    test                                     0x080093d4   Data          40  inv_mpu.o(.constdata)
    __mathlib_zero                           0x080094c0   Data           8  qnan.o(.constdata)
    Region$$Table$$Base                      0x080095cc   Number         0  anon$$obj.o(Region$$Table)
    Region$$Table$$Limit                     0x080095ec   Number         0  anon$$obj.o(Region$$Table)
    pH_Instance                              0x20000000   Data           4  main.o(.data)
    pF_Instance                              0x20000004   Data           4  main.o(.data)
    pP_Instance                              0x20000008   Data           4  main.o(.data)
    pW_Instance                              0x2000000c   Data           4  main.o(.data)
    p_Flag                                   0x20000010   Data           6  main.o(.data)
    Si4438ChannelSet                         0x20000018   Data           1  main.o(.data)
    SI433_ID                                 0x20000019   Data           1  main.o(.data)
    Batons_State                             0x2000001a   Data           1  main.o(.data)
    SystemCoreClock                          0x20000028   Data           4  system_stm32f10x.o(.data)
    AHBPrescTable                            0x2000002c   Data          16  system_stm32f10x.o(.data)
    g_ul_ms_ticks                            0x20000054   Data           4  delay.o(.data)
    halAdapter_Clock                         0x20000058   Data          20  delay.o(.data)
    __stdout                                 0x2000006c   Data           4  usart.o(.data)
    USART_RX_STA                             0x20000070   Data           2  usart.o(.data)
    halAdapter_IIC                           0x20000074   Data          36  hal_iic.o(.data)
    Low_Battery_Flg                          0x20000098   Data           1  hal_timer.o(.data)
    dgbugcount                               0x20000099   Data           1  hal_timer.o(.data)
    TIME_ControlStruct                       0x2000009c   Data           8  hal_timer.o(.data)
    halAdapter_OptMode                       0x200000a4   Data          24  sleep.o(.data)
    Led_Driver_App_Port                      0x200000bc   Data          32  rgb_led.o(.data)
    crcdata                                  0x200000e0   Data           1  protocol.o(.data)
    connetflg                                0x200000e4   Data           4  protocol.o(.data)
    Protocol4438                             0x200000e8   Data           4  protocol.o(.data)
    SendProtocol                             0x200000ec   Data          44  protocol.o(.data)
    func_adapter_implements                  0x20000118   Data          20  func_init.o(.data)
    bat_Capacity                             0x2000012c   Data           1  powermanage.o(.data)
    halAdapter_Power                         0x20000134   Data          28  powermanage.o(.data)
    FLASHStatus                              0x20000150   Data           1  hal_flash.o(.data)
    GFLASH                                   0x20000154   Data           8  hal_flash.o(.data)
    funcAdapter_MPU                          0x2000015c   Data          28  mpu.o(.data)
    p_HalAdapter_IIC                         0x2000017c   Data           4  mpuiic.o(.data)
    is_Interrupt                             0x20000180   Data           1  hal_mpu.o(.data)
    halAdapter_MPU                           0x20000184   Data          20  hal_mpu.o(.data)
    pFilter_Param_Gx                         0x200001d0   Data           4  walk.o(.data)
    pFilter_Param_Gy                         0x200001d4   Data           4  walk.o(.data)
    pFilter_Param_Gz                         0x200001d8   Data           4  walk.o(.data)
    pFilter_Param_Ax                         0x200001dc   Data           4  walk.o(.data)
    pFilter_Param_Ay                         0x200001e0   Data           4  walk.o(.data)
    pFilter_Param_Az                         0x200001e4   Data           4  walk.o(.data)
    q                                        0x200001e8   Data           4  walk.o(.data)
    qs                                       0x200001ec   Data           4  walk.o(.data)
    qa                                       0x200001f0   Data           4  walk.o(.data)
    gyro_range_scale                         0x200001f4   Data           4  walk.o(.data)
    avg_speed_scale_gyrof                    0x200001f8   Data           4  walk.o(.data)
    avg_speed_scale_accel                    0x200001fc   Data           4  walk.o(.data)
    accel_range_scale                        0x20000200   Data           4  walk.o(.data)
    last_gyro                                0x20000220   Data           6  walk.o(.data)
    walk                                     0x2000022c   Data          20  walk.o(.data)
    g_SI4463RxBuffer                         0x20000249   Data          64  protocol.o(.bss)
    p_Msg                                    0x2000028a   Data          32  protocol.o(.bss)
    transferProtocol                         0x200002aa   Data          28  protocol.o(.bss)
    flash_config                             0x200002d2   Data          24  hal_flash.o(.bss)
    Filter_Param_Gx                          0x200002ec   Data          32  walk.o(.bss)
    Filter_Param_Gy                          0x2000030c   Data          32  walk.o(.bss)
    Filter_Param_Gz                          0x2000032c   Data          32  walk.o(.bss)
    Filter_Param_Ax                          0x2000034c   Data          32  walk.o(.bss)
    Filter_Param_Ay                          0x2000036c   Data          32  walk.o(.bss)
    Filter_Param_Az                          0x2000038c   Data          32  walk.o(.bss)
    s                                        0x200003ac   Data          24  walk.o(.bss)
    ss                                       0x200003c4   Data        2012  walk.o(.bss)
    a                                        0x20000ba0   Data        4824  walk.o(.bss)
    __libspace_start                         0x20001e84   Data          96  libspace.o(.bss)
    __temporary_stack_top$libspace           0x20001ee4   Data           0  libspace.o(.bss)



==============================================================================

Memory Map of the image

  Image Entry point : 0x08000231

  Load Region LR_1 (Base: 0x08000000, Size: 0x00009848, Max: 0xffffffff, ABSOLUTE, COMPRESSED[0x00009744])

    Execution Region ER_RO (Exec base: 0x08000000, Load base: 0x08000000, Size: 0x00009608, Max: 0xffffffff, ABSOLUTE)

    Exec Addr    Load Addr    Size         Type   Attr      Idx    E Section Name        Object

    0x08000000   0x08000000   0x00000130   Data   RO          432    RESET               startup_stm32f10x_hd.o
    0x08000130   0x08000130   0x00000008   Code   RO         4530  * !!!main             c_w.l(__main.o)
    0x08000138   0x08000138   0x00000034   Code   RO         4967    !!!scatter          c_w.l(__scatter.o)
    0x0800016c   0x0800016c   0x0000005a   Code   RO         4965    !!dczerorl2         c_w.l(__dczerorl2.o)
    0x080001c6   0x080001c6   0x00000002   PAD
    0x080001c8   0x080001c8   0x0000001c   Code   RO         4969    !!handler_zi        c_w.l(__scatter_zi.o)
    0x080001e4   0x080001e4   0x00000000   Code   RO         4515    .ARM.Collect$$_printf_percent$$00000000  c_w.l(_printf_percent.o)
    0x080001e4   0x080001e4   0x00000006   Code   RO         4514    .ARM.Collect$$_printf_percent$$00000003  c_w.l(_printf_f.o)
    0x080001ea   0x080001ea   0x00000006   Code   RO         4513    .ARM.Collect$$_printf_percent$$00000009  c_w.l(_printf_d.o)
    0x080001f0   0x080001f0   0x00000006   Code   RO         4512    .ARM.Collect$$_printf_percent$$0000000C  c_w.l(_printf_x.o)
    0x080001f6   0x080001f6   0x00000004   Code   RO         4657    .ARM.Collect$$_printf_percent$$00000017  c_w.l(_printf_percent_end.o)
    0x080001fa   0x080001fa   0x00000002   Code   RO         4830    .ARM.Collect$$libinit$$00000000  c_w.l(libinit.o)
    0x080001fc   0x080001fc   0x00000000   Code   RO         4832    .ARM.Collect$$libinit$$00000002  c_w.l(libinit2.o)
    0x080001fc   0x080001fc   0x00000000   Code   RO         4834    .ARM.Collect$$libinit$$00000004  c_w.l(libinit2.o)
    0x080001fc   0x080001fc   0x00000000   Code   RO         4837    .ARM.Collect$$libinit$$0000000A  c_w.l(libinit2.o)
    0x080001fc   0x080001fc   0x00000000   Code   RO         4839    .ARM.Collect$$libinit$$0000000C  c_w.l(libinit2.o)
    0x080001fc   0x080001fc   0x00000000   Code   RO         4841    .ARM.Collect$$libinit$$0000000E  c_w.l(libinit2.o)
    0x080001fc   0x080001fc   0x00000006   Code   RO         4842    .ARM.Collect$$libinit$$0000000F  c_w.l(libinit2.o)
    0x08000202   0x08000202   0x00000000   Code   RO         4844    .ARM.Collect$$libinit$$00000011  c_w.l(libinit2.o)
    0x08000202   0x08000202   0x00000000   Code   RO         4846    .ARM.Collect$$libinit$$00000013  c_w.l(libinit2.o)
    0x08000202   0x08000202   0x00000000   Code   RO         4848    .ARM.Collect$$libinit$$00000015  c_w.l(libinit2.o)
    0x08000202   0x08000202   0x0000000a   Code   RO         4849    .ARM.Collect$$libinit$$00000016  c_w.l(libinit2.o)
    0x0800020c   0x0800020c   0x00000000   Code   RO         4850    .ARM.Collect$$libinit$$00000017  c_w.l(libinit2.o)
    0x0800020c   0x0800020c   0x00000000   Code   RO         4852    .ARM.Collect$$libinit$$00000019  c_w.l(libinit2.o)
    0x0800020c   0x0800020c   0x00000000   Code   RO         4854    .ARM.Collect$$libinit$$0000001B  c_w.l(libinit2.o)
    0x0800020c   0x0800020c   0x00000000   Code   RO         4856    .ARM.Collect$$libinit$$0000001D  c_w.l(libinit2.o)
    0x0800020c   0x0800020c   0x00000000   Code   RO         4858    .ARM.Collect$$libinit$$0000001F  c_w.l(libinit2.o)
    0x0800020c   0x0800020c   0x00000000   Code   RO         4860    .ARM.Collect$$libinit$$00000021  c_w.l(libinit2.o)
    0x0800020c   0x0800020c   0x00000000   Code   RO         4862    .ARM.Collect$$libinit$$00000023  c_w.l(libinit2.o)
    0x0800020c   0x0800020c   0x00000000   Code   RO         4864    .ARM.Collect$$libinit$$00000025  c_w.l(libinit2.o)
    0x0800020c   0x0800020c   0x00000000   Code   RO         4868    .ARM.Collect$$libinit$$0000002C  c_w.l(libinit2.o)
    0x0800020c   0x0800020c   0x00000000   Code   RO         4870    .ARM.Collect$$libinit$$0000002E  c_w.l(libinit2.o)
    0x0800020c   0x0800020c   0x00000000   Code   RO         4872    .ARM.Collect$$libinit$$00000030  c_w.l(libinit2.o)
    0x0800020c   0x0800020c   0x00000000   Code   RO         4874    .ARM.Collect$$libinit$$00000032  c_w.l(libinit2.o)
    0x0800020c   0x0800020c   0x00000002   Code   RO         4875    .ARM.Collect$$libinit$$00000033  c_w.l(libinit2.o)
    0x0800020e   0x0800020e   0x00000002   Code   RO         4923    .ARM.Collect$$libshutdown$$00000000  c_w.l(libshutdown.o)
    0x08000210   0x08000210   0x00000000   Code   RO         4932    .ARM.Collect$$libshutdown$$00000002  c_w.l(libshutdown2.o)
    0x08000210   0x08000210   0x00000000   Code   RO         4934    .ARM.Collect$$libshutdown$$00000004  c_w.l(libshutdown2.o)
    0x08000210   0x08000210   0x00000000   Code   RO         4936    .ARM.Collect$$libshutdown$$00000006  c_w.l(libshutdown2.o)
    0x08000210   0x08000210   0x00000000   Code   RO         4939    .ARM.Collect$$libshutdown$$00000009  c_w.l(libshutdown2.o)
    0x08000210   0x08000210   0x00000000   Code   RO         4942    .ARM.Collect$$libshutdown$$0000000C  c_w.l(libshutdown2.o)
    0x08000210   0x08000210   0x00000000   Code   RO         4944    .ARM.Collect$$libshutdown$$0000000E  c_w.l(libshutdown2.o)
    0x08000210   0x08000210   0x00000000   Code   RO         4947    .ARM.Collect$$libshutdown$$00000011  c_w.l(libshutdown2.o)
    0x08000210   0x08000210   0x00000002   Code   RO         4948    .ARM.Collect$$libshutdown$$00000012  c_w.l(libshutdown2.o)
    0x08000212   0x08000212   0x00000000   Code   RO         4646    .ARM.Collect$$rtentry$$00000000  c_w.l(__rtentry.o)
    0x08000212   0x08000212   0x00000000   Code   RO         4738    .ARM.Collect$$rtentry$$00000002  c_w.l(__rtentry2.o)
    0x08000212   0x08000212   0x00000006   Code   RO         4750    .ARM.Collect$$rtentry$$00000004  c_w.l(__rtentry4.o)
    0x08000218   0x08000218   0x00000000   Code   RO         4740    .ARM.Collect$$rtentry$$00000009  c_w.l(__rtentry2.o)
    0x08000218   0x08000218   0x00000004   Code   RO         4741    .ARM.Collect$$rtentry$$0000000A  c_w.l(__rtentry2.o)
    0x0800021c   0x0800021c   0x00000000   Code   RO         4743    .ARM.Collect$$rtentry$$0000000C  c_w.l(__rtentry2.o)
    0x0800021c   0x0800021c   0x00000008   Code   RO         4744    .ARM.Collect$$rtentry$$0000000D  c_w.l(__rtentry2.o)
    0x08000224   0x08000224   0x00000002   Code   RO         4880    .ARM.Collect$$rtexit$$00000000  c_w.l(rtexit.o)
    0x08000226   0x08000226   0x00000000   Code   RO         4893    .ARM.Collect$$rtexit$$00000002  c_w.l(rtexit2.o)
    0x08000226   0x08000226   0x00000004   Code   RO         4894    .ARM.Collect$$rtexit$$00000003  c_w.l(rtexit2.o)
    0x0800022a   0x0800022a   0x00000006   Code   RO         4895    .ARM.Collect$$rtexit$$00000004  c_w.l(rtexit2.o)
    0x08000230   0x08000230   0x00000040   Code   RO          433  * .text               startup_stm32f10x_hd.o
    0x08000270   0x08000270   0x00000002   Code   RO         4457    .text               c_w.l(use_no_semi_2.o)
    0x08000272   0x08000272   0x00000002   PAD
    0x08000274   0x08000274   0x00000018   Code   RO         4463    .text               c_w.l(noretval__2printf.o)
    0x0800028c   0x0800028c   0x00000078   Code   RO         4469    .text               c_w.l(_printf_dec.o)
    0x08000304   0x08000304   0x00000058   Code   RO         4474    .text               c_w.l(_printf_hex_int.o)
    0x0800035c   0x0800035c   0x00000138   Code   RO         4504    .text               c_w.l(__printf_flags_wp.o)
    0x08000494   0x08000494   0x0000003e   Code   RO         4518    .text               c_w.l(strlen.o)
    0x080004d2   0x080004d2   0x0000008a   Code   RO         4520    .text               c_w.l(rt_memcpy_v6.o)
    0x0800055c   0x0800055c   0x00000044   Code   RO         4524    .text               c_w.l(rt_memclr.o)
    0x080005a0   0x080005a0   0x0000004e   Code   RO         4526    .text               c_w.l(rt_memclr_w.o)
    0x080005ee   0x080005ee   0x00000006   Code   RO         4528    .text               c_w.l(heapauxi.o)
    0x080005f4   0x080005f4   0x00000002   Code   RO         4644    .text               c_w.l(use_no_semi.o)
    0x080005f6   0x080005f6   0x00000016   Code   RO         4649    .text               c_w.l(_rserrno.o)
    0x0800060c   0x0800060c   0x000000b2   Code   RO         4651    .text               c_w.l(_printf_intcommon.o)
    0x080006be   0x080006be   0x0000041e   Code   RO         4653    .text               c_w.l(_printf_fp_dec.o)
    0x08000adc   0x08000adc   0x00000024   Code   RO         4655    .text               c_w.l(_printf_char_file.o)
    0x08000b00   0x08000b00   0x00000064   Code   RO         4658    .text               c_w.l(rt_memcpy_w.o)
    0x08000b64   0x08000b64   0x00000008   Code   RO         4759    .text               c_w.l(rt_locale_intlibspace.o)
    0x08000b6c   0x08000b6c   0x00000008   Code   RO         4764    .text               c_w.l(rt_errno_addr_intlibspace.o)
    0x08000b74   0x08000b74   0x0000008a   Code   RO         4766    .text               c_w.l(lludiv10.o)
    0x08000bfe   0x08000bfe   0x00000002   PAD
    0x08000c00   0x08000c00   0x00000030   Code   RO         4768    .text               c_w.l(_printf_char_common.o)
    0x08000c30   0x08000c30   0x00000080   Code   RO         4770    .text               c_w.l(_printf_fp_infnan.o)
    0x08000cb0   0x08000cb0   0x000000e4   Code   RO         4772    .text               c_w.l(bigflt0.o)
    0x08000d94   0x08000d94   0x00000008   Code   RO         4797    .text               c_w.l(ferror.o)
    0x08000d9c   0x08000d9c   0x00000008   Code   RO         4812    .text               c_w.l(libspace.o)
    0x08000da4   0x08000da4   0x0000004a   Code   RO         4815    .text               c_w.l(sys_stackheap_outer.o)
    0x08000dee   0x08000dee   0x00000012   Code   RO         4821    .text               c_w.l(exit.o)
    0x08000e00   0x08000e00   0x00000080   Code   RO         4823    .text               c_w.l(strcmpv7m.o)
    0x08000e80   0x08000e80   0x0000003e   Code   RO         4775    CL$$btod_d2e        c_w.l(btod.o)
    0x08000ebe   0x08000ebe   0x00000046   Code   RO         4777    CL$$btod_d2e_denorm_low  c_w.l(btod.o)
    0x08000f04   0x08000f04   0x00000060   Code   RO         4776    CL$$btod_d2e_norm_op1  c_w.l(btod.o)
    0x08000f64   0x08000f64   0x00000338   Code   RO         4785    CL$$btod_div_common  c_w.l(btod.o)
    0x0800129c   0x0800129c   0x000000dc   Code   RO         4782    CL$$btod_e2e        c_w.l(btod.o)
    0x08001378   0x08001378   0x0000002a   Code   RO         4779    CL$$btod_ediv       c_w.l(btod.o)
    0x080013a2   0x080013a2   0x0000002a   Code   RO         4778    CL$$btod_emul       c_w.l(btod.o)
    0x080013cc   0x080013cc   0x00000244   Code   RO         4784    CL$$btod_mult_common  c_w.l(btod.o)
    0x08001610   0x08001610   0x00000016   Code   RO         1167    i.ADC_Cmd           stm32f10x_adc.o
    0x08001626   0x08001626   0x00000002   PAD
    0x08001628   0x08001628   0x0000005c   Code   RO         1169    i.ADC_DeInit        stm32f10x_adc.o
    0x08001684   0x08001684   0x00000014   Code   RO         1175    i.ADC_GetCalibrationStatus  stm32f10x_adc.o
    0x08001698   0x08001698   0x00000008   Code   RO         1176    i.ADC_GetConversionValue  stm32f10x_adc.o
    0x080016a0   0x080016a0   0x00000012   Code   RO         1178    i.ADC_GetFlagStatus  stm32f10x_adc.o
    0x080016b2   0x080016b2   0x00000014   Code   RO         1181    i.ADC_GetResetCalibrationStatus  stm32f10x_adc.o
    0x080016c6   0x080016c6   0x00000002   PAD
    0x080016c8   0x080016c8   0x00000050   Code   RO         1185    i.ADC_Init          stm32f10x_adc.o
    0x08001718   0x08001718   0x000000b8   Code   RO         1189    i.ADC_RegularChannelConfig  stm32f10x_adc.o
    0x080017d0   0x080017d0   0x0000000a   Code   RO         1190    i.ADC_ResetCalibration  stm32f10x_adc.o
    0x080017da   0x080017da   0x00000016   Code   RO         1192    i.ADC_SoftwareStartConvCmd  stm32f10x_adc.o
    0x080017f0   0x080017f0   0x0000000a   Code   RO         1194    i.ADC_StartCalibration  stm32f10x_adc.o
    0x080017fa   0x080017fa   0x00000002   PAD
    0x080017fc   0x080017fc   0x00000024   Code   RO         1196    i.ADC_TempSensorVrefintCmd  stm32f10x_adc.o
    0x08001820   0x08001820   0x00000054   Code   RO         2784    i.ALL_GPIO_AN       sleep.o
    0x08001874   0x08001874   0x00000010   Code   RO         2651    i.Adc_ShutDown      hal_adc.o
    0x08001884   0x08001884   0x00000094   Code   RO         2652    i.Adc_init          hal_adc.o
    0x08001918   0x08001918   0x00000010   Code   RO         2689    i.ApplicationTimer_Stop  hal_timer.o
    0x08001928   0x08001928   0x00000004   Code   RO          232    i.BusFault_Handler  stm32f10x_it.o
    0x0800192c   0x0800192c   0x00000094   Code   RO            1    i.Charge_Task       main.o
    0x080019c0   0x080019c0   0x00000002   Code   RO          233    i.DebugMon_Handler  stm32f10x_it.o
    0x080019c2   0x080019c2   0x00000002   PAD
    0x080019c4   0x080019c4   0x00000014   Code   RO         3164    i.Disable_Charge_Interrupt  powermanage.o
    0x080019d8   0x080019d8   0x00000014   Code   RO         3714    i.Disable_MPU_Interrupt  hal_mpu.o
    0x080019ec   0x080019ec   0x00000060   Code   RO            2    i.DormancyState_Judge  main.o
    0x08001a4c   0x08001a4c   0x0000000a   Code   RO         2785    i.EXTI0_IRQHandler  sleep.o
    0x08001a56   0x08001a56   0x00000028   Code   RO         3165    i.EXTI15_10_IRQHandler  powermanage.o
    0x08001a7e   0x08001a7e   0x00000002   PAD
    0x08001a80   0x08001a80   0x00000020   Code   RO         3715    i.EXTI9_5_IRQHandler  hal_mpu.o
    0x08001aa0   0x08001aa0   0x0000000c   Code   RO         1384    i.EXTI_ClearITPendingBit  stm32f10x_exti.o
    0x08001aac   0x08001aac   0x00000028   Code   RO         1388    i.EXTI_GetITStatus  stm32f10x_exti.o
    0x08001ad4   0x08001ad4   0x00000094   Code   RO         1389    i.EXTI_Init         stm32f10x_exti.o
    0x08001b68   0x08001b68   0x00000014   Code   RO         3166    i.Enable_Charge_Interrupt  powermanage.o
    0x08001b7c   0x08001b7c   0x00000014   Code   RO         3716    i.Enable_MPU_Interrupt  hal_mpu.o
    0x08001b90   0x08001b90   0x00000022   Code   RO         2786    i.Enter_LowPowerStop  sleep.o
    0x08001bb2   0x08001bb2   0x00000002   PAD
    0x08001bb4   0x08001bb4   0x00000084   Code   RO         2788    i.Enter_Standby     sleep.o
    0x08001c38   0x08001c38   0x00000020   Code   RO         2789    i.Enter_Stop        sleep.o
    0x08001c58   0x08001c58   0x0000000c   Code   RO         2249    i.FLASH_ClearFlag   stm32f10x_flash.o
    0x08001c64   0x08001c64   0x0000004c   Code   RO         2254    i.FLASH_ErasePage   stm32f10x_flash.o
    0x08001cb0   0x08001cb0   0x00000034   Code   RO         2255    i.FLASH_GetBank1Status  stm32f10x_flash.o
    0x08001ce4   0x08001ce4   0x00000014   Code   RO         2265    i.FLASH_LockBank1   stm32f10x_flash.o
    0x08001cf8   0x08001cf8   0x0000006c   Code   RO         2269    i.FLASH_ProgramWord  stm32f10x_flash.o
    0x08001d64   0x08001d64   0x00000018   Code   RO         2273    i.FLASH_UnlockBank1  stm32f10x_flash.o
    0x08001d7c   0x08001d7c   0x00000026   Code   RO         2276    i.FLASH_WaitForLastOperation  stm32f10x_flash.o
    0x08001da2   0x08001da2   0x00000014   Code   RO         3475    i.Func_MPU_Get_Accelerometer  mpu.o
    0x08001db6   0x08001db6   0x00000014   Code   RO         3476    i.Func_MPU_Get_Gyroscope  mpu.o
    0x08001dca   0x08001dca   0x00000008   Code   RO         3477    i.Func_MPU_Get_Temperature  mpu.o
    0x08001dd2   0x08001dd2   0x00000002   PAD
    0x08001dd4   0x08001dd4   0x000000a4   Code   RO         3478    i.Func_MPU_Init     mpu.o
    0x08001e78   0x08001e78   0x0000000c   Code   RO         3479    i.Func_MPU_Is_NewData  mpu.o
    0x08001e84   0x08001e84   0x00000014   Code   RO         3480    i.Func_MPU_LpMotionInterrupt  mpu.o
    0x08001e98   0x08001e98   0x00000024   Code   RO         3481    i.Func_MPU_read_fifo  mpu.o
    0x08001ebc   0x08001ebc   0x00000014   Code   RO         3108    i.Func_adapterInit  func_init.o
    0x08001ed0   0x08001ed0   0x00000040   Code   RO          502    i.GPIO_EXTILineConfig  stm32f10x_gpio.o
    0x08001f10   0x08001f10   0x00000116   Code   RO          505    i.GPIO_Init         stm32f10x_gpio.o
    0x08002026   0x08002026   0x00000002   PAD
    0x08002028   0x08002028   0x00000090   Code   RO          507    i.GPIO_PinRemapConfig  stm32f10x_gpio.o
    0x080020b8   0x080020b8   0x00000012   Code   RO          509    i.GPIO_ReadInputDataBit  stm32f10x_gpio.o
    0x080020ca   0x080020ca   0x00000012   Code   RO          511    i.GPIO_ReadOutputDataBit  stm32f10x_gpio.o
    0x080020dc   0x080020dc   0x00000004   Code   RO          512    i.GPIO_ResetBits    stm32f10x_gpio.o
    0x080020e0   0x080020e0   0x00000004   Code   RO          513    i.GPIO_SetBits      stm32f10x_gpio.o
    0x080020e4   0x080020e4   0x00000008   Code   RO         3109    i.GetFuncAdapter    func_init.o
    0x080020ec   0x080020ec   0x00000008   Code   RO         3482    i.GetFuncAdapter_MPU  mpu.o
    0x080020f4   0x080020f4   0x00000008   Code   RO         2549    i.GetHalAdapter_IIC  hal_iic.o
    0x080020fc   0x080020fc   0x00000008   Code   RO         3717    i.GetHalAdapter_MPU  hal_mpu.o
    0x08002104   0x08002104   0x00000008   Code   RO         2790    i.GetHalAdapter_OptMode  sleep.o
    0x0800210c   0x0800210c   0x0000009c   Code   RO         2993    i.GetVerison        protocol.o
    0x080021a8   0x080021a8   0x00000034   Code   RO         2653    i.Get_Adc           hal_adc.o
    0x080021dc   0x080021dc   0x0000002e   Code   RO         2654    i.Get_Adc_Average   hal_adc.o
    0x0800220a   0x0800220a   0x00000002   PAD
    0x0800220c   0x0800220c   0x00000014   Code   RO         3167    i.Get_ChargePinStatus  powermanage.o
    0x08002220   0x08002220   0x00000014   Code   RO         3168    i.Get_FullBatteryPin_InCharge  powermanage.o
    0x08002234   0x08002234   0x00000010   Code   RO         3718    i.Get_MPU_Interrupt  hal_mpu.o
    0x08002244   0x08002244   0x00000138   Code   RO         3169    i.Get_battery_power  powermanage.o
    0x0800237c   0x0800237c   0x0000001c   Code   RO         2550    i.HAL_adapterInit_IIC  hal_iic.o
    0x08002398   0x08002398   0x0000001c   Code   RO         3719    i.HAL_adapterInit_MPU  hal_mpu.o
    0x080023b4   0x080023b4   0x00000014   Code   RO         2791    i.HAL_adapterInit_OptMode  sleep.o
    0x080023c8   0x080023c8   0x00000004   Code   RO          234    i.HardFault_Handler  stm32f10x_it.o
    0x080023cc   0x080023cc   0x0000004c   Code   RO         2551    i.IIC_Ack           hal_iic.o
    0x08002418   0x08002418   0x00000010   Code   RO         2552    i.IIC_Delay         hal_iic.o
    0x08002428   0x08002428   0x00000034   Code   RO         2553    i.IIC_Init          hal_iic.o
    0x0800245c   0x0800245c   0x0000004c   Code   RO         2554    i.IIC_NAck          hal_iic.o
    0x080024a8   0x080024a8   0x0000006c   Code   RO         2555    i.IIC_Read_Byte     hal_iic.o
    0x08002514   0x08002514   0x0000005c   Code   RO         2556    i.IIC_Send_Byte     hal_iic.o
    0x08002570   0x08002570   0x00000048   Code   RO         2557    i.IIC_Start         hal_iic.o
    0x080025b8   0x080025b8   0x00000048   Code   RO         2558    i.IIC_Stop          hal_iic.o
    0x08002600   0x08002600   0x00000064   Code   RO         2559    i.IIC_Wait_Ack      hal_iic.o
    0x08002664   0x08002664   0x00000088   Code   RO            3    i.LED_Task          main.o
    0x080026ec   0x080026ec   0x0000002c   Code   RO         2882    i.Led_Init          rgb_led.o
    0x08002718   0x08002718   0x00000002   Code   RO         2883    i.Led_Management    rgb_led.o
    0x0800271a   0x0800271a   0x00000002   PAD
    0x0800271c   0x0800271c   0x00000048   Code   RO         2884    i.Led_ShutDown      rgb_led.o
    0x08002764   0x08002764   0x0000000c   Code   RO         3554    i.MPU_Delay_Ms      mpuiic.o
    0x08002770   0x08002770   0x00000050   Code   RO         4088    i.MPU_Get_Accelerometer  mpu_6050.o
    0x080027c0   0x080027c0   0x00000050   Code   RO         4089    i.MPU_Get_Gyroscope  mpu_6050.o
    0x08002810   0x08002810   0x0000000c   Code   RO         3556    i.MPU_Get_Ms        mpuiic.o
    0x0800281c   0x0800281c   0x00000054   Code   RO         4090    i.MPU_Get_Temperature  mpu_6050.o
    0x08002870   0x08002870   0x00000010   Code   RO         3558    i.MPU_IIC_Init      mpuiic.o
    0x08002880   0x08002880   0x00000014   Code   RO         3560    i.MPU_IIC_Read_Byte  mpuiic.o
    0x08002894   0x08002894   0x00000014   Code   RO         3561    i.MPU_IIC_Send_Byte  mpuiic.o
    0x080028a8   0x080028a8   0x00000010   Code   RO         3562    i.MPU_IIC_Start     mpuiic.o
    0x080028b8   0x080028b8   0x00000010   Code   RO         3563    i.MPU_IIC_Stop      mpuiic.o
    0x080028c8   0x080028c8   0x00000010   Code   RO         3564    i.MPU_IIC_Wait_Ack  mpuiic.o
    0x080028d8   0x080028d8   0x00000070   Code   RO         3720    i.MPU_Init          hal_mpu.o
    0x08002948   0x08002948   0x0000003a   Code   RO         4092    i.MPU_Read_Byte     mpu_6050.o
    0x08002982   0x08002982   0x00000074   Code   RO         4093    i.MPU_Read_Len      mpu_6050.o
    0x080029f6   0x080029f6   0x00000060   Code   RO         4099    i.MPU_Write_Len     mpu_6050.o
    0x08002a56   0x08002a56   0x00000004   Code   RO          235    i.MemManage_Handler  stm32f10x_it.o
    0x08002a5a   0x08002a5a   0x00000002   PAD
    0x08002a5c   0x08002a5c   0x00000038   Code   RO         2760    i.Message_count_CRC_2  crc.o
    0x08002a94   0x08002a94   0x00000002   Code   RO          236    i.NMI_Handler       stm32f10x_it.o
    0x08002a96   0x08002a96   0x00000002   PAD
    0x08002a98   0x08002a98   0x00000070   Code   RO          437    i.NVIC_Init         misc.o
    0x08002b08   0x08002b08   0x00000014   Code   RO          438    i.NVIC_PriorityGroupConfig  misc.o
    0x08002b1c   0x08002b1c   0x00000024   Code   RO         2792    i.NVIC_SystemReset  sleep.o
    0x08002b40   0x08002b40   0x00000034   Code   RO         1440    i.PWR_EnterSTANDBYMode  stm32f10x_pwr.o
    0x08002b74   0x08002b74   0x00000040   Code   RO         1441    i.PWR_EnterSTOPMode  stm32f10x_pwr.o
    0x08002bb4   0x08002bb4   0x0000000c   Code   RO         1445    i.PWR_WakeUpPinCmd  stm32f10x_pwr.o
    0x08002bc0   0x08002bc0   0x00000002   Code   RO          237    i.PendSV_Handler    stm32f10x_it.o
    0x08002bc2   0x08002bc2   0x00000002   PAD
    0x08002bc4   0x08002bc4   0x000000fc   Code   RO         3170    i.Power_Init        powermanage.o
    0x08002cc0   0x08002cc0   0x0000004c   Code   RO         3171    i.Power_Shut_Down   powermanage.o
    0x08002d0c   0x08002d0c   0x00000018   Code   RO          637    i.RCC_ADCCLKConfig  stm32f10x_rcc.o
    0x08002d24   0x08002d24   0x00000020   Code   RO          639    i.RCC_APB1PeriphClockCmd  stm32f10x_rcc.o
    0x08002d44   0x08002d44   0x00000020   Code   RO          640    i.RCC_APB1PeriphResetCmd  stm32f10x_rcc.o
    0x08002d64   0x08002d64   0x00000020   Code   RO          641    i.RCC_APB2PeriphClockCmd  stm32f10x_rcc.o
    0x08002d84   0x08002d84   0x00000020   Code   RO          642    i.RCC_APB2PeriphResetCmd  stm32f10x_rcc.o
    0x08002da4   0x08002da4   0x000000d4   Code   RO          649    i.RCC_GetClocksFreq  stm32f10x_rcc.o
    0x08002e78   0x08002e78   0x0000001c   Code   RO         2995    i.RF433_SendData    protocol.o
    0x08002e94   0x08002e94   0x00000020   Code   RO         3445    i.ReadFlashNBtye    hal_flash.o
    0x08002eb4   0x08002eb4   0x00000006   Code   RO         2793    i.Restart           sleep.o
    0x08002eba   0x08002eba   0x00000002   PAD
    0x08002ebc   0x08002ebc   0x00000044   Code   RO         2794    i.Restore_Default_Settings  sleep.o
    0x08002f00   0x08002f00   0x00000058   Code   RO         3221    i.SI4438Init        drv_si4438.o
    0x08002f58   0x08002f58   0x0000001c   Code   RO         3222    i.SI446x_Change_Status  drv_si4438.o
    0x08002f74   0x08002f74   0x000000a8   Code   RO         3224    i.SI446x_Config_Init  drv_si4438.o
    0x0800301c   0x0800301c   0x00000026   Code   RO         3225    i.SI446x_Get_Device_Status  drv_si4438.o
    0x08003042   0x08003042   0x00000002   PAD
    0x08003044   0x08003044   0x00000048   Code   RO         3232    i.SI446x_Gpio_Init  drv_si4438.o
    0x0800308c   0x0800308c   0x00000014   Code   RO         3233    i.SI446x_Init       drv_si4438.o
    0x080030a0   0x080030a0   0x0000002e   Code   RO         3234    i.SI446x_Interrupt_Status  drv_si4438.o
    0x080030ce   0x080030ce   0x0000003e   Code   RO         3236    i.SI446x_Power_Up   drv_si4438.o
    0x0800310c   0x0800310c   0x00000054   Code   RO         3237    i.SI446x_Read_Packet  drv_si4438.o
    0x08003160   0x08003160   0x00000044   Code   RO         3238    i.SI446x_Read_Response  drv_si4438.o
    0x080031a4   0x080031a4   0x00000038   Code   RO         3239    i.SI446x_Reset      drv_si4438.o
    0x080031dc   0x080031dc   0x0000001c   Code   RO         3240    i.SI446x_Reset_RxFifo  drv_si4438.o
    0x080031f8   0x080031f8   0x0000001c   Code   RO         3241    i.SI446x_Reset_TxFifo  drv_si4438.o
    0x08003214   0x08003214   0x00000060   Code   RO         3242    i.SI446x_Send_Packet  drv_si4438.o
    0x08003274   0x08003274   0x00000010   Code   RO         3243    i.SI446x_Set_Data_Rate  drv_si4438.o
    0x08003284   0x08003284   0x00000010   Code   RO         3244    i.SI446x_Set_Power  drv_si4438.o
    0x08003294   0x08003294   0x00000032   Code   RO         3246    i.SI446x_Set_Property_1  drv_si4438.o
    0x080032c6   0x080032c6   0x00000040   Code   RO         3248    i.SI446x_Set_Property_3  drv_si4438.o
    0x08003306   0x08003306   0x00000052   Code   RO         3249    i.SI446x_Start_Rx   drv_si4438.o
    0x08003358   0x08003358   0x0000003e   Code   RO         3250    i.SI446x_Start_Tx   drv_si4438.o
    0x08003396   0x08003396   0x00000002   PAD
    0x08003398   0x08003398   0x0000004c   Code   RO         3251    i.SI446x_Wait_Cts   drv_si4438.o
    0x080033e4   0x080033e4   0x0000003c   Code   RO         3252    i.SI446x_Write_Cmds  drv_si4438.o
    0x08003420   0x08003420   0x00000034   Code   RO         3254    i.SI44xx_Power_Init  drv_si4438.o
    0x08003454   0x08003454   0x00000018   Code   RO         1022    i.SPI_Cmd           stm32f10x_spi.o
    0x0800346c   0x0800346c   0x00000058   Code   RO         1029    i.SPI_I2S_DeInit    stm32f10x_spi.o
    0x080034c4   0x080034c4   0x00000012   Code   RO         1030    i.SPI_I2S_GetFlagStatus  stm32f10x_spi.o
    0x080034d6   0x080034d6   0x0000003c   Code   RO         1035    i.SPI_Init          stm32f10x_spi.o
    0x08003512   0x08003512   0x00000002   Code   RO          238    i.SVC_Handler       stm32f10x_it.o
    0x08003514   0x08003514   0x00000008   Code   RO         2997    i.SendProtocolGetObj  protocol.o
    0x0800351c   0x0800351c   0x00000008   Code   RO          385    i.SetSysClock       system_stm32f10x.o
    0x08003524   0x08003524   0x000000e0   Code   RO          386    i.SetSysClockTo72   system_stm32f10x.o
    0x08003604   0x08003604   0x0000020c   Code   RO         2998    i.Si4438_Rcecv_Buff  protocol.o
    0x08003810   0x08003810   0x00000028   Code   RO          441    i.SysTick_CLKSourceConfig  misc.o
    0x08003838   0x08003838   0x00000008   Code   RO          239    i.SysTick_Handler   stm32f10x_it.o
    0x08003840   0x08003840   0x00000060   Code   RO          388    i.SystemInit        system_stm32f10x.o
    0x080038a0   0x080038a0   0x00000022   Code   RO         2690    i.TIM2_IRQHandler   hal_timer.o
    0x080038c2   0x080038c2   0x0000005c   Code   RO         2691    i.TIM2_Int_Init     hal_timer.o
    0x0800391e   0x0800391e   0x00000002   PAD
    0x08003920   0x08003920   0x00000038   Code   RO         2692    i.TIM3_IRQHandler   hal_timer.o
    0x08003958   0x08003958   0x00000060   Code   RO         2693    i.TIM3_Int_Init     hal_timer.o
    0x080039b8   0x080039b8   0x0000001c   Code   RO         2694    i.TIM4_IRQHandler   hal_timer.o
    0x080039d4   0x080039d4   0x00000060   Code   RO         2695    i.TIM4_Int_Init     hal_timer.o
    0x08003a34   0x08003a34   0x00000006   Code   RO         1508    i.TIM_ClearITPendingBit  stm32f10x_tim.o
    0x08003a3a   0x08003a3a   0x00000018   Code   RO         1513    i.TIM_Cmd           stm32f10x_tim.o
    0x08003a52   0x08003a52   0x00000002   PAD
    0x08003a54   0x08003a54   0x000001e8   Code   RO         1518    i.TIM_DeInit        stm32f10x_tim.o
    0x08003c3c   0x08003c3c   0x00000022   Code   RO         1534    i.TIM_GetITStatus   stm32f10x_tim.o
    0x08003c5e   0x08003c5e   0x00000012   Code   RO         1538    i.TIM_ITConfig      stm32f10x_tim.o
    0x08003c70   0x08003c70   0x000000a4   Code   RO         1584    i.TIM_TimeBaseInit  stm32f10x_tim.o
    0x08003d14   0x08003d14   0x00000038   Code   RO         3000    i.ThisFmtCrc16      protocol.o
    0x08003d4c   0x08003d4c   0x0000002c   Code   RO         3001    i.ThisFmtCrc8       protocol.o
    0x08003d78   0x08003d78   0x0000001c   Code   RO         3002    i.ThisFmtHead       protocol.o
    0x08003d94   0x08003d94   0x0000002c   Code   RO         3003    i.ThisFmtHex        protocol.o
    0x08003dc0   0x08003dc0   0x00000038   Code   RO         3004    i.ThisFmtStr        protocol.o
    0x08003df8   0x08003df8   0x00000024   Code   RO         3005    i.ThisFmtU16        protocol.o
    0x08003e1c   0x08003e1c   0x00000020   Code   RO         3006    i.ThisFmtU32        protocol.o
    0x08003e3c   0x08003e3c   0x0000001c   Code   RO         3007    i.ThisFmtU8         protocol.o
    0x08003e58   0x08003e58   0x0000001c   Code   RO         3008    i.ThisFmtend        protocol.o
    0x08003e74   0x08003e74   0x00000008   Code   RO         3009    i.ThisGetBuffer     protocol.o
    0x08003e7c   0x08003e7c   0x00000010   Code   RO         3010    i.ThisGetLength     protocol.o
    0x08003e8c   0x08003e8c   0x00000010   Code   RO         2425    i.TimeStamp_Increment  delay.o
    0x08003e9c   0x08003e9c   0x00000048   Code   RO         3111    i.Touch_Gpio_Init   func_init.o
    0x08003ee4   0x08003ee4   0x00000018   Code   RO          841    i.USART_Cmd         stm32f10x_usart.o
    0x08003efc   0x08003efc   0x0000009c   Code   RO          843    i.USART_DeInit      stm32f10x_usart.o
    0x08003f98   0x08003f98   0x000000d8   Code   RO          848    i.USART_Init        stm32f10x_usart.o
    0x08004070   0x08004070   0x000000a0   Code   RO            4    i.UpdateBatteryQuantity  main.o
    0x08004110   0x08004110   0x00000050   Code   RO            5    i.UpdateChargingInterfaceStatus  main.o
    0x08004160   0x08004160   0x00000004   Code   RO          240    i.UsageFault_Handler  stm32f10x_it.o
    0x08004164   0x08004164   0x0000002c   Code   RO         3112    i.Vibrate_Gpio_Init  func_init.o
    0x08004190   0x08004190   0x000008ba   Code   RO         4348    i.VoidGear_Algorithm_Walk  walk.o
    0x08004a4a   0x08004a4a   0x00000002   PAD
    0x08004a4c   0x08004a4c   0x0000000c   Code   RO         4349    i.VoidGear_GetSpeed  walk.o
    0x08004a58   0x08004a58   0x0000000c   Code   RO         4350    i.VoidGear_GetWalk  walk.o
    0x08004a64   0x08004a64   0x00000138   Code   RO         4351    i.VoidGear_Init     walk.o
    0x08004b9c   0x08004b9c   0x00000008   Code   RO         4352    i.WalkGetObj        walk.o
    0x08004ba4   0x08004ba4   0x0000019c   Code   RO            6    i.Walk_Task         main.o
    0x08004d40   0x08004d40   0x0000006c   Code   RO         3446    i.WriteFlashOneWord  hal_flash.o
    0x08004dac   0x08004dac   0x00000028   Code   RO         4705    i.__ARM_fpclassify  m_ws.l(fpclassify.o)
    0x08004dd4   0x08004dd4   0x00000026   Code   RO         4707    i.__ARM_fpclassifyf  m_ws.l(fpclassifyf.o)
    0x08004dfa   0x08004dfa   0x000000aa   Code   RO         4723    i.__kernel_poly     m_ws.l(poly.o)
    0x08004ea4   0x08004ea4   0x00000010   Code   RO         4691    i.__mathlib_dbl_divzero  m_ws.l(dunder.o)
    0x08004eb4   0x08004eb4   0x00000004   Code   RO         4693    i.__mathlib_dbl_infnan2  m_ws.l(dunder.o)
    0x08004eb8   0x08004eb8   0x0000000c   Code   RO         4694    i.__mathlib_dbl_invalid  m_ws.l(dunder.o)
    0x08004ec4   0x08004ec4   0x0000000e   Code   RO         4695    i.__mathlib_dbl_overflow  m_ws.l(dunder.o)
    0x08004ed2   0x08004ed2   0x00000002   PAD
    0x08004ed4   0x08004ed4   0x00000010   Code   RO         4697    i.__mathlib_dbl_underflow  m_ws.l(dunder.o)
    0x08004ee4   0x08004ee4   0x00000006   Code   RO         4710    i.__mathlib_flt_infnan  m_ws.l(funder.o)
    0x08004eea   0x08004eea   0x00000008   Code   RO         4712    i.__mathlib_flt_invalid  m_ws.l(funder.o)
    0x08004ef2   0x08004ef2   0x0000000a   Code   RO         4715    i.__mathlib_flt_underflow  m_ws.l(funder.o)
    0x08004efc   0x08004efc   0x00000168   Code   RO         4726    i.__mathlib_rredf2  m_ws.l(rredf.o)
    0x08005064   0x08005064   0x0000000e   Code   RO         4502    i._is_digit         c_w.l(__printf_wp.o)
    0x08005072   0x08005072   0x00000004   Code   RO         2502    i._sys_exit         usart.o
    0x08005076   0x08005076   0x00000018   Code   RO         3447    i.byteToUint        hal_flash.o
    0x0800508e   0x0800508e   0x00000002   PAD
    0x08005090   0x08005090   0x00000104   Code   RO         4401    i.cal_iir_coeff     filter.o
    0x08005194   0x08005194   0x00000078   Code   RO         2655    i.calculate_bat     hal_adc.o
    0x0800520c   0x0800520c   0x0000017c   Code   RO         4611    i.cosf              m_ws.l(cosf.o)
    0x08005388   0x08005388   0x00000038   Code   RO         2761    i.crc8_maxim        crc.o
    0x080053c0   0x080053c0   0x00000044   Code   RO         2426    i.delay_init        delay.o
    0x08005404   0x08005404   0x0000004c   Code   RO         2427    i.delay_ms          delay.o
    0x08005450   0x08005450   0x00000014   Code   RO         3113    i.delay_ms          func_init.o
    0x08005464   0x08005464   0x0000004c   Code   RO         2428    i.delay_us          delay.o
    0x080054b0   0x080054b0   0x00000014   Code   RO         3114    i.delay_us          func_init.o
    0x080054c4   0x080054c4   0x000000d4   Code   RO         2621    i.drv_spi_init      hal_spi.o
    0x08005598   0x08005598   0x00000060   Code   RO         2622    i.drv_spi_read_write_byte  hal_spi.o
    0x080055f8   0x080055f8   0x0000001c   Code   RO         2503    i.fputc             usart.o
    0x08005614   0x08005614   0x00000074   Code   RO         4402    i.get_iir_output    filter.o
    0x08005688   0x08005688   0x0000000c   Code   RO         2429    i.get_tick_count    delay.o
    0x08005694   0x08005694   0x00000014   Code   RO         3115    i.get_timestamp     func_init.o
    0x080056a8   0x080056a8   0x0000003a   Code   RO         4421    i.init_que          myqueue.o
    0x080056e2   0x080056e2   0x0000007e   Code   RO         4422    i.init_que_accel    myqueue.o
    0x08005760   0x08005760   0x00000048   Code   RO         4423    i.init_que_small    myqueue.o
    0x080057a8   0x080057a8   0x0000001a   Code   RO         2885    i.led_blue_state    rgb_led.o
    0x080057c2   0x080057c2   0x00000002   PAD
    0x080057c4   0x080057c4   0x00000024   Code   RO         2886    i.led_blue_turn     rgb_led.o
    0x080057e8   0x080057e8   0x000000e0   Code   RO         2887    i.led_ctrl          rgb_led.o
    0x080058c8   0x080058c8   0x0000001a   Code   RO         2888    i.led_green_state   rgb_led.o
    0x080058e2   0x080058e2   0x00000002   PAD
    0x080058e4   0x080058e4   0x00000024   Code   RO         2889    i.led_green_turn    rgb_led.o
    0x08005908   0x08005908   0x00000024   Code   RO         2890    i.led_navy_turn     rgb_led.o
    0x0800592c   0x0800592c   0x00000024   Code   RO         2891    i.led_purple_turn   rgb_led.o
    0x08005950   0x08005950   0x0000001a   Code   RO         2892    i.led_red_state     rgb_led.o
    0x0800596a   0x0800596a   0x00000002   PAD
    0x0800596c   0x0800596c   0x00000024   Code   RO         2893    i.led_red_turn      rgb_led.o
    0x08005990   0x08005990   0x00000044   Code   RO         2894    i.led_turn_state    rgb_led.o
    0x080059d4   0x080059d4   0x0000001a   Code   RO         2895    i.led_white_state   rgb_led.o
    0x080059ee   0x080059ee   0x00000002   PAD
    0x080059f0   0x080059f0   0x00000024   Code   RO         2896    i.led_white_turn    rgb_led.o
    0x08005a14   0x08005a14   0x00000024   Code   RO         2898    i.led_yellow_turn   rgb_led.o
    0x08005a38   0x08005a38   0x000001b0   Code   RO            7    i.main              main.o
    0x08005be8   0x08005be8   0x00000070   Code   RO         3770    i.mpu_configure_fifo  inv_mpu.o
    0x08005c58   0x08005c58   0x0000004c   Code   RO         3773    i.mpu_get_accel_fsr  inv_mpu.o
    0x08005ca4   0x08005ca4   0x00000010   Code   RO         3780    i.mpu_get_fifo_config  inv_mpu.o
    0x08005cb4   0x08005cb4   0x00000044   Code   RO         3781    i.mpu_get_gyro_fsr  inv_mpu.o
    0x08005cf8   0x08005cf8   0x00000050   Code   RO         3785    i.mpu_get_lpf       inv_mpu.o
    0x08005d48   0x08005d48   0x00000020   Code   RO         3787    i.mpu_get_sample_rate  inv_mpu.o
    0x08005d68   0x08005d68   0x000001f0   Code   RO         3789    i.mpu_init          inv_mpu.o
    0x08005f58   0x08005f58   0x000000e0   Code   RO         3791    i.mpu_lp_accel_mode  inv_mpu.o
    0x08006038   0x08006038   0x00000204   Code   RO         3792    i.mpu_lp_motion_interrupt  inv_mpu.o
    0x0800623c   0x0800623c   0x000001f8   Code   RO         3793    i.mpu_read_fifo     inv_mpu.o
    0x08006434   0x08006434   0x000001c8   Code   RO         3798    i.mpu_reset_fifo    inv_mpu.o
    0x080065fc   0x080065fc   0x00000084   Code   RO         3801    i.mpu_set_accel_fsr  inv_mpu.o
    0x08006680   0x08006680   0x0000014c   Code   RO         3802    i.mpu_set_bypass    inv_mpu.o
    0x080067cc   0x080067cc   0x00000090   Code   RO         3804    i.mpu_set_dmp_state  inv_mpu.o
    0x0800685c   0x0800685c   0x00000088   Code   RO         3805    i.mpu_set_gyro_fsr  inv_mpu.o
    0x080068e4   0x080068e4   0x0000006c   Code   RO         3806    i.mpu_set_int_latched  inv_mpu.o
    0x08006950   0x08006950   0x00000084   Code   RO         3808    i.mpu_set_lpf       inv_mpu.o
    0x080069d4   0x080069d4   0x0000009c   Code   RO         3809    i.mpu_set_sample_rate  inv_mpu.o
    0x08006a70   0x08006a70   0x000000d0   Code   RO         3810    i.mpu_set_sensors   inv_mpu.o
    0x08006b40   0x08006b40   0x000009d8   Code   RO         4619    i.pow               m_ws.l(pow.o)
    0x08007518   0x08007518   0x00000090   Code   RO         3813    i.set_int_enable    inv_mpu.o
    0x080075a8   0x080075a8   0x0000004c   Code   RO         4730    i.sqrt              m_ws.l(sqrt.o)
    0x080075f4   0x080075f4   0x0000002c   Code   RO         4629    i.sqrtf             m_ws.l(sqrtf.o)
    0x08007620   0x08007620   0x00000174   Code   RO         4637    i.tanf              m_ws.l(tanf.o)
    0x08007794   0x08007794   0x00000054   Code   RO         2696    i.timer_start       hal_timer.o
    0x080077e8   0x080077e8   0x00000038   Code   RO         2697    i.timer_stop        hal_timer.o
    0x08007820   0x08007820   0x00000080   Code   RO         2504    i.uart_init         usart.o
    0x080078a0   0x080078a0   0x0000002c   Code   RO         4802    locale$$code        c_w.l(lc_numeric_c.o)
    0x080078cc   0x080078cc   0x00000062   Code   RO         4532    x$fpl$d2f           fz_ws.l(d2f.o)
    0x0800792e   0x0800792e   0x00000002   PAD
    0x08007930   0x08007930   0x00000150   Code   RO         4534    x$fpl$dadd          fz_ws.l(daddsub_clz.o)
    0x08007a80   0x08007a80   0x00000010   Code   RO         4804    x$fpl$dcheck1       fz_ws.l(dcheck1.o)
    0x08007a90   0x08007a90   0x00000018   Code   RO         4660    x$fpl$dcmpinf       fz_ws.l(dcmpi.o)
    0x08007aa8   0x08007aa8   0x000002b0   Code   RO         4541    x$fpl$ddiv          fz_ws.l(ddiv.o)
    0x08007d58   0x08007d58   0x0000002e   Code   RO         4545    x$fpl$dflt          fz_ws.l(dflt_clz.o)
    0x08007d86   0x08007d86   0x00000026   Code   RO         4544    x$fpl$dfltu         fz_ws.l(dflt_clz.o)
    0x08007dac   0x08007dac   0x00000078   Code   RO         4550    x$fpl$dleqf         fz_ws.l(dleqf.o)
    0x08007e24   0x08007e24   0x00000154   Code   RO         4552    x$fpl$dmul          fz_ws.l(dmul.o)
    0x08007f78   0x08007f78   0x0000009c   Code   RO         4664    x$fpl$dnaninf       fz_ws.l(dnaninf.o)
    0x08008014   0x08008014   0x0000000c   Code   RO         4666    x$fpl$dretinf       fz_ws.l(dretinf.o)
    0x08008020   0x08008020   0x0000006c   Code   RO         4554    x$fpl$drleqf        fz_ws.l(drleqf.o)
    0x0800808c   0x0800808c   0x00000016   Code   RO         4535    x$fpl$drsb          fz_ws.l(daddsub_clz.o)
    0x080080a2   0x080080a2   0x00000002   PAD
    0x080080a4   0x080080a4   0x000001cc   Code   RO         4806    x$fpl$dsqrt         fz_ws.l(dsqrt_noumaal.o)
    0x08008270   0x08008270   0x000001d4   Code   RO         4536    x$fpl$dsub          fz_ws.l(daddsub_clz.o)
    0x08008444   0x08008444   0x00000056   Code   RO         4556    x$fpl$f2d           fz_ws.l(f2d.o)
    0x0800849a   0x0800849a   0x00000002   PAD
    0x0800849c   0x0800849c   0x000000c4   Code   RO         4558    x$fpl$fadd          fz_ws.l(faddsub_clz.o)
    0x08008560   0x08008560   0x0000000c   Code   RO         4876    x$fpl$fcheck1       fz_ws.l(fcheck1.o)
    0x0800856c   0x0800856c   0x00000018   Code   RO         4668    x$fpl$fcmpinf       fz_ws.l(fcmpi.o)
    0x08008584   0x08008584   0x00000184   Code   RO         4565    x$fpl$fdiv          fz_ws.l(fdiv.o)
    0x08008708   0x08008708   0x00000036   Code   RO         4570    x$fpl$ffix          fz_ws.l(ffix.o)
    0x0800873e   0x0800873e   0x00000002   PAD
    0x08008740   0x08008740   0x0000003e   Code   RO         4574    x$fpl$ffixu         fz_ws.l(ffixu.o)
    0x0800877e   0x0800877e   0x00000002   PAD
    0x08008780   0x08008780   0x00000030   Code   RO         4579    x$fpl$fflt          fz_ws.l(fflt_clz.o)
    0x080087b0   0x080087b0   0x00000026   Code   RO         4578    x$fpl$ffltu         fz_ws.l(fflt_clz.o)
    0x080087d6   0x080087d6   0x00000002   PAD
    0x080087d8   0x080087d8   0x00000068   Code   RO         4584    x$fpl$fleqf         fz_ws.l(fleqf.o)
    0x08008840   0x08008840   0x00000102   Code   RO         4586    x$fpl$fmul          fz_ws.l(fmul.o)
    0x08008942   0x08008942   0x0000008c   Code   RO         4670    x$fpl$fnaninf       fz_ws.l(fnaninf.o)
    0x080089ce   0x080089ce   0x0000000a   Code   RO         4672    x$fpl$fretinf       fz_ws.l(fretinf.o)
    0x080089d8   0x080089d8   0x00000062   Code   RO         4588    x$fpl$frleqf        fz_ws.l(frleqf.o)
    0x08008a3a   0x08008a3a   0x00000002   PAD
    0x08008a3c   0x08008a3c   0x00000060   Code   RO         4674    x$fpl$frnd          fz_ws.l(frnd.o)
    0x08008a9c   0x08008a9c   0x00000014   Code   RO         4559    x$fpl$frsb          fz_ws.l(faddsub_clz.o)
    0x08008ab0   0x08008ab0   0x00000110   Code   RO         4676    x$fpl$fsqrt         fz_ws.l(fsqrt.o)
    0x08008bc0   0x08008bc0   0x000000ea   Code   RO         4560    x$fpl$fsub          fz_ws.l(faddsub_clz.o)
    0x08008caa   0x08008caa   0x00000004   Code   RO         4590    x$fpl$printf1       fz_ws.l(printf1.o)
    0x08008cae   0x08008cae   0x00000064   Code   RO         4878    x$fpl$retnan        fz_ws.l(retnan.o)
    0x08008d12   0x08008d12   0x0000005c   Code   RO         4678    x$fpl$scalbn        fz_ws.l(scalbn.o)
    0x08008d6e   0x08008d6e   0x0000004c   Code   RO         4810    x$fpl$scalbnf       fz_ws.l(scalbnf.o)
    0x08008dba   0x08008dba   0x00000030   Code   RO         4890    x$fpl$trapveneer    fz_ws.l(trapv.o)
    0x08008dea   0x08008dea   0x00000000   Code   RO         4680    x$fpl$usenofp       fz_ws.l(usenofp.o)
    0x08008dea   0x08008dea   0x00000200   Data   RO         2762    .constdata          crc.o
    0x08008fea   0x08008fea   0x000003c1   Data   RO         3255    .constdata          drv_si4438.o
    0x080093ab   0x080093ab   0x00000001   PAD
    0x080093ac   0x080093ac   0x00000050   Data   RO         3815    .constdata          inv_mpu.o
    0x080093fc   0x080093fc   0x00000028   Data   RO         4475    .constdata          c_w.l(_printf_hex_int.o)
    0x08009424   0x08009424   0x00000011   Data   RO         4505    .constdata          c_w.l(__printf_flags_wp.o)
    0x08009435   0x08009435   0x00000003   PAD
    0x08009438   0x08009438   0x00000088   Data   RO         4620    .constdata          m_ws.l(pow.o)
    0x080094c0   0x080094c0   0x00000008   Data   RO         4725    .constdata          m_ws.l(qnan.o)
    0x080094c8   0x080094c8   0x00000020   Data   RO         4727    .constdata          m_ws.l(rredf.o)
    0x080094e8   0x080094e8   0x00000094   Data   RO         4773    .constdata          c_w.l(bigflt0.o)
    0x0800957c   0x0800957c   0x0000004d   Data   RO         3816    .conststring        inv_mpu.o
    0x080095c9   0x080095c9   0x00000003   PAD
    0x080095cc   0x080095cc   0x00000020   Data   RO         4963    Region$$Table       anon$$obj.o
    0x080095ec   0x080095ec   0x0000001c   Data   RO         4801    locale$$data        c_w.l(lc_numeric_c.o)


    Execution Region ER_RW (Exec base: 0x20000000, Load base: 0x08009608, Size: 0x00000240, Max: 0xffffffff, ABSOLUTE, COMPRESSED[0x0000013c])

    Exec Addr    Load Addr    Size         Type   Attr      Idx    E Section Name        Object

    0x20000000   COMPRESSED   0x00000028   Data   RW            8    .data               main.o
    0x20000028   COMPRESSED   0x00000014   Data   RW          389    .data               system_stm32f10x.o
    0x2000003c   COMPRESSED   0x00000014   Data   RW          669    .data               stm32f10x_rcc.o
    0x20000050   COMPRESSED   0x0000001c   Data   RW         2430    .data               delay.o
    0x2000006c   COMPRESSED   0x00000006   Data   RW         2508    .data               usart.o
    0x20000072   COMPRESSED   0x00000002   PAD
    0x20000074   COMPRESSED   0x00000024   Data   RW         2560    .data               hal_iic.o
    0x20000098   COMPRESSED   0x0000000c   Data   RW         2698    .data               hal_timer.o
    0x200000a4   COMPRESSED   0x00000018   Data   RW         2799    .data               sleep.o
    0x200000bc   COMPRESSED   0x00000020   Data   RW         2899    .data               rgb_led.o
    0x200000dc   COMPRESSED   0x0000003c   Data   RW         3012    .data               protocol.o
    0x20000118   COMPRESSED   0x00000014   Data   RW         3116    .data               func_init.o
    0x2000012c   COMPRESSED   0x00000024   Data   RW         3172    .data               powermanage.o
    0x20000150   COMPRESSED   0x0000000c   Data   RW         3449    .data               hal_flash.o
    0x2000015c   COMPRESSED   0x0000001c   Data   RW         3483    .data               mpu.o
    0x20000178   COMPRESSED   0x00000008   Data   RW         3580    .data               mpuiic.o
    0x20000180   COMPRESSED   0x00000018   Data   RW         3721    .data               hal_mpu.o
    0x20000198   COMPRESSED   0x00000035   Data   RW         3817    .data               inv_mpu.o
    0x200001cd   COMPRESSED   0x00000003   PAD
    0x200001d0   COMPRESSED   0x00000070   Data   RW         4354    .data               walk.o


    Execution Region ER_ZI (Exec base: 0x20000240, Load base: 0x08009744, Size: 0x000022a8, Max: 0xffffffff, ABSOLUTE)

    Exec Addr    Load Addr    Size         Type   Attr      Idx    E Section Name        Object

    0x20000240        -       0x00000092   Zero   RW         3011    .bss                protocol.o
    0x200002d2        -       0x00000018   Zero   RW         3448    .bss                hal_flash.o
    0x200002ea   0x08009744   0x00000002   PAD
    0x200002ec        -       0x00001b98   Zero   RW         4353    .bss                walk.o
    0x20001e84        -       0x00000060   Zero   RW         4813    .bss                c_w.l(libspace.o)
    0x20001ee4   0x08009744   0x00000004   PAD
    0x20001ee8        -       0x00000200   Zero   RW          431    HEAP                startup_stm32f10x_hd.o
    0x200020e8        -       0x00000400   Zero   RW          430    STACK               startup_stm32f10x_hd.o


==============================================================================

Image component sizes


      Code (inc. data)   RO Data    RW Data    ZI Data      Debug   Object Name

         0          0          0          0          0         32   core_cm3.o
       112         10        512          0          0       2021   crc.o
       248         34          0         28          0       3821   delay.o
      1360         64        961          0          0      24511   drv_si4438.o
       376          8          0          0          0       2009   filter.o
       204         34          0         20          0       4475   func_init.o
       382         28          0          0          0       2980   hal_adc.o
       164         16          0         12         24       3607   hal_flash.o
       700        108          0         36          0       7297   hal_iic.o
       236         30          0         24          0       4358   hal_mpu.o
       308         14          0          0          0       1385   hal_spi.o
       558         42          0         12          0       9280   hal_timer.o
      4072        186        157         53          0      19926   inv_mpu.o
      1464        280          0         40          0     230298   main.o
       172         22          0          0          0     216933   misc.o
       288         82          0         28          0       7452   mpu.o
       514         12          0          0          0       4845   mpu_6050.o
       128         24          0          8          0       5316   mpuiic.o
       256          0          0          0          0       2089   myqueue.o
       760         90          0         36          0       5006   powermanage.o
      1092        184          0         60        146       9364   protocol.o
       766         66          0         32          0       8859   rgb_led.o
       430         50          0         24          0      21277   sleep.o
        64         26        304          0       1536        824   startup_stm32f10x_hd.o
       522         30          0          0          0       9561   stm32f10x_adc.o
       200         18          0          0          0       2240   stm32f10x_exti.o
       330         38          0          0          0       5662   stm32f10x_flash.o
       530         10          0          0          0       6001   stm32f10x_gpio.o
        32          0          0          0          0      61022   stm32f10x_it.o
       128         26          0          0          0       1738   stm32f10x_pwr.o
       364         50          0         20          0       6395   stm32f10x_rcc.o
       190         12          0          0          0       3494   stm32f10x_spi.o
       734        106          0          0          0       4571   stm32f10x_tim.o
       396         28          0          0          0       3588   stm32f10x_usart.o
       328         28          0         20          0       2257   system_stm32f10x.o
       160         12          0          6          0       3644   usart.o
      2578        254          0        112       7064      12790   walk.o

    ----------------------------------------------------------------------
     21194       2022       1970        576       8772     720928   Object Totals
         0          0         32          0          0          0   (incl. Generated)
        48          0          4          5          2          0   (incl. Padding)

    ----------------------------------------------------------------------

      Code (inc. data)   RO Data    RW Data    ZI Data      Debug   Library Member Name

        90          0          0          0          0          0   __dczerorl2.o
         8          0          0          0          0         68   __main.o
       312          4         17          0          0         92   __printf_flags_wp.o
        14          0          0          0          0         68   __printf_wp.o
         0          0          0          0          0          0   __rtentry.o
        12          0          0          0          0          0   __rtentry2.o
         6          0          0          0          0          0   __rtentry4.o
        52          8          0          0          0          0   __scatter.o
        28          0          0          0          0          0   __scatter_zi.o
        48          6          0          0          0         96   _printf_char_common.o
        36          4          0          0          0         80   _printf_char_file.o
         6          0          0          0          0          0   _printf_d.o
       120         16          0          0          0         92   _printf_dec.o
         6          0          0          0          0          0   _printf_f.o
      1054          0          0          0          0        216   _printf_fp_dec.o
       128         16          0          0          0         84   _printf_fp_infnan.o
        88          4         40          0          0         88   _printf_hex_int.o
       178          0          0          0          0         88   _printf_intcommon.o
         0          0          0          0          0          0   _printf_percent.o
         4          0          0          0          0          0   _printf_percent_end.o
         6          0          0          0          0          0   _printf_x.o
        22          0          0          0          0        100   _rserrno.o
       228          4        148          0          0         96   bigflt0.o
      1936        128          0          0          0        672   btod.o
        18          0          0          0          0         80   exit.o
         8          0          0          0          0         68   ferror.o
         6          0          0          0          0        152   heapauxi.o
        44         10         28          0          0         76   lc_numeric_c.o
         2          0          0          0          0          0   libinit.o
        18          0          0          0          0          0   libinit2.o
         2          0          0          0          0          0   libshutdown.o
         2          0          0          0          0          0   libshutdown2.o
         8          4          0          0         96         68   libspace.o
       138          0          0          0          0         80   lludiv10.o
        24          4          0          0          0         84   noretval__2printf.o
         8          4          0          0          0         68   rt_errno_addr_intlibspace.o
         8          4          0          0          0         68   rt_locale_intlibspace.o
        68          0          0          0          0         68   rt_memclr.o
        78          0          0          0          0         80   rt_memclr_w.o
       138          0          0          0          0         68   rt_memcpy_v6.o
       100          0          0          0          0         80   rt_memcpy_w.o
         2          0          0          0          0          0   rtexit.o
        10          0          0          0          0          0   rtexit2.o
       128          0          0          0          0         68   strcmpv7m.o
        62          0          0          0          0         76   strlen.o
        74          0          0          0          0         80   sys_stackheap_outer.o
         2          0          0          0          0         68   use_no_semi.o
         2          0          0          0          0         68   use_no_semi_2.o
        98          4          0          0          0         92   d2f.o
       826         16          0          0          0        348   daddsub_clz.o
        16          4          0          0          0         68   dcheck1.o
        24          0          0          0          0         68   dcmpi.o
       688        140          0          0          0        208   ddiv.o
        84          0          0          0          0        136   dflt_clz.o
       120          4          0          0          0         92   dleqf.o
       340         12          0          0          0        104   dmul.o
       156          4          0          0          0         92   dnaninf.o
        12          0          0          0          0         68   dretinf.o
       108          0          0          0          0         80   drleqf.o
       460         56          0          0          0        120   dsqrt_noumaal.o
        86          4          0          0          0         84   f2d.o
       450          8          0          0          0        236   faddsub_clz.o
        12          4          0          0          0         68   fcheck1.o
        24          0          0          0          0         68   fcmpi.o
       388         76          0          0          0         96   fdiv.o
        54          4          0          0          0         84   ffix.o
        62          4          0          0          0         84   ffixu.o
        86          0          0          0          0        136   fflt_clz.o
       104          4          0          0          0         84   fleqf.o
       258          4          0          0          0         84   fmul.o
       140          4          0          0          0         84   fnaninf.o
        10          0          0          0          0         68   fretinf.o
        98          0          0          0          0         68   frleqf.o
        96          4          0          0          0         76   frnd.o
       272        100          0          0          0         88   fsqrt.o
         4          0          0          0          0         68   printf1.o
       100          0          0          0          0         68   retnan.o
        92          0          0          0          0         68   scalbn.o
        76          0          0          0          0         68   scalbnf.o
        48          0          0          0          0         68   trapv.o
         0          0          0          0          0          0   usenofp.o
       380         52          0          0          0        124   cosf.o
        62         10          0          0          0        340   dunder.o
        40          0          0          0          0         68   fpclassify.o
        38          0          0          0          0         68   fpclassifyf.o
        24          0          0          0          0        204   funder.o
       170          0          0          0          0         96   poly.o
      2520        190        136          0          0        324   pow.o
         0          0          8          0          0          0   qnan.o
       360         16         32          0          0         88   rredf.o
        76          0          0          0          0         84   sqrt.o
        44          0          0          0          0         80   sqrtf.o
       372         58          0          0          0        124   tanf.o

    ----------------------------------------------------------------------
     14832        998        412          0        100       8064   Library Totals
        22          0          3          0          4          0   (incl. Padding)

    ----------------------------------------------------------------------

      Code (inc. data)   RO Data    RW Data    ZI Data      Debug   Library Name

      5332        216        233          0         96       3240   c_w.l
      5392        456          0          0          0       3224   fz_ws.l
      4086        326        176          0          0       1600   m_ws.l

    ----------------------------------------------------------------------
     14832        998        412          0        100       8064   Library Totals

    ----------------------------------------------------------------------

==============================================================================


      Code (inc. data)   RO Data    RW Data    ZI Data      Debug   

     36026       3020       2382        576       8872     711516   Grand Totals
     36026       3020       2382        316       8872     711516   ELF Image Totals (compressed)
     36026       3020       2382        316          0          0   ROM Totals

==============================================================================

    Total RO  Size (Code + RO Data)                38408 (  37.51kB)
    Total RW  Size (RW Data + ZI Data)              9448 (   9.23kB)
    Total ROM Size (Code + RO Data + RW Data)      38724 (  37.82kB)

==============================================================================

