<html>
<body>
<pre>
<h1>µVision Build Log</h1>
<h2>Tool Versions:</h2>
IDE-Version: ¦ÌVision V5.33.0.0
Copyright (C) 2020 ARM Ltd and ARM Germany GmbH. All rights reserved.
License Information: hf hf, hf, LIC=YA39H-WXQWU-56MQ2-9ALR6-MR37W-U0X2W
 
Tool Versions:
Toolchain:       MDK-ARM Plus  Version: 5.33.0.0
Toolchain Path:  C:\Keil_v5\ARM\ARMCC\Bin
C Compiler:      Armcc.exe V5.06 update 7 (build 960)
Assembler:       Armasm.exe V5.06 update 7 (build 960)
Linker/Locator:  ArmLink.exe V5.06 update 7 (build 960)
Library Manager: ArmAr.exe V5.06 update 7 (build 960)
Hex Converter:   FromElf.exe V5.06 update 7 (build 960)
CPU DLL:         SARMCM3.DLL V5.33.0.0
Dialog DLL:      DCM.DLL V1.17.3.0
Target DLL:      Segger\JL2CM3.dll V2.99.38.0
Dialog DLL:      TCM.DLL V1.48.0.0
 
<h2>Project:</h2>
F:\ZY_Data\G¶Ë\20220601·¢²¼´úÂë\ZYGZC_A_V0.60b_V2.3\USER\ZYGZC_A_V0.60b_V2.2.uvprojx
Project File Date:  12/02/2021

<h2>Output:</h2>
*** Using Compiler 'V5.06 update 7 (build 960)', folder: 'C:\Keil_v5\ARM\ARMCC\Bin'
Build target 'ZYGZC_A_V0.60b_V2.2'
compiling attitude.c...
compiling protocol.c...
..\FUNCTION\PROTOCOL\protocol.c(363): warning:  #177-D: variable "j"  was declared but never referenced
  	uint8_t j;
..\FUNCTION\PROTOCOL\protocol.c: 1 warning, 0 errors
compiling main.c...
compiling usr_c322.c...
linking...
Program Size: Code=18516 RO-data=1868 RW-data=476 ZI-data=20004  
FromELF: creating hex file...
"..\OBJ\ZYGZC_A_V0.60b_V2.2" - 0 Error(s), 1 Warning(s).

<h2>Software Packages used:</h2>

Package Vendor: Keil
                http://www.keil.com/pack/Keil.STM32F1xx_DFP.2.2.0.pack
                Keil.STM32F1xx_DFP.2.2.0
                STMicroelectronics STM32F1 Series Device Support, Drivers and Examples

<h2>Collection of Component include folders:</h2>
  C:\Users\VG2020\AppData\Local\Arm\Packs\Keil\STM32F1xx_DFP\2.2.0\Device\Include

<h2>Collection of Component Files used:</h2>
Build Time Elapsed:  00:00:02
</pre>
</body>
</html>
