Component: ARM Compiler 5.06 update 7 (build 960) Tool: armlink [4d3601]

==============================================================================

Section Cross References

    main.o(i.main) refers to misc.o(i.NVIC_PriorityGroupConfig) for NVIC_PriorityGroupConfig
    main.o(i.main) refers to delay.o(i.delay_init) for delay_init
    main.o(i.main) refers to usart.o(i.uart_init) for uart_init
    main.o(i.main) refers to power.o(i.Power_Init) for Power_Init
    main.o(i.main) refers to usr_c322.o(i.RS232_Init) for RS232_Init
    main.o(i.main) refers to delay.o(i.delay_xms) for delay_xms
    main.o(i.main) refers to usr_c322.o(i.Get_Mcu_Mac) for Get_Mcu_Mac
    main.o(i.main) refers to drv_si4438.o(i.SI446x_Init) for SI446x_Init
    main.o(i.main) refers to tasks.o(i.xTaskCreate) for xTaskCreate
    main.o(i.main) refers to tasks.o(i.vTaskStartScheduler) for vTaskStartScheduler
    main.o(i.main) refers to led.o(.data) for halAdapter_Led
    main.o(i.main) refers to hal_flash.o(.data) for GFLASH
    main.o(i.main) refers to hal_flash.o(.bss) for flash_config
    main.o(i.main) refers to attitude.o(.bss) for dataPayload
    main.o(i.main) refers to main.o(.data) for StartTask_Handler
    main.o(i.main) refers to main.o(i.start_task) for start_task
    main.o(i.master_task) refers to usr_c322.o(i.Login_Or_Boardcast) for Login_Or_Boardcast
    main.o(i.master_task) refers to tasks.o(i.vTaskResume) for vTaskResume
    main.o(i.master_task) refers to attitude.o(i.attitudeUploadHandler) for attitudeUploadHandler
    main.o(i.master_task) refers to attitude.o(i.GetbatteryPresent) for GetbatteryPresent
    main.o(i.master_task) refers to protocol.o(i.protocol_sendData) for protocol_sendData
    main.o(i.master_task) refers to tasks.o(i.vTaskDelay) for vTaskDelay
    main.o(i.master_task) refers to main.o(.data) for SI433Task_Handler
    main.o(i.si433ack_task) refers to port.o(i.vPortEnterCritical) for vPortEnterCritical
    main.o(i.si433ack_task) refers to protocol.o(i.Send_Master_Cmd_Data) for Send_Master_Cmd_Data
    main.o(i.si433ack_task) refers to protocol.o(i.Si433_Rcecv_Buff) for Si433_Rcecv_Buff
    main.o(i.si433ack_task) refers to port.o(i.vPortExitCritical) for vPortExitCritical
    main.o(i.si433ack_task) refers to tasks.o(i.vTaskDelay) for vTaskDelay
    main.o(i.si433ack_task) refers to main.o(.data) for Ackcountflg
    main.o(i.start_task) refers to port.o(i.vPortEnterCritical) for vPortEnterCritical
    main.o(i.start_task) refers to tasks.o(i.xTaskCreate) for xTaskCreate
    main.o(i.start_task) refers to tasks.o(i.vTaskSuspend) for vTaskSuspend
    main.o(i.start_task) refers to tasks.o(i.vTaskDelete) for vTaskDelete
    main.o(i.start_task) refers to port.o(i.vPortExitCritical) for vPortExitCritical
    main.o(i.start_task) refers to main.o(.data) for MASTERTask_Handler
    main.o(i.start_task) refers to main.o(i.master_task) for master_task
    main.o(i.start_task) refers to main.o(i.wifirecve_task) for wifirecve_task
    main.o(i.start_task) refers to main.o(i.si433ack_task) for si433ack_task
    main.o(i.wifirecve_task) refers to port.o(i.vPortEnterCritical) for vPortEnterCritical
    main.o(i.wifirecve_task) refers to usr_c322.o(i.DataCallBack_WIFI) for DataCallBack_WIFI
    main.o(i.wifirecve_task) refers to port.o(i.vPortExitCritical) for vPortExitCritical
    main.o(i.wifirecve_task) refers to tasks.o(i.vTaskDelay) for vTaskDelay
    main.o(i.wifirecve_task) refers to usr_c322.o(.bss) for rx_buf
    system_stm32f10x.o(i.SetSysClock) refers to system_stm32f10x.o(i.SetSysClockTo72) for SetSysClockTo72
    system_stm32f10x.o(i.SystemCoreClockUpdate) refers to system_stm32f10x.o(.data) for SystemCoreClock
    system_stm32f10x.o(i.SystemInit) refers to system_stm32f10x.o(i.SetSysClock) for SetSysClock
    hal_flash.o(i.WriteFlashOneWord) refers to stm32f10x_flash.o(i.FLASH_UnlockBank1) for FLASH_UnlockBank1
    hal_flash.o(i.WriteFlashOneWord) refers to stm32f10x_flash.o(i.FLASH_ClearFlag) for FLASH_ClearFlag
    hal_flash.o(i.WriteFlashOneWord) refers to stm32f10x_flash.o(i.FLASH_ErasePage) for FLASH_ErasePage
    hal_flash.o(i.WriteFlashOneWord) refers to hal_flash.o(i.byteToUint) for byteToUint
    hal_flash.o(i.WriteFlashOneWord) refers to stm32f10x_flash.o(i.FLASH_ProgramWord) for FLASH_ProgramWord
    hal_flash.o(i.WriteFlashOneWord) refers to stm32f10x_flash.o(i.FLASH_LockBank1) for FLASH_LockBank1
    hal_flash.o(i.WriteFlashOneWord) refers to hal_flash.o(.data) for FLASHStatus
    hal_flash.o(.data) refers to hal_flash.o(i.ReadFlashNBtye) for ReadFlashNBtye
    hal_flash.o(.data) refers to hal_flash.o(i.WriteFlashOneWord) for WriteFlashOneWord
    led.o(i.Led_Init) refers to stm32f10x_rcc.o(i.RCC_APB2PeriphClockCmd) for RCC_APB2PeriphClockCmd
    led.o(i.Led_Init) refers to stm32f10x_gpio.o(i.GPIO_Init) for GPIO_Init
    led.o(i.Led_Init) refers to delay.o(i.delay_ms) for delay_ms
[...]
    i.drv_spi_init                           0x08002ee0   Section        0  drv_spi.o(i.drv_spi_init)
    i.drv_spi_read_write_byte                0x08002fd8   Section        0  drv_spi.o(i.drv_spi_read_write_byte)
    i.drv_spi_read_write_string              0x08003038   Section        0  drv_spi.o(i.drv_spi_read_write_string)
    i.fputc                                  0x08003074   Section        0  usart.o(i.fputc)
    i.hex_data_tranmission                   0x08003090   Section        0  protocol.o(i.hex_data_tranmission)
    hex_data_tranmission                     0x08003091   Thumb Code    30  protocol.o(i.hex_data_tranmission)
    i.led_blue_off                           0x080030b4   Section        0  led.o(i.led_blue_off)
    i.led_blue_on                            0x080030c0   Section        0  led.o(i.led_blue_on)
    i.led_blue_turn                          0x080030cc   Section        0  led.o(i.led_blue_turn)
    i.led_ctrl                               0x080030f0   Section        0  led.o(i.led_ctrl)
    i.led_green_off                          0x080031b4   Section        0  led.o(i.led_green_off)
    i.led_green_turn                         0x080031c0   Section        0  led.o(i.led_green_turn)
    i.led_purple_on                          0x080031e4   Section        0  led.o(i.led_purple_on)
    i.led_purple_turn                        0x080031f0   Section        0  led.o(i.led_purple_turn)
    i.led_red_off                            0x08003214   Section        0  led.o(i.led_red_off)
    i.led_red_turn                           0x08003220   Section        0  led.o(i.led_red_turn)
    i.led_white_off                          0x08003244   Section        0  led.o(i.led_white_off)
    i.led_white_on                           0x08003250   Section        0  led.o(i.led_white_on)
    i.led_white_turn                         0x0800325c   Section        0  led.o(i.led_white_turn)
    i.led_yellow_turn                        0x08003280   Section        0  led.o(i.led_yellow_turn)
    i.main                                   0x080032a4   Section        0  main.o(i.main)
    i.master_task                            0x08003380   Section        0  main.o(i.master_task)
    i.protocol_sendData                      0x080033cc   Section        0  protocol.o(i.protocol_sendData)
    i.prvAddCurrentTaskToDelayedList         0x080033f8   Section        0  tasks.o(i.prvAddCurrentTaskToDelayedList)
    prvAddCurrentTaskToDelayedList           0x080033f9   Thumb Code   124  tasks.o(i.prvAddCurrentTaskToDelayedList)
    i.prvAddNewTaskToReadyList               0x08003490   Section        0  tasks.o(i.prvAddNewTaskToReadyList)
    prvAddNewTaskToReadyList                 0x08003491   Thumb Code   150  tasks.o(i.prvAddNewTaskToReadyList)
    i.prvCheckTasksWaitingTermination        0x08003544   Section        0  tasks.o(i.prvCheckTasksWaitingTermination)
    prvCheckTasksWaitingTermination          0x08003545   Thumb Code    60  tasks.o(i.prvCheckTasksWaitingTermination)
    i.prvDeleteTCB                           0x0800358c   Section        0  tasks.o(i.prvDeleteTCB)
    prvDeleteTCB                             0x0800358d   Thumb Code    18  tasks.o(i.prvDeleteTCB)
    i.prvHeapInit                            0x080035a0   Section        0  heap_4.o(i.prvHeapInit)
    prvHeapInit                              0x080035a1   Thumb Code    98  heap_4.o(i.prvHeapInit)
    i.prvIdleTask                            0x0800361c   Section        0  tasks.o(i.prvIdleTask)
    prvIdleTask                              0x0800361d   Thumb Code    32  tasks.o(i.prvIdleTask)
    i.prvInitialiseNewTask                   0x08003644   Section        0  tasks.o(i.prvInitialiseNewTask)
    prvInitialiseNewTask                     0x08003645   Thumb Code   138  tasks.o(i.prvInitialiseNewTask)
    i.prvInitialiseTaskLists                 0x080036d0   Section        0  tasks.o(i.prvInitialiseTaskLists)
    prvInitialiseTaskLists                   0x080036d1   Thumb Code    70  tasks.o(i.prvInitialiseTaskLists)
    i.prvInsertBlockIntoFreeList             0x08003738   Section        0  heap_4.o(i.prvInsertBlockIntoFreeList)
    prvInsertBlockIntoFreeList               0x08003739   Thumb Code    96  heap_4.o(i.prvInsertBlockIntoFreeList)
    i.prvResetNextTaskUnblockTime            0x080037a0   Section        0  tasks.o(i.prvResetNextTaskUnblockTime)
    prvResetNextTaskUnblockTime              0x080037a1   Thumb Code    40  tasks.o(i.prvResetNextTaskUnblockTime)
    i.prvTaskExitError                       0x080037d0   Section        0  port.o(i.prvTaskExitError)
    prvTaskExitError                         0x080037d1   Thumb Code    22  port.o(i.prvTaskExitError)
    i.prvTaskIsTaskSuspended                 0x080037e8   Section        0  tasks.o(i.prvTaskIsTaskSuspended)
    prvTaskIsTaskSuspended                   0x080037e9   Thumb Code    56  tasks.o(i.prvTaskIsTaskSuspended)
    i.pvPortMalloc                           0x08003828   Section        0  heap_4.o(i.pvPortMalloc)
    i.pxPortInitialiseStack                  0x08003924   Section        0  port.o(i.pxPortInitialiseStack)
    i.si433ack_task                          0x08003948   Section        0  main.o(i.si433ack_task)
    i.start_task                             0x080039a0   Section        0  main.o(i.start_task)
    i.uart_init                              0x08003a44   Section        0  usart.o(i.uart_init)
    i.uxListRemove                           0x08003ac0   Section        0  list.o(i.uxListRemove)
    i.vListInitialise                        0x08003ae8   Section        0  list.o(i.vListInitialise)
    i.vListInitialiseItem                    0x08003b02   Section        0  list.o(i.vListInitialiseItem)
    i.vListInsert                            0x08003b08   Section        0  list.o(i.vListInsert)
    i.vListInsertEnd                         0x08003b3c   Section        0  list.o(i.vListInsertEnd)
    i.vPortEnterCritical                     0x08003b54   Section        0  port.o(i.vPortEnterCritical)
    i.vPortExitCritical                      0x08003b78   Section        0  port.o(i.vPortExitCritical)
    i.vPortFree                              0x08003b98   Section        0  heap_4.o(i.vPortFree)
    i.vPortSetupTimerInterrupt               0x08003bf0   Section        0  port.o(i.vPortSetupTimerInterrupt)
    i.vTaskDelay                             0x08003c08   Section        0  tasks.o(i.vTaskDelay)
    i.vTaskDelete                            0x08003c3c   Section        0  tasks.o(i.vTaskDelete)
    i.vTaskResume                            0x08003d08   Section        0  tasks.o(i.vTaskResume)
    i.vTaskStartScheduler                    0x08003d80   Section        0  tasks.o(i.vTaskStartScheduler)
    i.vTaskSuspend                           0x08003dec   Section        0  tasks.o(i.vTaskSuspend)
    i.vTaskSuspendAll                        0x08003ec4   Section        0  tasks.o(i.vTaskSuspendAll)
    i.vTaskSwitchContext                     0x08003ed4   Section        0  tasks.o(i.vTaskSwitchContext)
    i.wifirecve_task                         0x08003f34   Section        0  main.o(i.wifirecve_task)
    i.xPortStartScheduler                    0x08003f54   Section        0  port.o(i.xPortStartScheduler)
    i.xPortSysTickHandler                    0x08003f88   Section        0  port.o(i.xPortSysTickHandler)
    i.xTaskCreate                            0x08003fbc   Section        0  tasks.o(i.xTaskCreate)
    i.xTaskGetSchedulerState                 0x0800401c   Section        0  tasks.o(i.xTaskGetSchedulerState)
    i.xTaskIncrementTick                     0x0800403c   Section        0  tasks.o(i.xTaskIncrementTick)
    i.xTaskResumeAll                         0x08004158   Section        0  tasks.o(i.xTaskResumeAll)
    .constdata                               0x08004240   Section      512  protocol.o(.constdata)
    .constdata                               0x08004440   Section      961  drv_si4438.o(.constdata)
    config_table                             0x08004440   Data         961  drv_si4438.o(.constdata)
    .constdata                               0x08004801   Section       40  _printf_hex_int.o(.constdata)
    uc_hextab                                0x08004801   Data          20  _printf_hex_int.o(.constdata)
    lc_hextab                                0x08004815   Data          20  _printf_hex_int.o(.constdata)
    .constdata                               0x08004829   Section       17  __printf_flags_wp.o(.constdata)
    maptable                                 0x08004829   Data          17  __printf_flags_wp.o(.constdata)
    .data                                    0x20000000   Section       20  main.o(.data)
    i                                        0x20000010   Data           1  main.o(.data)
    Ackcountflg                              0x20000011   Data           1  main.o(.data)
    temp_cnt                                 0x20000012   Data           2  main.o(.data)
    .data                                    0x20000014   Section       20  system_stm32f10x.o(.data)
    .data                                    0x20000028   Section       12  hal_flash.o(.data)
    .data                                    0x20000034   Section       64  led.o(.data)
    .data                                    0x20000074   Section       64  md5.o(.data)
    .data                                    0x200000b4   Section       21  attitude.o(.data)
    gunstat                                  0x200000b4   Data           2  attitude.o(.data)
    lwalkstat                                0x200000b6   Data           2  attitude.o(.data)
    rwalkstat                                0x200000b8   Data           2  attitude.o(.data)
    beltstat                                 0x200000ba   Data           2  attitude.o(.data)
    handgun_online_flg                       0x200000bc   Data           1  attitude.o(.data)
    walkl_online_flg                         0x200000bd   Data           1  attitude.o(.data)
    walkr_online_flg                         0x200000be   Data           1  attitude.o(.data)
    belt_online_flag                         0x200000bf   Data           1  attitude.o(.data)
    handgun_offline_flg                      0x200000c0   Data           1  attitude.o(.data)
    walkl_offline_flg                        0x200000c1   Data           1  attitude.o(.data)
    walkr_offline_flg                        0x200000c2   Data           1  attitude.o(.data)
    belt_offline_flag                        0x200000c3   Data           1  attitude.o(.data)
    .data                                    0x200000cc   Section       28  protocol.o(.data)
    ReoilNum                                 0x200000d6   Data           1  protocol.o(.data)
    nu                                       0x200000dc   Data           1  protocol.o(.data)
    i                                        0x200000e0   Data           4  protocol.o(.data)
    PackageCnt                               0x200000e4   Data           4  protocol.o(.data)
    .data                                    0x200000e8   Section       28  usr_c322.o(.data)
    rcv_byte                                 0x200000e8   Data           1  usr_c322.o(.data)
    rcv_byte_last                            0x200000e9   Data           1  usr_c322.o(.data)
    rx_num                                   0x200000ec   Data           4  usr_c322.o(.data)
    UID_ADDR                                 0x200000f4   Data           4  usr_c322.o(.data)
    MAC                                      0x200000f8   Data           6  usr_c322.o(.data)
    crc16                                    0x200000fe   Data           2  usr_c322.o(.data)
    p                                        0x20000100   Data           4  usr_c322.o(.data)
    .data                                    0x20000104   Section       52  drv_si4438.o(.data)
    .data                                    0x20000138   Section       12  drv_spi.o(.data)
    .data                                    0x20000144   Section        4  delay.o(.data)
    fac_us                                   0x20000144   Data           1  delay.o(.data)
    fac_ms                                   0x20000146   Data           2  delay.o(.data)
    .data                                    0x20000148   Section        6  usart.o(.data)
    .data                                    0x2000014e   Section       20  stm32f10x_rcc.o(.data)
    APBAHBPrescTable                         0x2000014e   Data          16  stm32f10x_rcc.o(.data)
    ADCPrescTable                            0x2000015e   Data           4  stm32f10x_rcc.o(.data)
    .data                                    0x20000164   Section       64  tasks.o(.data)
    pxDelayedTaskList                        0x20000168   Data           4  tasks.o(.data)
    pxOverflowDelayedTaskList                0x2000016c   Data           4  tasks.o(.data)
    uxDeletedTasksWaitingCleanUp             0x20000170   Data           4  tasks.o(.data)
    uxCurrentNumberOfTasks                   0x20000174   Data           4  tasks.o(.data)
    xTickCount                               0x20000178   Data           4  tasks.o(.data)
    uxTopReadyPriority                       0x2000017c   Data           4  tasks.o(.data)
    xSchedulerRunning                        0x20000180   Data           4  tasks.o(.data)
    xPendedTicks                             0x20000184   Data           4  tasks.o(.data)
    xYieldPending                            0x20000188   Data           4  tasks.o(.data)
    xNumOfOverflows                          0x2000018c   Data           4  tasks.o(.data)
    uxTaskNumber                             0x20000190   Data           4  tasks.o(.data)
    xNextTaskUnblockTime                     0x20000194   Data           4  tasks.o(.data)
    xIdleTaskHandle                          0x20000198   Data           4  tasks.o(.data)
    uxSchedulerSuspended                     0x200001a0   Data           4  tasks.o(.data)
    .data                                    0x200001a4   Section        4  port.o(.data)
    uxCriticalNesting                        0x200001a4   Data           4  port.o(.data)
    .data                                    0x200001a8   Section       32  heap_4.o(.data)
    xStart                                   0x200001a8   Data           8  heap_4.o(.data)
    pxEnd                                    0x200001b0   Data           4  heap_4.o(.data)
    xFreeBytesRemaining                      0x200001b4   Data           4  heap_4.o(.data)
    xMinimumEverFreeBytesRemaining           0x200001b8   Data           4  heap_4.o(.data)
    xNumberOfSuccessfulAllocations           0x200001bc   Data           4  heap_4.o(.data)
    xNumberOfSuccessfulFrees                 0x200001c0   Data           4  heap_4.o(.data)
    xBlockAllocatedBit                       0x200001c4   Data           4  heap_4.o(.data)
    .bss                                     0x200001c8   Section       24  hal_flash.o(.bss)
    .bss                                     0x200001e0   Section      157  attitude.o(.bss)
    .bss                                     0x2000027d   Section      217  protocol.o(.bss)
    g_SI4463ItStatus                         0x2000030d   Data           9  protocol.o(.bss)
    g_SI4463RxBuffer                         0x20000316   Data          64  protocol.o(.bss)
    .bss                                     0x20000356   Section      249  usr_c322.o(.bss)
    Version                                  0x20000382   Data          12  usr_c322.o(.bss)
    ID                                       0x200003c3   Data          12  usr_c322.o(.bss)
    receiveBuf                               0x200003cf   Data         128  usr_c322.o(.bss)
    .bss                                     0x20000450   Section      200  tasks.o(.bss)
    pxReadyTasksLists                        0x20000450   Data         100  tasks.o(.bss)
    xDelayedTaskList1                        0x200004b4   Data          20  tasks.o(.bss)
    xDelayedTaskList2                        0x200004c8   Data          20  tasks.o(.bss)
    xPendingReadyList                        0x200004dc   Data          20  tasks.o(.bss)
    xTasksWaitingTermination                 0x200004f0   Data          20  tasks.o(.bss)
    xSuspendedTaskList                       0x20000504   Data          20  tasks.o(.bss)
    .bss                                     0x20000518   Section    17408  heap_4.o(.bss)
    ucHeap                                   0x20000518   Data       17408  heap_4.o(.bss)
    .bss                                     0x20004918   Section       96  libspace.o(.bss)
    HEAP                                     0x20004978   Section      512  startup_stm32f10x_hd.o(HEAP)
    Heap_Mem                                 0x20004978   Data         512  startup_stm32f10x_hd.o(HEAP)
    STACK                                    0x20004b78   Section     1024  startup_stm32f10x_hd.o(STACK)
    Stack_Mem                                0x20004b78   Data        1024  startup_stm32f10x_hd.o(STACK)
    __initial_sp                             0x20004f78   Data           0  startup_stm32f10x_hd.o(STACK)

    Global Symbols

    Symbol Name                              Value     Ov Type        Size  Object(Section)

    BuildAttributes$$THM_ISAv4$P$D$K$B$S$PE$A:L22UL41UL21$X:L11$S22US41US21$IEEE1$IW$USESV6$~STKCKD$USESV7$~SHL$OSPACE$ROPI$EBA8$UX$STANDARDLIB$REQ8$PRES8$EABIv2 0x00000000   Number         0  anon$$obj.o ABSOLUTE
    __ARM_use_no_argv                        0x00000000   Number         0  main.o ABSOLUTE
    _printf_flags                            0x00000000   Number         0  printf_stubs.o ABSOLUTE
    _printf_return_value                     0x00000000   Number         0  printf_stubs.o ABSOLUTE
    _printf_sizespec                         0x00000000   Number         0  printf_stubs.o ABSOLUTE
    _printf_widthprec                        0x00000000   Number         0  printf_stubs.o ABSOLUTE
    __ARM_exceptions_init                     - Undefined Weak Reference
    __alloca_initialize                       - Undefined Weak Reference
    __arm_fini_                               - Undefined Weak Reference
    __arm_preinit_                            - Undefined Weak Reference
    __cpp_initialize__aeabi_                  - Undefined Weak Reference
    __cxa_finalize                            - Undefined Weak Reference
    __rt_locale                               - Undefined Weak Reference
    __sigvec_lookup                           - Undefined Weak Reference
    _atexit_init                              - Undefined Weak Reference
    _call_atexit_fns                          - Undefined Weak Reference
    _clock_init                               - Undefined Weak Reference
    _fp_trap_init                             - Undefined Weak Reference
    _fp_trap_shutdown                         - Undefined Weak Reference
    _get_lc_collate                           - Undefined Weak Reference
    _get_lc_ctype                             - Undefined Weak Reference
    _get_lc_monetary                          - Undefined Weak Reference
    _get_lc_numeric                           - Undefined Weak Reference
    _get_lc_time                              - Undefined Weak Reference
    _getenv_init                              - Undefined Weak Reference
    _handle_redirection                       - Undefined Weak Reference
    _init_alloc                               - Undefined Weak Reference
    _init_user_alloc                          - Undefined Weak Reference
    _initio                                   - Undefined Weak Reference
    _mutex_acquire                            - Undefined Weak Reference
    _mutex_release                            - Undefined Weak Reference
    _printf_mbtowc                            - Undefined Weak Reference
    _printf_truncate_signed                   - Undefined Weak Reference
    _printf_truncate_unsigned                 - Undefined Weak Reference
    _rand_init                                - Undefined Weak Reference
    _signal_finish                            - Undefined Weak Reference
    _signal_init                              - Undefined Weak Reference
    _terminate_alloc                          - Undefined Weak Reference
    _terminate_user_alloc                     - Undefined Weak Reference
    _terminateio                              - Undefined Weak Reference
    __Vectors_Size                           0x00000130   Number         0  startup_stm32f10x_hd.o ABSOLUTE
    __Vectors                                0x08000000   Data           4  startup_stm32f10x_hd.o(RESET)
    __Vectors_End                            0x08000130   Data           0  startup_stm32f10x_hd.o(RESET)
    __main                                   0x08000131   Thumb Code     8  __main.o(!!!main)
    __scatterload                            0x08000139   Thumb Code     0  __scatter.o(!!!scatter)
    __scatterload_rt2                        0x08000139   Thumb Code    44  __scatter.o(!!!scatter)
    __scatterload_rt2_thumb_only             0x08000139   Thumb Code     0  __scatter.o(!!!scatter)
    __scatterload_null                       0x08000147   Thumb Code     0  __scatter.o(!!!scatter)
    __decompress                             0x0800016d   Thumb Code    90  __dczerorl2.o(!!dczerorl2)
    __decompress1                            0x0800016d   Thumb Code     0  __dczerorl2.o(!!dczerorl2)
    __scatterload_zeroinit                   0x080001c9   Thumb Code    28  __scatter_zi.o(!!handler_zi)
    _printf_d                                0x080001e5   Thumb Code     0  _printf_d.o(.ARM.Collect$$_printf_percent$$00000009)
    _printf_percent                          0x080001e5   Thumb Code     0  _printf_percent.o(.ARM.Collect$$_printf_percent$$00000000)
    _printf_x                                0x080001eb   Thumb Code     0  _printf_x.o(.ARM.Collect$$_printf_percent$$0000000C)
    _printf_s                                0x080001f1   Thumb Code     0  _printf_s.o(.ARM.Collect$$_printf_percent$$00000014)
    _printf_percent_end                      0x080001f7   Thumb Code     0  _printf_percent_end.o(.ARM.Collect$$_printf_percent$$00000017)
    __rt_lib_init                            0x080001fb   Thumb Code     0  libinit.o(.ARM.Collect$$libinit$$00000000)
    __rt_lib_init_alloca_1                   0x080001fd   Thumb Code     0  libinit2.o(.ARM.Collect$$libinit$$0000002E)
    __rt_lib_init_argv_1                     0x080001fd   Thumb Code     0  libinit2.o(.ARM.Collect$$libinit$$0000002C)
    __rt_lib_init_atexit_1                   0x080001fd   Thumb Code     0  libinit2.o(.ARM.Collect$$libinit$$0000001B)
    __rt_lib_init_clock_1                    0x080001fd   Thumb Code     0  libinit2.o(.ARM.Collect$$libinit$$00000021)
    __rt_lib_init_cpp_1                      0x080001fd   Thumb Code     0  libinit2.o(.ARM.Collect$$libinit$$00000032)
    __rt_lib_init_exceptions_1               0x080001fd   Thumb Code     0  libinit2.o(.ARM.Collect$$libinit$$00000030)
    __rt_lib_init_fp_1                       0x080001fd   Thumb Code     0  libinit2.o(.ARM.Collect$$libinit$$00000002)
    __rt_lib_init_fp_trap_1                  0x080001fd   Thumb Code     0  libinit2.o(.ARM.Collect$$libinit$$0000001F)
    __rt_lib_init_getenv_1                   0x080001fd   Thumb Code     0  libinit2.o(.ARM.Collect$$libinit$$00000023)
    __rt_lib_init_heap_1                     0x080001fd   Thumb Code     0  libinit2.o(.ARM.Collect$$libinit$$0000000A)
    __rt_lib_init_lc_collate_1               0x080001fd   Thumb Code     0  libinit2.o(.ARM.Collect$$libinit$$00000011)
    __rt_lib_init_lc_ctype_1                 0x080001fd   Thumb Code     0  libinit2.o(.ARM.Collect$$libinit$$00000013)
    __rt_lib_init_lc_monetary_1              0x080001fd   Thumb Code     0  libinit2.o(.ARM.Collect$$libinit$$00000015)
    __rt_lib_init_lc_numeric_1               0x080001fd   Thumb Code     0  libinit2.o(.ARM.Collect$$libinit$$00000017)
    __rt_lib_init_lc_time_1                  0x080001fd   Thumb Code     0  libinit2.o(.ARM.Collect$$libinit$$00000019)
    __rt_lib_init_preinit_1                  0x080001fd   Thumb Code     0  libinit2.o(.ARM.Collect$$libinit$$00000004)
    __rt_lib_init_rand_1                     0x080001fd   Thumb Code     0  libinit2.o(.ARM.Collect$$libinit$$0000000E)
    __rt_lib_init_return                     0x080001fd   Thumb Code     0  libinit2.o(.ARM.Collect$$libinit$$00000033)
    __rt_lib_init_signal_1                   0x080001fd   Thumb Code     0  libinit2.o(.ARM.Collect$$libinit$$0000001D)
    __rt_lib_init_stdio_1                    0x080001fd   Thumb Code     0  libinit2.o(.ARM.Collect$$libinit$$00000025)
    __rt_lib_init_user_alloc_1               0x080001fd   Thumb Code     0  libinit2.o(.ARM.Collect$$libinit$$0000000C)
    __rt_lib_shutdown                        0x080001ff   Thumb Code     0  libshutdown.o(.ARM.Collect$$libshutdown$$00000000)
    __rt_lib_shutdown_cpp_1                  0x08000201   Thumb Code     0  libshutdown2.o(.ARM.Collect$$libshutdown$$00000004)
    __rt_lib_shutdown_fini_1                 0x08000201   Thumb Code     0  libshutdown2.o(.ARM.Collect$$libshutdown$$00000002)
    __rt_lib_shutdown_fp_trap_1              0x08000201   Thumb Code     0  libshutdown2.o(.ARM.Collect$$libshutdown$$00000009)
    __rt_lib_shutdown_heap_1                 0x08000201   Thumb Code     0  libshutdown2.o(.ARM.Collect$$libshutdown$$00000011)
    __rt_lib_shutdown_return                 0x08000201   Thumb Code     0  libshutdown2.o(.ARM.Collect$$libshutdown$$00000012)
    __rt_lib_shutdown_signal_1               0x08000201   Thumb Code     0  libshutdown2.o(.ARM.Collect$$libshutdown$$0000000C)
    __rt_lib_shutdown_stdio_1                0x08000201   Thumb Code     0  libshutdown2.o(.ARM.Collect$$libshutdown$$00000006)
    __rt_lib_shutdown_user_alloc_1           0x08000201   Thumb Code     0  libshutdown2.o(.ARM.Collect$$libshutdown$$0000000E)
    __rt_entry                               0x08000203   Thumb Code     0  __rtentry.o(.ARM.Collect$$rtentry$$00000000)
    __rt_entry_presh_1                       0x08000203   Thumb Code     0  __rtentry2.o(.ARM.Collect$$rtentry$$00000002)
    __rt_entry_sh                            0x08000203   Thumb Code     0  __rtentry4.o(.ARM.Collect$$rtentry$$00000004)
    __rt_entry_li                            0x08000209   Thumb Code     0  __rtentry2.o(.ARM.Collect$$rtentry$$0000000A)
    __rt_entry_postsh_1                      0x08000209   Thumb Code     0  __rtentry2.o(.ARM.Collect$$rtentry$$00000009)
    __rt_entry_main                          0x0800020d   Thumb Code     0  __rtentry2.o(.ARM.Collect$$rtentry$$0000000D)
    __rt_entry_postli_1                      0x0800020d   Thumb Code     0  __rtentry2.o(.ARM.Collect$$rtentry$$0000000C)
    __rt_exit                                0x08000215   Thumb Code     0  rtexit.o(.ARM.Collect$$rtexit$$00000000)
    __rt_exit_ls                             0x08000217   Thumb Code     0  rtexit2.o(.ARM.Collect$$rtexit$$00000003)
    __rt_exit_prels_1                        0x08000217   Thumb Code     0  rtexit2.o(.ARM.Collect$$rtexit$$00000002)
    __rt_exit_exit                           0x0800021b   Thumb Code     0  rtexit2.o(.ARM.Collect$$rtexit$$00000004)
    SVC_Handler                              0x08000221   Thumb Code    32  port.o(.emb_text)
    __asm___6_port_c_39a90d8d__prvStartFirstTask 0x08000245   Thumb Code    28  port.o(.emb_text)
    PendSV_Handler                           0x08000265   Thumb Code    72  port.o(.emb_text)
    vPortGetIPSR                             0x080002b1   Thumb Code     6  port.o(.emb_text)
    Reset_Handler                            0x080002b9   Thumb Code     8  startup_stm32f10x_hd.o(.text)
    ADC1_2_IRQHandler                        0x080002d3   Thumb Code     0  startup_stm32f10x_hd.o(.text)
    ADC3_IRQHandler                          0x080002d3   Thumb Code     0  startup_stm32f10x_hd.o(.text)
    CAN1_RX1_IRQHandler                      0x080002d3   Thumb Code     0  startup_stm32f10x_hd.o(.text)
    CAN1_SCE_IRQHandler                      0x080002d3   Thumb Code     0  startup_stm32f10x_hd.o(.text)
    DMA1_Channel1_IRQHandler                 0x080002d3   Thumb Code     0  startup_stm32f10x_hd.o(.text)
    DMA1_Channel2_IRQHandler                 0x080002d3   Thumb Code     0  startup_stm32f10x_hd.o(.text)
    DMA1_Channel3_IRQHandler                 0x080002d3   Thumb Code     0  startup_stm32f10x_hd.o(.text)
    DMA1_Channel4_IRQHandler                 0x080002d3   Thumb Code     0  startup_stm32f10x_hd.o(.text)
    DMA1_Channel5_IRQHandler                 0x080002d3   Thumb Code     0  startup_stm32f10x_hd.o(.text)
    DMA1_Channel6_IRQHandler                 0x080002d3   Thumb Code     0  startup_stm32f10x_hd.o(.text)
    DMA1_Channel7_IRQHandler                 0x080002d3   Thumb Code     0  startup_stm32f10x_hd.o(.text)
    DMA2_Channel1_IRQHandler                 0x080002d3   Thumb Code     0  startup_stm32f10x_hd.o(.text)
    DMA2_Channel2_IRQHandler                 0x080002d3   Thumb Code     0  startup_stm32f10x_hd.o(.text)
    DMA2_Channel3_IRQHandler                 0x080002d3   Thumb Code     0  startup_stm32f10x_hd.o(.text)
    DMA2_Channel4_5_IRQHandler               0x080002d3   Thumb Code     0  startup_stm32f10x_hd.o(.text)
    EXTI0_IRQHandler                         0x080002d3   Thumb Code     0  startup_stm32f10x_hd.o(.text)
    EXTI15_10_IRQHandler                     0x080002d3   Thumb Code     0  startup_stm32f10x_hd.o(.text)
    EXTI1_IRQHandler                         0x080002d3   Thumb Code     0  startup_stm32f10x_hd.o(.text)
    EXTI2_IRQHandler                         0x080002d3   Thumb Code     0  startup_stm32f10x_hd.o(.text)
    EXTI3_IRQHandler                         0x080002d3   Thumb Code     0  startup_stm32f10x_hd.o(.text)
    EXTI4_IRQHandler                         0x080002d3   Thumb Code     0  startup_stm32f10x_hd.o(.text)
    EXTI9_5_IRQHandler                       0x080002d3   Thumb Code     0  startup_stm32f10x_hd.o(.text)
    FLASH_IRQHandler                         0x080002d3   Thumb Code     0  startup_stm32f10x_hd.o(.text)
    FSMC_IRQHandler                          0x080002d3   Thumb Code     0  startup_stm32f10x_hd.o(.text)
    I2C1_ER_IRQHandler                       0x080002d3   Thumb Code     0  startup_stm32f10x_hd.o(.text)
    I2C1_EV_IRQHandler                       0x080002d3   Thumb Code     0  startup_stm32f10x_hd.o(.text)
    I2C2_ER_IRQHandler                       0x080002d3   Thumb Code     0  startup_stm32f10x_hd.o(.text)
    I2C2_EV_IRQHandler                       0x080002d3   Thumb Code     0  startup_stm32f10x_hd.o(.text)
    PVD_IRQHandler                           0x080002d3   Thumb Code     0  startup_stm32f10x_hd.o(.text)
    RCC_IRQHandler                           0x080002d3   Thumb Code     0  startup_stm32f10x_hd.o(.text)
    RTCAlarm_IRQHandler                      0x080002d3   Thumb Code     0  startup_stm32f10x_hd.o(.text)
    RTC_IRQHandler                           0x080002d3   Thumb Code     0  startup_stm32f10x_hd.o(.text)
    SDIO_IRQHandler                          0x080002d3   Thumb Code     0  startup_stm32f10x_hd.o(.text)
    SPI1_IRQHandler                          0x080002d3   Thumb Code     0  startup_stm32f10x_hd.o(.text)
    SPI2_IRQHandler                          0x080002d3   Thumb Code     0  startup_stm32f10x_hd.o(.text)
    SPI3_IRQHandler                          0x080002d3   Thumb Code     0  startup_stm32f10x_hd.o(.text)
    TAMPER_IRQHandler                        0x080002d3   Thumb Code     0  startup_stm32f10x_hd.o(.text)
    TIM1_BRK_IRQHandler                      0x080002d3   Thumb Code     0  startup_stm32f10x_hd.o(.text)
    TIM1_CC_IRQHandler                       0x080002d3   Thumb Code     0  startup_stm32f10x_hd.o(.text)
    TIM1_TRG_COM_IRQHandler                  0x080002d3   Thumb Code     0  startup_stm32f10x_hd.o(.text)
    TIM1_UP_IRQHandler                       0x080002d3   Thumb Code     0  startup_stm32f10x_hd.o(.text)
    TIM2_IRQHandler                          0x080002d3   Thumb Code     0  startup_stm32f10x_hd.o(.text)
    TIM3_IRQHandler                          0x080002d3   Thumb Code     0  startup_stm32f10x_hd.o(.text)
    TIM4_IRQHandler                          0x080002d3   Thumb Code     0  startup_stm32f10x_hd.o(.text)
    TIM5_IRQHandler                          0x080002d3   Thumb Code     0  startup_stm32f10x_hd.o(.text)
    TIM6_IRQHandler                          0x080002d3   Thumb Code     0  startup_stm32f10x_hd.o(.text)
    TIM7_IRQHandler                          0x080002d3   Thumb Code     0  startup_stm32f10x_hd.o(.text)
    TIM8_BRK_IRQHandler                      0x080002d3   Thumb Code     0  startup_stm32f10x_hd.o(.text)
    TIM8_CC_IRQHandler                       0x080002d3   Thumb Code     0  startup_stm32f10x_hd.o(.text)
    TIM8_TRG_COM_IRQHandler                  0x080002d3   Thumb Code     0  startup_stm32f10x_hd.o(.text)
    TIM8_UP_IRQHandler                       0x080002d3   Thumb Code     0  startup_stm32f10x_hd.o(.text)
    UART4_IRQHandler                         0x080002d3   Thumb Code     0  startup_stm32f10x_hd.o(.text)
    UART5_IRQHandler                         0x080002d3   Thumb Code     0  startup_stm32f10x_hd.o(.text)
    USART2_IRQHandler                        0x080002d3   Thumb Code     0  startup_stm32f10x_hd.o(.text)
    USART3_IRQHandler                        0x080002d3   Thumb Code     0  startup_stm32f10x_hd.o(.text)
    USBWakeUp_IRQHandler                     0x080002d3   Thumb Code     0  startup_stm32f10x_hd.o(.text)
    USB_HP_CAN1_TX_IRQHandler                0x080002d3   Thumb Code     0  startup_stm32f10x_hd.o(.text)
    USB_LP_CAN1_RX0_IRQHandler               0x080002d3   Thumb Code     0  startup_stm32f10x_hd.o(.text)
    WWDG_IRQHandler                          0x080002d3   Thumb Code     0  startup_stm32f10x_hd.o(.text)
    __user_initial_stackheap                 0x080002d5   Thumb Code     0  startup_stm32f10x_hd.o(.text)
    __use_no_semihosting                     0x080002f9   Thumb Code     2  use_no_semi_2.o(.text)
    __2printf                                0x080002fd   Thumb Code    20  noretval__2printf.o(.text)
    _printf_pre_padding                      0x08000315   Thumb Code    44  _printf_pad.o(.text)
    _printf_post_padding                     0x08000341   Thumb Code    34  _printf_pad.o(.text)
    _printf_str                              0x08000363   Thumb Code    82  _printf_str.o(.text)
    _printf_int_dec                          0x080003b5   Thumb Code   104  _printf_dec.o(.text)
    _printf_int_hex                          0x0800042d   Thumb Code    84  _printf_hex_int.o(.text)
    _printf_longlong_hex                     0x0800042d   Thumb Code     0  _printf_hex_int.o(.text)
    __printf                                 0x08000485   Thumb Code   308  __printf_flags_wp.o(.text)
    strlen                                   0x080005bd   Thumb Code    62  strlen.o(.text)
    __aeabi_memcpy                           0x080005fb   Thumb Code     0  rt_memcpy_v6.o(.text)
    __rt_memcpy                              0x080005fb   Thumb Code   138  rt_memcpy_v6.o(.text)
    _memcpy_lastbytes                        0x08000661   Thumb Code     0  rt_memcpy_v6.o(.text)
    __aeabi_memclr                           0x08000685   Thumb Code     0  rt_memclr.o(.text)
    __rt_memclr                              0x08000685   Thumb Code    68  rt_memclr.o(.text)
    _memset                                  0x08000689   Thumb Code     0  rt_memclr.o(.text)
    __aeabi_memclr4                          0x080006c9   Thumb Code     0  rt_memclr_w.o(.text)
    __aeabi_memclr8                          0x080006c9   Thumb Code     0  rt_memclr_w.o(.text)
    __rt_memclr_w                            0x080006c9   Thumb Code    78  rt_memclr_w.o(.text)
    _memset_w                                0x080006cd   Thumb Code     0  rt_memclr_w.o(.text)
    __use_two_region_memory                  0x08000717   Thumb Code     2  heapauxi.o(.text)
    __rt_heap_escrow$2region                 0x08000719   Thumb Code     2  heapauxi.o(.text)
    __rt_heap_expand$2region                 0x0800071b   Thumb Code     2  heapauxi.o(.text)
    __I$use$semihosting                      0x0800071d   Thumb Code     0  use_no_semi.o(.text)
    __use_no_semihosting_swi                 0x0800071d   Thumb Code     2  use_no_semi.o(.text)
    _printf_int_common                       0x0800071f   Thumb Code   178  _printf_intcommon.o(.text)
    _printf_cs_common                        0x080007d1   Thumb Code    20  _printf_char.o(.text)
    _printf_char                             0x080007e5   Thumb Code    16  _printf_char.o(.text)
    _printf_string                           0x080007f5   Thumb Code     8  _printf_char.o(.text)
    _printf_char_file                        0x080007fd   Thumb Code    32  _printf_char_file.o(.text)
    __aeabi_memcpy4                          0x08000821   Thumb Code     0  rt_memcpy_w.o(.text)
    __aeabi_memcpy8                          0x08000821   Thumb Code     0  rt_memcpy_w.o(.text)
    __rt_memcpy_w                            0x08000821   Thumb Code   100  rt_memcpy_w.o(.text)
    _memcpy_lastbytes_aligned                0x08000869   Thumb Code     0  rt_memcpy_w.o(.text)
    _printf_char_common                      0x0800088f   Thumb Code    32  _printf_char_common.o(.text)
    ferror                                   0x080008b5   Thumb Code     8  ferror.o(.text)
    __user_setup_stackheap                   0x080008bd   Thumb Code    74  sys_stackheap_outer.o(.text)
    exit                                     0x08000907   Thumb Code    18  exit.o(.text)
    __user_libspace                          0x08000919   Thumb Code     8  libspace.o(.text)
    __user_perproc_libspace                  0x08000919   Thumb Code     0  libspace.o(.text)
    __user_perthread_libspace                0x08000919   Thumb Code     0  libspace.o(.text)
    APL_attitudeGet                          0x08000921   Thumb Code   400  attitude.o(i.APL_attitudeGet)
    BusFault_Handler                         0x08000aed   Thumb Code     4  stm32f10x_it.o(i.BusFault_Handler)
    DataCallBack_WIFI                        0x08000af1   Thumb Code   366  usr_c322.o(i.DataCallBack_WIFI)
    DebugMon_Handler                         0x08000c95   Thumb Code     2  stm32f10x_it.o(i.DebugMon_Handler)
    FLASH_ClearFlag                          0x08000c99   Thumb Code     6  stm32f10x_flash.o(i.FLASH_ClearFlag)
    FLASH_ErasePage                          0x08000ca5   Thumb Code    72  stm32f10x_flash.o(i.FLASH_ErasePage)
    FLASH_GetBank1Status                     0x08000cf1   Thumb Code    48  stm32f10x_flash.o(i.FLASH_GetBank1Status)
    FLASH_LockBank1                          0x08000d25   Thumb Code    14  stm32f10x_flash.o(i.FLASH_LockBank1)
    FLASH_ProgramWord                        0x08000d39   Thumb Code   102  stm32f10x_flash.o(i.FLASH_ProgramWord)
    FLASH_UnlockBank1                        0x08000da5   Thumb Code    12  stm32f10x_flash.o(i.FLASH_UnlockBank1)
    FLASH_WaitForLastOperation               0x08000dbd   Thumb Code    38  stm32f10x_flash.o(i.FLASH_WaitForLastOperation)
    GPIO_Init                                0x08000de3   Thumb Code   278  stm32f10x_gpio.o(i.GPIO_Init)
    GPIO_PinRemapConfig                      0x08000ef9   Thumb Code   138  stm32f10x_gpio.o(i.GPIO_PinRemapConfig)
    GPIO_ReadOutputDataBit                   0x08000f89   Thumb Code    18  stm32f10x_gpio.o(i.GPIO_ReadOutputDataBit)
    GPIO_ResetBits                           0x08000f9b   Thumb Code     4  stm32f10x_gpio.o(i.GPIO_ResetBits)
    GPIO_SetBits                             0x08000f9f   Thumb Code     4  stm32f10x_gpio.o(i.GPIO_SetBits)
    GetVerison                               0x08000fa5   Thumb Code   138  usr_c322.o(i.GetVerison)
    Get_MCU_MAC                              0x08001041   Thumb Code    58  usr_c322.o(i.Get_MCU_MAC)
    Get_Mcu_Mac                              0x08001085   Thumb Code    54  usr_c322.o(i.Get_Mcu_Mac)
    GetbatteryPresent                        0x080010d5   Thumb Code     4  attitude.o(i.GetbatteryPresent)
    HardFault_Handler                        0x080010dd   Thumb Code     4  stm32f10x_it.o(i.HardFault_Handler)
    Led_Init                                 0x080010e1   Thumb Code   114  led.o(i.Led_Init)
    Led_ShutDown                             0x08001161   Thumb Code    56  led.o(i.Led_ShutDown)
    Login_Or_Boardcast                       0x080011a5   Thumb Code    66  usr_c322.o(i.Login_Or_Boardcast)
    MD5Decode                                0x08001205   Thumb Code    50  md5.o(i.MD5Decode)
    MD5Encode                                0x08001237   Thumb Code    62  md5.o(i.MD5Encode)
    MD5Final                                 0x08001275   Thumb Code    80  md5.o(i.MD5Final)
    MD5Init                                  0x080012c9   Thumb Code    26  md5.o(i.MD5Init)
    MD5Transform                             0x080012ed   Thumb Code  1898  md5.o(i.MD5Transform)
    MD5Update                                0x08001ac1   Thumb Code   140  md5.o(i.MD5Update)
    MemManage_Handler                        0x08001b4d   Thumb Code     4  stm32f10x_it.o(i.MemManage_Handler)
    Message_count_CRC_2                      0x08001b51   Thumb Code    46  protocol.o(i.Message_count_CRC_2)
    NMI_Handler                              0x08001b89   Thumb Code     2  stm32f10x_it.o(i.NMI_Handler)
    NVIC_Init                                0x08001b8d   Thumb Code   100  misc.o(i.NVIC_Init)
    NVIC_PriorityGroupConfig                 0x08001bfd   Thumb Code    10  misc.o(i.NVIC_PriorityGroupConfig)
    Power_Init                               0x08001c11   Thumb Code    66  power.o(i.Power_Init)
    RCC_APB1PeriphClockCmd                   0x08001c5d   Thumb Code    26  stm32f10x_rcc.o(i.RCC_APB1PeriphClockCmd)
    RCC_APB1PeriphResetCmd                   0x08001c7d   Thumb Code    26  stm32f10x_rcc.o(i.RCC_APB1PeriphResetCmd)
    RCC_APB2PeriphClockCmd                   0x08001c9d   Thumb Code    26  stm32f10x_rcc.o(i.RCC_APB2PeriphClockCmd)
    RCC_APB2PeriphResetCmd                   0x08001cbd   Thumb Code    26  stm32f10x_rcc.o(i.RCC_APB2PeriphResetCmd)
    RCC_GetClocksFreq                        0x08001cdd   Thumb Code   192  stm32f10x_rcc.o(i.RCC_GetClocksFreq)
    RS232_Init                               0x08001db1   Thumb Code   154  usr_c322.o(i.RS232_Init)
    ReadFlashNBtye                           0x08001e55   Thumb Code    26  hal_flash.o(i.ReadFlashNBtye)
    Restart                                  0x08001e75   Thumb Code    38  main.o(i.Restart)
    SI446x_Change_Status                     0x08001ea5   Thumb Code    28  drv_si4438.o(i.SI446x_Change_Status)
    SI446x_Config_Init                       0x08001ec1   Thumb Code   164  drv_si4438.o(i.SI446x_Config_Init)
    SI446x_Get_Device_Status                 0x08001f69   Thumb Code    38  drv_si4438.o(i.SI446x_Get_Device_Status)
    SI446x_Gpio_Init                         0x08001f91   Thumb Code    68  drv_si4438.o(i.SI446x_Gpio_Init)
    SI446x_Init                              0x08001fdd   Thumb Code    84  drv_si4438.o(i.SI446x_Init)
    SI446x_Interrupt_Status                  0x0800203d   Thumb Code    46  drv_si4438.o(i.SI446x_Interrupt_Status)
    SI446x_Power_Up                          0x0800206b   Thumb Code    62  drv_si4438.o(i.SI446x_Power_Up)
    SI446x_Read_Packet                       0x080020a9   Thumb Code    78  drv_si4438.o(i.SI446x_Read_Packet)
    SI446x_Read_Response                     0x080020fd   Thumb Code    64  drv_si4438.o(i.SI446x_Read_Response)
    SI446x_Reset                             0x08002141   Thumb Code    46  drv_si4438.o(i.SI446x_Reset)
    SI446x_Reset_RxFifo                      0x08002179   Thumb Code    28  drv_si4438.o(i.SI446x_Reset_RxFifo)
    SI446x_Reset_TxFifo                      0x08002195   Thumb Code    28  drv_si4438.o(i.SI446x_Reset_TxFifo)
    SI446x_Send_Packet                       0x080021b1   Thumb Code    92  drv_si4438.o(i.SI446x_Send_Packet)
    SI446x_Set_Data_Rate                     0x08002211   Thumb Code    16  drv_si4438.o(i.SI446x_Set_Data_Rate)
    SI446x_Set_Power                         0x08002221   Thumb Code    16  drv_si4438.o(i.SI446x_Set_Power)
    SI446x_Set_Property_1                    0x08002231   Thumb Code    50  drv_si4438.o(i.SI446x_Set_Property_1)
    SI446x_Set_Property_3                    0x08002263   Thumb Code    64  drv_si4438.o(i.SI446x_Set_Property_3)
    SI446x_Start_Rx                          0x080022a3   Thumb Code    82  drv_si4438.o(i.SI446x_Start_Rx)
    SI446x_Start_Tx                          0x080022f5   Thumb Code    62  drv_si4438.o(i.SI446x_Start_Tx)
    SI446x_Wait_Cts                          0x08002335   Thumb Code    70  drv_si4438.o(i.SI446x_Wait_Cts)
    SI446x_Write_Cmds                        0x08002381   Thumb Code    56  drv_si4438.o(i.SI446x_Write_Cmds)
    SPI_Cmd                                  0x080023bd   Thumb Code    24  stm32f10x_spi.o(i.SPI_Cmd)
    SPI_I2S_DeInit                           0x080023d5   Thumb Code    76  stm32f10x_spi.o(i.SPI_I2S_DeInit)
    SPI_I2S_GetFlagStatus                    0x0800242d   Thumb Code    18  stm32f10x_spi.o(i.SPI_I2S_GetFlagStatus)
    SPI_Init                                 0x0800243f   Thumb Code    60  stm32f10x_spi.o(i.SPI_Init)
    Send_Master_Cmd_Data                     0x0800247d   Thumb Code   160  protocol.o(i.Send_Master_Cmd_Data)
    Si433_Rcecv_Buff                         0x08002615   Thumb Code   434  protocol.o(i.Si433_Rcecv_Buff)
    SysTick_CLKSourceConfig                  0x080027e5   Thumb Code    40  misc.o(i.SysTick_CLKSourceConfig)
    SysTick_Handler                          0x0800280d   Thumb Code    16  delay.o(i.SysTick_Handler)
    SystemInit                               0x0800281d   Thumb Code    78  system_stm32f10x.o(i.SystemInit)
    USART1_IRQHandler                        0x0800287d   Thumb Code   132  usr_c322.o(i.USART1_IRQHandler)
    USART_ClearITPendingBit                  0x08002919   Thumb Code    30  stm32f10x_usart.o(i.USART_ClearITPendingBit)
    USART_Cmd                                0x08002937   Thumb Code    24  stm32f10x_usart.o(i.USART_Cmd)
    USART_GetFlagStatus                      0x0800294f   Thumb Code    26  stm32f10x_usart.o(i.USART_GetFlagStatus)
    USART_GetITStatus                        0x08002969   Thumb Code    84  stm32f10x_usart.o(i.USART_GetITStatus)
    USART_ITConfig                           0x080029bd   Thumb Code    74  stm32f10x_usart.o(i.USART_ITConfig)
    USART_Init                               0x08002a09   Thumb Code   210  stm32f10x_usart.o(i.USART_Init)
    USART_ReceiveData                        0x08002ae1   Thumb Code    10  stm32f10x_usart.o(i.USART_ReceiveData)
    USART_SendData                           0x08002aeb   Thumb Code     8  stm32f10x_usart.o(i.USART_SendData)
    UsageFault_Handler                       0x08002af3   Thumb Code     4  stm32f10x_it.o(i.UsageFault_Handler)
    Usart_SendByte                           0x08002af7   Thumb Code    30  usr_c322.o(i.Usart_SendByte)
    Wifi_Get_Mac                             0x08002b15   Thumb Code    58  usr_c322.o(i.Wifi_Get_Mac)
    WriteFlashOneWord                        0x08002b55   Thumb Code    98  hal_flash.o(i.WriteFlashOneWord)
    _is_digit                                0x08002bc1   Thumb Code    14  __printf_wp.o(i._is_digit)
    _sys_exit                                0x08002bcf   Thumb Code     4  usart.o(i._sys_exit)
    attitudeUploadHandler                    0x08002bd5   Thumb Code    42  attitude.o(i.attitudeUploadHandler)
    crc8_maxim                               0x08002c1d   Thumb Code    56  protocol.o(i.crc8_maxim)
    debug_printf_hex                         0x08002d45   Thumb Code   120  usart.o(i.debug_printf_hex)
    delay_init                               0x08002de1   Thumb Code    74  delay.o(i.delay_init)
    delay_ms                                 0x08002e3d   Thumb Code    62  delay.o(i.delay_ms)
    delay_us                                 0x08002e81   Thumb Code    68  delay.o(i.delay_us)
    delay_xms                                0x08002ec9   Thumb Code    24  delay.o(i.delay_xms)
    drv_spi_init                             0x08002ee1   Thumb Code   232  drv_spi.o(i.drv_spi_init)
    drv_spi_read_write_byte                  0x08002fd9   Thumb Code    90  drv_spi.o(i.drv_spi_read_write_byte)
    drv_spi_read_write_string                0x08003039   Thumb Code    54  drv_spi.o(i.drv_spi_read_write_string)
    fputc                                    0x08003075   Thumb Code    24  usart.o(i.fputc)
    led_blue_off                             0x080030b5   Thumb Code    12  led.o(i.led_blue_off)
    led_blue_on                              0x080030c1   Thumb Code    12  led.o(i.led_blue_on)
    led_blue_turn                            0x080030cd   Thumb Code    30  led.o(i.led_blue_turn)
    led_ctrl                                 0x080030f1   Thumb Code   190  led.o(i.led_ctrl)
    led_green_off                            0x080031b5   Thumb Code    12  led.o(i.led_green_off)
    led_green_turn                           0x080031c1   Thumb Code    30  led.o(i.led_green_turn)
    led_purple_on                            0x080031e5   Thumb Code    12  led.o(i.led_purple_on)
    led_purple_turn                          0x080031f1   Thumb Code    30  led.o(i.led_purple_turn)
    led_red_off                              0x08003215   Thumb Code    12  led.o(i.led_red_off)
    led_red_turn                             0x08003221   Thumb Code    30  led.o(i.led_red_turn)
    led_white_off                            0x08003245   Thumb Code    12  led.o(i.led_white_off)
    led_white_on                             0x08003251   Thumb Code    12  led.o(i.led_white_on)
    led_white_turn                           0x0800325d   Thumb Code    30  led.o(i.led_white_turn)
    led_yellow_turn                          0x08003281   Thumb Code    30  led.o(i.led_yellow_turn)
    main                                     0x080032a5   Thumb Code   170  main.o(i.main)
    master_task                              0x08003381   Thumb Code    66  main.o(i.master_task)
    protocol_sendData                        0x080033cd   Thumb Code    38  protocol.o(i.protocol_sendData)
    pvPortMalloc                             0x08003829   Thumb Code   228  heap_4.o(i.pvPortMalloc)
    pxPortInitialiseStack                    0x08003925   Thumb Code    30  port.o(i.pxPortInitialiseStack)
    si433ack_task                            0x08003949   Thumb Code    78  main.o(i.si433ack_task)
    start_task                               0x080039a1   Thumb Code    90  main.o(i.start_task)
    uart_init                                0x08003a45   Thumb Code   114  usart.o(i.uart_init)
    uxListRemove                             0x08003ac1   Thumb Code    40  list.o(i.uxListRemove)
    vListInitialise                          0x08003ae9   Thumb Code    26  list.o(i.vListInitialise)
    vListInitialiseItem                      0x08003b03   Thumb Code     6  list.o(i.vListInitialiseItem)
    vListInsert                              0x08003b09   Thumb Code    52  list.o(i.vListInsert)
    vListInsertEnd                           0x08003b3d   Thumb Code    24  list.o(i.vListInsertEnd)
    vPortEnterCritical                       0x08003b55   Thumb Code    30  port.o(i.vPortEnterCritical)
    vPortExitCritical                        0x08003b79   Thumb Code    28  port.o(i.vPortExitCritical)
    vPortFree                                0x08003b99   Thumb Code    74  heap_4.o(i.vPortFree)
    vPortSetupTimerInterrupt                 0x08003bf1   Thumb Code    20  port.o(i.vPortSetupTimerInterrupt)
    vTaskDelay                               0x08003c09   Thumb Code    46  tasks.o(i.vTaskDelay)
    vTaskDelete                              0x08003c3d   Thumb Code   166  tasks.o(i.vTaskDelete)
    vTaskResume                              0x08003d09   Thumb Code   104  tasks.o(i.vTaskResume)
    vTaskStartScheduler                      0x08003d81   Thumb Code    76  tasks.o(i.vTaskStartScheduler)
    vTaskSuspend                             0x08003ded   Thumb Code   188  tasks.o(i.vTaskSuspend)
    vTaskSuspendAll                          0x08003ec5   Thumb Code    12  tasks.o(i.vTaskSuspendAll)
    vTaskSwitchContext                       0x08003ed5   Thumb Code    76  tasks.o(i.vTaskSwitchContext)
    wifirecve_task                           0x08003f35   Thumb Code    26  main.o(i.wifirecve_task)
    xPortStartScheduler                      0x08003f55   Thumb Code    42  port.o(i.xPortStartScheduler)
    xPortSysTickHandler                      0x08003f89   Thumb Code    46  port.o(i.xPortSysTickHandler)
    xTaskCreate                              0x08003fbd   Thumb Code    96  tasks.o(i.xTaskCreate)
    xTaskGetSchedulerState                   0x0800401d   Thumb Code    24  tasks.o(i.xTaskGetSchedulerState)
    xTaskIncrementTick                       0x0800403d   Thumb Code   238  tasks.o(i.xTaskIncrementTick)
    xTaskResumeAll                           0x08004159   Thumb Code   196  tasks.o(i.xTaskResumeAll)
    CRC_Array_H                              0x08004240   Data         256  protocol.o(.constdata)
    CRC_Array_L                              0x08004340   Data         256  protocol.o(.constdata)
    Region$$Table$$Base                      0x0800483c   Number         0  anon$$obj.o(Region$$Table)
    Region$$Table$$Limit                     0x0800485c   Number         0  anon$$obj.o(Region$$Table)
    StartTask_Handler                        0x20000000   Data           4  main.o(.data)
    WIFIRECVETask_Handler                    0x20000004   Data           4  main.o(.data)
    MASTERTask_Handler                       0x20000008   Data           4  main.o(.data)
    SI433Task_Handler                        0x2000000c   Data           4  main.o(.data)
    SystemCoreClock                          0x20000014   Data           4  system_stm32f10x.o(.data)
    AHBPrescTable                            0x20000018   Data          16  system_stm32f10x.o(.data)
    FLASHStatus                              0x20000028   Data           1  hal_flash.o(.data)
    GFLASH                                   0x2000002c   Data           8  hal_flash.o(.data)
    halAdapter_Led                           0x20000034   Data          64  led.o(.data)
    PADDING                                  0x20000074   Data          64  md5.o(.data)
    gamePadBatteryData                       0x200000c4   Data           5  attitude.o(.data)
    SI4438DataStruct                         0x200000cc   Data           4  protocol.o(.data)
    Macstruct                                0x200000d0   Data           6  protocol.o(.data)
    p_Msg                                    0x200000d8   Data           4  protocol.o(.data)
    rx_len                                   0x200000f0   Data           1  usr_c322.o(.data)
    BoardConnectFlg                          0x200000f1   Data           1  usr_c322.o(.data)
    Si4438_Api_Port                          0x20000104   Data          52  drv_si4438.o(.data)
    Si4438_Spi                               0x20000138   Data          12  drv_spi.o(.data)
    __stdout                                 0x20000148   Data           4  usart.o(.data)
    USART_RX_STA                             0x2000014c   Data           2  usart.o(.data)
    pxCurrentTCB                             0x20000164   Data           4  tasks.o(.data)
    uxTopUsedPriority                        0x2000019c   Data           4  tasks.o(.data)
    flash_config                             0x200001c8   Data          24  hal_flash.o(.bss)
    dataPayload                              0x200001e0   Data          84  attitude.o(.bss)
    attitude_data                            0x20000234   Data          73  attitude.o(.bss)
    protocolDataBuf                          0x2000027d   Data         128  protocol.o(.bss)
    Protocol433                              0x200002fd   Data          16  protocol.o(.bss)
    rx_buf                                   0x20000356   Data          44  usr_c322.o(.bss)
    BroadCastData                            0x2000038e   Data          12  usr_c322.o(.bss)
    LoginOrBoardCastAckData                  0x2000039a   Data          32  usr_c322.o(.bss)
    funtionFlag                              0x200003ba   Data           9  usr_c322.o(.bss)
    __libspace_start                         0x20004918   Data          96  libspace.o(.bss)
    __temporary_stack_top$libspace           0x20004978   Data           0  libspace.o(.bss)



==============================================================================

Memory Map of the image

  Image Entry point : 0x080002b9

  Load Region LR_1 (Base: 0x08000000, Size: 0x00004a24, Max: 0xffffffff, ABSOLUTE, COMPRESSED[0x00004900])

    Execution Region ER_RO (Exec base: 0x08000000, Load base: 0x08000000, Size: 0x0000485c, Max: 0xffffffff, ABSOLUTE)

    Exec Addr    Load Addr    Size         Type   Attr      Idx    E Section Name        Object

    0x08000000   0x08000000   0x00000130   Data   RO         1145    RESET               startup_stm32f10x_hd.o
    0x08000130   0x08000130   0x00000008   Code   RO         3498  * !!!main             c_w.l(__main.o)
    0x08000138   0x08000138   0x00000034   Code   RO         3674    !!!scatter          c_w.l(__scatter.o)
    0x0800016c   0x0800016c   0x0000005a   Code   RO         3672    !!dczerorl2         c_w.l(__dczerorl2.o)
    0x080001c6   0x080001c6   0x00000002   PAD
    0x080001c8   0x080001c8   0x0000001c   Code   RO         3676    !!handler_zi        c_w.l(__scatter_zi.o)
    0x080001e4   0x080001e4   0x00000000   Code   RO         3485    .ARM.Collect$$_printf_percent$$00000000  c_w.l(_printf_percent.o)
    0x080001e4   0x080001e4   0x00000006   Code   RO         3484    .ARM.Collect$$_printf_percent$$00000009  c_w.l(_printf_d.o)
    0x080001ea   0x080001ea   0x00000006   Code   RO         3483    .ARM.Collect$$_printf_percent$$0000000C  c_w.l(_printf_x.o)
    0x080001f0   0x080001f0   0x00000006   Code   RO         3482    .ARM.Collect$$_printf_percent$$00000014  c_w.l(_printf_s.o)
    0x080001f6   0x080001f6   0x00000004   Code   RO         3509    .ARM.Collect$$_printf_percent$$00000017  c_w.l(_printf_percent_end.o)
    0x080001fa   0x080001fa   0x00000002   Code   RO         3544    .ARM.Collect$$libinit$$00000000  c_w.l(libinit.o)
    0x080001fc   0x080001fc   0x00000000   Code   RO         3551    .ARM.Collect$$libinit$$00000002  c_w.l(libinit2.o)
    0x080001fc   0x080001fc   0x00000000   Code   RO         3553    .ARM.Collect$$libinit$$00000004  c_w.l(libinit2.o)
    0x080001fc   0x080001fc   0x00000000   Code   RO         3556    .ARM.Collect$$libinit$$0000000A  c_w.l(libinit2.o)
    0x080001fc   0x080001fc   0x00000000   Code   RO         3558    .ARM.Collect$$libinit$$0000000C  c_w.l(libinit2.o)
    0x080001fc   0x080001fc   0x00000000   Code   RO         3560    .ARM.Collect$$libinit$$0000000E  c_w.l(libinit2.o)
    0x080001fc   0x080001fc   0x00000000   Code   RO         3563    .ARM.Collect$$libinit$$00000011  c_w.l(libinit2.o)
    0x080001fc   0x080001fc   0x00000000   Code   RO         3565    .ARM.Collect$$libinit$$00000013  c_w.l(libinit2.o)
    0x080001fc   0x080001fc   0x00000000   Code   RO         3567    .ARM.Collect$$libinit$$00000015  c_w.l(libinit2.o)
    0x080001fc   0x080001fc   0x00000000   Code   RO         3569    .ARM.Collect$$libinit$$00000017  c_w.l(libinit2.o)
    0x080001fc   0x080001fc   0x00000000   Code   RO         3571    .ARM.Collect$$libinit$$00000019  c_w.l(libinit2.o)
    0x080001fc   0x080001fc   0x00000000   Code   RO         3573    .ARM.Collect$$libinit$$0000001B  c_w.l(libinit2.o)
    0x080001fc   0x080001fc   0x00000000   Code   RO         3575    .ARM.Collect$$libinit$$0000001D  c_w.l(libinit2.o)
    0x080001fc   0x080001fc   0x00000000   Code   RO         3577    .ARM.Collect$$libinit$$0000001F  c_w.l(libinit2.o)
    0x080001fc   0x080001fc   0x00000000   Code   RO         3579    .ARM.Collect$$libinit$$00000021  c_w.l(libinit2.o)
    0x080001fc   0x080001fc   0x00000000   Code   RO         3581    .ARM.Collect$$libinit$$00000023  c_w.l(libinit2.o)
    0x080001fc   0x080001fc   0x00000000   Code   RO         3583    .ARM.Collect$$libinit$$00000025  c_w.l(libinit2.o)
    0x080001fc   0x080001fc   0x00000000   Code   RO         3587    .ARM.Collect$$libinit$$0000002C  c_w.l(libinit2.o)
    0x080001fc   0x080001fc   0x00000000   Code   RO         3589    .ARM.Collect$$libinit$$0000002E  c_w.l(libinit2.o)
    0x080001fc   0x080001fc   0x00000000   Code   RO         3591    .ARM.Collect$$libinit$$00000030  c_w.l(libinit2.o)
    0x080001fc   0x080001fc   0x00000000   Code   RO         3593    .ARM.Collect$$libinit$$00000032  c_w.l(libinit2.o)
    0x080001fc   0x080001fc   0x00000002   Code   RO         3594    .ARM.Collect$$libinit$$00000033  c_w.l(libinit2.o)
    0x080001fe   0x080001fe   0x00000002   Code   RO         3612    .ARM.Collect$$libshutdown$$00000000  c_w.l(libshutdown.o)
    0x08000200   0x08000200   0x00000000   Code   RO         3622    .ARM.Collect$$libshutdown$$00000002  c_w.l(libshutdown2.o)
    0x08000200   0x08000200   0x00000000   Code   RO         3624    .ARM.Collect$$libshutdown$$00000004  c_w.l(libshutdown2.o)
    0x08000200   0x08000200   0x00000000   Code   RO         3626    .ARM.Collect$$libshutdown$$00000006  c_w.l(libshutdown2.o)
    0x08000200   0x08000200   0x00000000   Code   RO         3629    .ARM.Collect$$libshutdown$$00000009  c_w.l(libshutdown2.o)
    0x08000200   0x08000200   0x00000000   Code   RO         3632    .ARM.Collect$$libshutdown$$0000000C  c_w.l(libshutdown2.o)
    0x08000200   0x08000200   0x00000000   Code   RO         3634    .ARM.Collect$$libshutdown$$0000000E  c_w.l(libshutdown2.o)
    0x08000200   0x08000200   0x00000000   Code   RO         3637    .ARM.Collect$$libshutdown$$00000011  c_w.l(libshutdown2.o)
    0x08000200   0x08000200   0x00000002   Code   RO         3638    .ARM.Collect$$libshutdown$$00000012  c_w.l(libshutdown2.o)
    0x08000202   0x08000202   0x00000000   Code   RO         3502    .ARM.Collect$$rtentry$$00000000  c_w.l(__rtentry.o)
    0x08000202   0x08000202   0x00000000   Code   RO         3513    .ARM.Collect$$rtentry$$00000002  c_w.l(__rtentry2.o)
    0x08000202   0x08000202   0x00000006   Code   RO         3525    .ARM.Collect$$rtentry$$00000004  c_w.l(__rtentry4.o)
    0x08000208   0x08000208   0x00000000   Code   RO         3515    .ARM.Collect$$rtentry$$00000009  c_w.l(__rtentry2.o)
    0x08000208   0x08000208   0x00000004   Code   RO         3516    .ARM.Collect$$rtentry$$0000000A  c_w.l(__rtentry2.o)
    0x0800020c   0x0800020c   0x00000000   Code   RO         3518    .ARM.Collect$$rtentry$$0000000C  c_w.l(__rtentry2.o)
    0x0800020c   0x0800020c   0x00000008   Code   RO         3519    .ARM.Collect$$rtentry$$0000000D  c_w.l(__rtentry2.o)
    0x08000214   0x08000214   0x00000002   Code   RO         3548    .ARM.Collect$$rtexit$$00000000  c_w.l(rtexit.o)
    0x08000216   0x08000216   0x00000000   Code   RO         3596    .ARM.Collect$$rtexit$$00000002  c_w.l(rtexit2.o)
    0x08000216   0x08000216   0x00000004   Code   RO         3597    .ARM.Collect$$rtexit$$00000003  c_w.l(rtexit2.o)
    0x0800021a   0x0800021a   0x00000006   Code   RO         3598    .ARM.Collect$$rtexit$$00000004  c_w.l(rtexit2.o)
    0x08000220   0x08000220   0x00000096   Code   RO         3299    .emb_text           port.o
    0x080002b6   0x080002b6   0x00000002   PAD
    0x080002b8   0x080002b8   0x00000040   Code   RO         1146  * .text               startup_stm32f10x_hd.o
    0x080002f8   0x080002f8   0x00000002   Code   RO         3427    .text               c_w.l(use_no_semi_2.o)
    0x080002fa   0x080002fa   0x00000002   PAD
    0x080002fc   0x080002fc   0x00000018   Code   RO         3431    .text               c_w.l(noretval__2printf.o)
    0x08000314   0x08000314   0x0000004e   Code   RO         3435    .text               c_w.l(_printf_pad.o)
    0x08000362   0x08000362   0x00000052   Code   RO         3437    .text               c_w.l(_printf_str.o)
    0x080003b4   0x080003b4   0x00000078   Code   RO         3439    .text               c_w.l(_printf_dec.o)
    0x0800042c   0x0800042c   0x00000058   Code   RO         3444    .text               c_w.l(_printf_hex_int.o)
    0x08000484   0x08000484   0x00000138   Code   RO         3474    .text               c_w.l(__printf_flags_wp.o)
    0x080005bc   0x080005bc   0x0000003e   Code   RO         3488    .text               c_w.l(strlen.o)
    0x080005fa   0x080005fa   0x0000008a   Code   RO         3490    .text               c_w.l(rt_memcpy_v6.o)
    0x08000684   0x08000684   0x00000044   Code   RO         3492    .text               c_w.l(rt_memclr.o)
    0x080006c8   0x080006c8   0x0000004e   Code   RO         3494    .text               c_w.l(rt_memclr_w.o)
    0x08000716   0x08000716   0x00000006   Code   RO         3496    .text               c_w.l(heapauxi.o)
    0x0800071c   0x0800071c   0x00000002   Code   RO         3500    .text               c_w.l(use_no_semi.o)
    0x0800071e   0x0800071e   0x000000b2   Code   RO         3503    .text               c_w.l(_printf_intcommon.o)
    0x080007d0   0x080007d0   0x0000002c   Code   RO         3505    .text               c_w.l(_printf_char.o)
    0x080007fc   0x080007fc   0x00000024   Code   RO         3507    .text               c_w.l(_printf_char_file.o)
    0x08000820   0x08000820   0x00000064   Code   RO         3510    .text               c_w.l(rt_memcpy_w.o)
    0x08000884   0x08000884   0x00000030   Code   RO         3527    .text               c_w.l(_printf_char_common.o)
    0x080008b4   0x080008b4   0x00000008   Code   RO         3529    .text               c_w.l(ferror.o)
    0x080008bc   0x080008bc   0x0000004a   Code   RO         3533    .text               c_w.l(sys_stackheap_outer.o)
    0x08000906   0x08000906   0x00000012   Code   RO         3537    .text               c_w.l(exit.o)
    0x08000918   0x08000918   0x00000008   Code   RO         3545    .text               c_w.l(libspace.o)
    0x08000920   0x08000920   0x000001cc   Code   RO          571    i.APL_attitudeGet   attitude.o
    0x08000aec   0x08000aec   0x00000004   Code   RO          230    i.BusFault_Handler  stm32f10x_it.o
    0x08000af0   0x08000af0   0x000001a4   Code   RO          670    i.DataCallBack_WIFI  usr_c322.o
    0x08000c94   0x08000c94   0x00000002   Code   RO          231    i.DebugMon_Handler  stm32f10x_it.o
    0x08000c96   0x08000c96   0x00000002   PAD
    0x08000c98   0x08000c98   0x0000000c   Code   RO         2396    i.FLASH_ClearFlag   stm32f10x_flash.o
    0x08000ca4   0x08000ca4   0x0000004c   Code   RO         2401    i.FLASH_ErasePage   stm32f10x_flash.o
    0x08000cf0   0x08000cf0   0x00000034   Code   RO         2402    i.FLASH_GetBank1Status  stm32f10x_flash.o
    0x08000d24   0x08000d24   0x00000014   Code   RO         2412    i.FLASH_LockBank1   stm32f10x_flash.o
    0x08000d38   0x08000d38   0x0000006c   Code   RO         2416    i.FLASH_ProgramWord  stm32f10x_flash.o
    0x08000da4   0x08000da4   0x00000018   Code   RO         2420    i.FLASH_UnlockBank1  stm32f10x_flash.o
    0x08000dbc   0x08000dbc   0x00000026   Code   RO         2423    i.FLASH_WaitForLastOperation  stm32f10x_flash.o
    0x08000de2   0x08000de2   0x00000116   Code   RO         1192    i.GPIO_Init         stm32f10x_gpio.o
    0x08000ef8   0x08000ef8   0x00000090   Code   RO         1194    i.GPIO_PinRemapConfig  stm32f10x_gpio.o
    0x08000f88   0x08000f88   0x00000012   Code   RO         1198    i.GPIO_ReadOutputDataBit  stm32f10x_gpio.o
    0x08000f9a   0x08000f9a   0x00000004   Code   RO         1199    i.GPIO_ResetBits    stm32f10x_gpio.o
    0x08000f9e   0x08000f9e   0x00000004   Code   RO         1200    i.GPIO_SetBits      stm32f10x_gpio.o
    0x08000fa2   0x08000fa2   0x00000002   PAD
    0x08000fa4   0x08000fa4   0x0000009c   Code   RO          671    i.GetVerison        usr_c322.o
    0x08001040   0x08001040   0x00000044   Code   RO          672    i.Get_MCU_MAC       usr_c322.o
    0x08001084   0x08001084   0x00000050   Code   RO          673    i.Get_Mcu_Mac       usr_c322.o
    0x080010d4   0x080010d4   0x00000008   Code   RO          572    i.GetbatteryPresent  attitude.o
    0x080010dc   0x080010dc   0x00000004   Code   RO          232    i.HardFault_Handler  stm32f10x_it.o
    0x080010e0   0x080010e0   0x00000080   Code   RO          366    i.Led_Init          led.o
    0x08001160   0x08001160   0x00000044   Code   RO          367    i.Led_ShutDown      led.o
    0x080011a4   0x080011a4   0x00000060   Code   RO          674    i.Login_Or_Boardcast  usr_c322.o
    0x08001204   0x08001204   0x00000032   Code   RO          487    i.MD5Decode         md5.o
    0x08001236   0x08001236   0x0000003e   Code   RO          488    i.MD5Encode         md5.o
    0x08001274   0x08001274   0x00000054   Code   RO          489    i.MD5Final          md5.o
    0x080012c8   0x080012c8   0x00000024   Code   RO          490    i.MD5Init           md5.o
    0x080012ec   0x080012ec   0x000007d4   Code   RO          491    i.MD5Transform      md5.o
    0x08001ac0   0x08001ac0   0x0000008c   Code   RO          492    i.MD5Update         md5.o
    0x08001b4c   0x08001b4c   0x00000004   Code   RO          233    i.MemManage_Handler  stm32f10x_it.o
    0x08001b50   0x08001b50   0x00000038   Code   RO          600    i.Message_count_CRC_2  protocol.o
    0x08001b88   0x08001b88   0x00000002   Code   RO          234    i.NMI_Handler       stm32f10x_it.o
    0x08001b8a   0x08001b8a   0x00000002   PAD
    0x08001b8c   0x08001b8c   0x00000070   Code   RO         1150    i.NVIC_Init         misc.o
    0x08001bfc   0x08001bfc   0x00000014   Code   RO         1151    i.NVIC_PriorityGroupConfig  misc.o
    0x08001c10   0x08001c10   0x0000004c   Code   RO          559    i.Power_Init        power.o
    0x08001c5c   0x08001c5c   0x00000020   Code   RO         1326    i.RCC_APB1PeriphClockCmd  stm32f10x_rcc.o
    0x08001c7c   0x08001c7c   0x00000020   Code   RO         1327    i.RCC_APB1PeriphResetCmd  stm32f10x_rcc.o
    0x08001c9c   0x08001c9c   0x00000020   Code   RO         1328    i.RCC_APB2PeriphClockCmd  stm32f10x_rcc.o
    0x08001cbc   0x08001cbc   0x00000020   Code   RO         1329    i.RCC_APB2PeriphResetCmd  stm32f10x_rcc.o
    0x08001cdc   0x08001cdc   0x000000d4   Code   RO         1336    i.RCC_GetClocksFreq  stm32f10x_rcc.o
    0x08001db0   0x08001db0   0x000000a4   Code   RO          675    i.RS232_Init        usr_c322.o
    0x08001e54   0x08001e54   0x00000020   Code   RO          335    i.ReadFlashNBtye    hal_flash.o
    0x08001e74   0x08001e74   0x00000030   Code   RO            1    i.Restart           main.o
    0x08001ea4   0x08001ea4   0x0000001c   Code   RO          774    i.SI446x_Change_Status  drv_si4438.o
    0x08001ec0   0x08001ec0   0x000000a8   Code   RO          776    i.SI446x_Config_Init  drv_si4438.o
    0x08001f68   0x08001f68   0x00000026   Code   RO          777    i.SI446x_Get_Device_Status  drv_si4438.o
    0x08001f8e   0x08001f8e   0x00000002   PAD
    0x08001f90   0x08001f90   0x0000004c   Code   RO          784    i.SI446x_Gpio_Init  drv_si4438.o
    0x08001fdc   0x08001fdc   0x00000060   Code   RO          785    i.SI446x_Init       drv_si4438.o
    0x0800203c   0x0800203c   0x0000002e   Code   RO          786    i.SI446x_Interrupt_Status  drv_si4438.o
    0x0800206a   0x0800206a   0x0000003e   Code   RO          788    i.SI446x_Power_Up   drv_si4438.o
    0x080020a8   0x080020a8   0x00000054   Code   RO          789    i.SI446x_Read_Packet  drv_si4438.o
    0x080020fc   0x080020fc   0x00000044   Code   RO          790    i.SI446x_Read_Response  drv_si4438.o
    0x08002140   0x08002140   0x00000038   Code   RO          791    i.SI446x_Reset      drv_si4438.o
    0x08002178   0x08002178   0x0000001c   Code   RO          792    i.SI446x_Reset_RxFifo  drv_si4438.o
    0x08002194   0x08002194   0x0000001c   Code   RO          793    i.SI446x_Reset_TxFifo  drv_si4438.o
    0x080021b0   0x080021b0   0x00000060   Code   RO          794    i.SI446x_Send_Packet  drv_si4438.o
    0x08002210   0x08002210   0x00000010   Code   RO          795    i.SI446x_Set_Data_Rate  drv_si4438.o
    0x08002220   0x08002220   0x00000010   Code   RO          796    i.SI446x_Set_Power  drv_si4438.o
    0x08002230   0x08002230   0x00000032   Code   RO          798    i.SI446x_Set_Property_1  drv_si4438.o
    0x08002262   0x08002262   0x00000040   Code   RO          800    i.SI446x_Set_Property_3  drv_si4438.o
    0x080022a2   0x080022a2   0x00000052   Code   RO          801    i.SI446x_Start_Rx   drv_si4438.o
    0x080022f4   0x080022f4   0x0000003e   Code   RO          802    i.SI446x_Start_Tx   drv_si4438.o
    0x08002332   0x08002332   0x00000002   PAD
    0x08002334   0x08002334   0x0000004c   Code   RO          803    i.SI446x_Wait_Cts   drv_si4438.o
    0x08002380   0x08002380   0x0000003c   Code   RO          804    i.SI446x_Write_Cmds  drv_si4438.o
    0x080023bc   0x080023bc   0x00000018   Code   RO         1709    i.SPI_Cmd           stm32f10x_spi.o
    0x080023d4   0x080023d4   0x00000058   Code   RO         1716    i.SPI_I2S_DeInit    stm32f10x_spi.o
    0x0800242c   0x0800242c   0x00000012   Code   RO         1717    i.SPI_I2S_GetFlagStatus  stm32f10x_spi.o
    0x0800243e   0x0800243e   0x0000003c   Code   RO         1722    i.SPI_Init          stm32f10x_spi.o
    0x0800247a   0x0800247a   0x00000002   PAD
    0x0800247c   0x0800247c   0x000000b0   Code   RO          602    i.Send_Master_Cmd_Data  protocol.o
    0x0800252c   0x0800252c   0x00000008   Code   RO          301    i.SetSysClock       system_stm32f10x.o
    0x08002534   0x08002534   0x000000e0   Code   RO          302    i.SetSysClockTo72   system_stm32f10x.o
    0x08002614   0x08002614   0x000001d0   Code   RO          603    i.Si433_Rcecv_Buff  protocol.o
    0x080027e4   0x080027e4   0x00000028   Code   RO         1154    i.SysTick_CLKSourceConfig  misc.o
    0x0800280c   0x0800280c   0x00000010   Code   RO         1004    i.SysTick_Handler   delay.o
    0x0800281c   0x0800281c   0x00000060   Code   RO          304    i.SystemInit        system_stm32f10x.o
    0x0800287c   0x0800287c   0x0000009c   Code   RO          676    i.USART1_IRQHandler  usr_c322.o
    0x08002918   0x08002918   0x0000001e   Code   RO         1525    i.USART_ClearITPendingBit  stm32f10x_usart.o
    0x08002936   0x08002936   0x00000018   Code   RO         1528    i.USART_Cmd         stm32f10x_usart.o
    0x0800294e   0x0800294e   0x0000001a   Code   RO         1531    i.USART_GetFlagStatus  stm32f10x_usart.o
    0x08002968   0x08002968   0x00000054   Code   RO         1532    i.USART_GetITStatus  stm32f10x_usart.o
    0x080029bc   0x080029bc   0x0000004a   Code   RO         1534    i.USART_ITConfig    stm32f10x_usart.o
    0x08002a06   0x08002a06   0x00000002   PAD
    0x08002a08   0x08002a08   0x000000d8   Code   RO         1535    i.USART_Init        stm32f10x_usart.o
    0x08002ae0   0x08002ae0   0x0000000a   Code   RO         1542    i.USART_ReceiveData  stm32f10x_usart.o
    0x08002aea   0x08002aea   0x00000008   Code   RO         1545    i.USART_SendData    stm32f10x_usart.o
    0x08002af2   0x08002af2   0x00000004   Code   RO          235    i.UsageFault_Handler  stm32f10x_it.o
    0x08002af6   0x08002af6   0x0000001e   Code   RO          677    i.Usart_SendByte    usr_c322.o
    0x08002b14   0x08002b14   0x00000040   Code   RO          682    i.Wifi_Get_Mac      usr_c322.o
    0x08002b54   0x08002b54   0x0000006c   Code   RO          336    i.WriteFlashOneWord  hal_flash.o
    0x08002bc0   0x08002bc0   0x0000000e   Code   RO         3472    i._is_digit         c_w.l(__printf_wp.o)
    0x08002bce   0x08002bce   0x00000004   Code   RO         1071    i._sys_exit         usart.o
    0x08002bd2   0x08002bd2   0x00000002   PAD
    0x08002bd4   0x08002bd4   0x00000030   Code   RO          573    i.attitudeUploadHandler  attitude.o
    0x08002c04   0x08002c04   0x00000018   Code   RO          337    i.byteToUint        hal_flash.o
    0x08002c1c   0x08002c1c   0x00000038   Code   RO          604    i.crc8_maxim        protocol.o
    0x08002c54   0x08002c54   0x000000f0   Code   RO          605    i.data_protocol     protocol.o
    0x08002d44   0x08002d44   0x0000009c   Code   RO         1072    i.debug_printf_hex  usart.o
    0x08002de0   0x08002de0   0x0000005c   Code   RO         1005    i.delay_init        delay.o
    0x08002e3c   0x08002e3c   0x00000044   Code   RO         1006    i.delay_ms          delay.o
    0x08002e80   0x08002e80   0x00000048   Code   RO         1007    i.delay_us          delay.o
    0x08002ec8   0x08002ec8   0x00000018   Code   RO         1008    i.delay_xms         delay.o
    0x08002ee0   0x08002ee0   0x000000f8   Code   RO          977    i.drv_spi_init      drv_spi.o
    0x08002fd8   0x08002fd8   0x00000060   Code   RO          978    i.drv_spi_read_write_byte  drv_spi.o
    0x08003038   0x08003038   0x0000003c   Code   RO          979    i.drv_spi_read_write_string  drv_spi.o
    0x08003074   0x08003074   0x0000001c   Code   RO         1073    i.fputc             usart.o
    0x08003090   0x08003090   0x00000024   Code   RO          606    i.hex_data_tranmission  protocol.o
    0x080030b4   0x080030b4   0x0000000c   Code   RO          368    i.led_blue_off      led.o
    0x080030c0   0x080030c0   0x0000000c   Code   RO          369    i.led_blue_on       led.o
    0x080030cc   0x080030cc   0x00000024   Code   RO          370    i.led_blue_turn     led.o
    0x080030f0   0x080030f0   0x000000c4   Code   RO          372    i.led_ctrl          led.o
    0x080031b4   0x080031b4   0x0000000c   Code   RO          373    i.led_green_off     led.o
    0x080031c0   0x080031c0   0x00000024   Code   RO          374    i.led_green_turn    led.o
    0x080031e4   0x080031e4   0x0000000c   Code   RO          375    i.led_purple_on     led.o
    0x080031f0   0x080031f0   0x00000024   Code   RO          376    i.led_purple_turn   led.o
    0x08003214   0x08003214   0x0000000c   Code   RO          377    i.led_red_off       led.o
    0x08003220   0x08003220   0x00000024   Code   RO          378    i.led_red_turn      led.o
    0x08003244   0x08003244   0x0000000c   Code   RO          379    i.led_white_off     led.o
    0x08003250   0x08003250   0x0000000c   Code   RO          380    i.led_white_on      led.o
    0x0800325c   0x0800325c   0x00000024   Code   RO          381    i.led_white_turn    led.o
    0x08003280   0x08003280   0x00000024   Code   RO          382    i.led_yellow_turn   led.o
    0x080032a4   0x080032a4   0x000000dc   Code   RO            2    i.main              main.o
    0x08003380   0x08003380   0x0000004c   Code   RO            3    i.master_task       main.o
    0x080033cc   0x080033cc   0x0000002c   Code   RO          608    i.protocol_sendData  protocol.o
    0x080033f8   0x080033f8   0x00000098   Code   RO         2619    i.prvAddCurrentTaskToDelayedList  tasks.o
    0x08003490   0x08003490   0x000000b4   Code   RO         2620    i.prvAddNewTaskToReadyList  tasks.o
    0x08003544   0x08003544   0x00000048   Code   RO         2621    i.prvCheckTasksWaitingTermination  tasks.o
    0x0800358c   0x0800358c   0x00000012   Code   RO         2622    i.prvDeleteTCB      tasks.o
    0x0800359e   0x0800359e   0x00000002   PAD
    0x080035a0   0x080035a0   0x0000007c   Code   RO         3370    i.prvHeapInit       heap_4.o
    0x0800361c   0x0800361c   0x00000028   Code   RO         2623    i.prvIdleTask       tasks.o
    0x08003644   0x08003644   0x0000008a   Code   RO         2624    i.prvInitialiseNewTask  tasks.o
    0x080036ce   0x080036ce   0x00000002   PAD
    0x080036d0   0x080036d0   0x00000068   Code   RO         2625    i.prvInitialiseTaskLists  tasks.o
    0x08003738   0x08003738   0x00000068   Code   RO         3371    i.prvInsertBlockIntoFreeList  heap_4.o
    0x080037a0   0x080037a0   0x00000030   Code   RO         2626    i.prvResetNextTaskUnblockTime  tasks.o
    0x080037d0   0x080037d0   0x00000016   Code   RO         3300    i.prvTaskExitError  port.o
    0x080037e6   0x080037e6   0x00000002   PAD
    0x080037e8   0x080037e8   0x00000040   Code   RO         2627    i.prvTaskIsTaskSuspended  tasks.o
    0x08003828   0x08003828   0x000000fc   Code   RO         3372    i.pvPortMalloc      heap_4.o
    0x08003924   0x08003924   0x00000024   Code   RO         3301    i.pxPortInitialiseStack  port.o
    0x08003948   0x08003948   0x00000058   Code   RO            4    i.si433ack_task     main.o
    0x080039a0   0x080039a0   0x000000a4   Code   RO            5    i.start_task        main.o
    0x08003a44   0x08003a44   0x0000007c   Code   RO         1074    i.uart_init         usart.o
    0x08003ac0   0x08003ac0   0x00000028   Code   RO         2570    i.uxListRemove      list.o
    0x08003ae8   0x08003ae8   0x0000001a   Code   RO         2571    i.vListInitialise   list.o
    0x08003b02   0x08003b02   0x00000006   Code   RO         2572    i.vListInitialiseItem  list.o
    0x08003b08   0x08003b08   0x00000034   Code   RO         2573    i.vListInsert       list.o
    0x08003b3c   0x08003b3c   0x00000018   Code   RO         2574    i.vListInsertEnd    list.o
    0x08003b54   0x08003b54   0x00000024   Code   RO         3303    i.vPortEnterCritical  port.o
    0x08003b78   0x08003b78   0x00000020   Code   RO         3304    i.vPortExitCritical  port.o
    0x08003b98   0x08003b98   0x00000058   Code   RO         3373    i.vPortFree         heap_4.o
    0x08003bf0   0x08003bf0   0x00000018   Code   RO         3305    i.vPortSetupTimerInterrupt  port.o
    0x08003c08   0x08003c08   0x00000034   Code   RO         2634    i.vTaskDelay        tasks.o
    0x08003c3c   0x08003c3c   0x000000cc   Code   RO         2635    i.vTaskDelete       tasks.o
    0x08003d08   0x08003d08   0x00000078   Code   RO         2644    i.vTaskResume       tasks.o
    0x08003d80   0x08003d80   0x0000006c   Code   RO         2646    i.vTaskStartScheduler  tasks.o
    0x08003dec   0x08003dec   0x000000d8   Code   RO         2647    i.vTaskSuspend      tasks.o
    0x08003ec4   0x08003ec4   0x00000010   Code   RO         2648    i.vTaskSuspendAll   tasks.o
    0x08003ed4   0x08003ed4   0x00000060   Code   RO         2649    i.vTaskSwitchContext  tasks.o
    0x08003f34   0x08003f34   0x00000020   Code   RO            6    i.wifirecve_task    main.o
    0x08003f54   0x08003f54   0x00000034   Code   RO         3306    i.xPortStartScheduler  port.o
    0x08003f88   0x08003f88   0x00000034   Code   RO         3307    i.xPortSysTickHandler  port.o
    0x08003fbc   0x08003fbc   0x00000060   Code   RO         2652    i.xTaskCreate       tasks.o
    0x0800401c   0x0800401c   0x00000020   Code   RO         2659    i.xTaskGetSchedulerState  tasks.o
    0x0800403c   0x0800403c   0x0000011c   Code   RO         2662    i.xTaskIncrementTick  tasks.o
    0x08004158   0x08004158   0x000000e8   Code   RO         2664    i.xTaskResumeAll    tasks.o
    0x08004240   0x08004240   0x00000200   Data   RO          611    .constdata          protocol.o
    0x08004440   0x08004440   0x000003c1   Data   RO          806    .constdata          drv_si4438.o
    0x08004801   0x08004801   0x00000028   Data   RO         3445    .constdata          c_w.l(_printf_hex_int.o)
    0x08004829   0x08004829   0x00000011   Data   RO         3475    .constdata          c_w.l(__printf_flags_wp.o)
    0x0800483a   0x0800483a   0x00000002   PAD
    0x0800483c   0x0800483c   0x00000020   Data   RO         3670    Region$$Table       anon$$obj.o


    Execution Region ER_RW (Exec base: 0x20000000, Load base: 0x0800485c, Size: 0x000001c8, Max: 0xffffffff, ABSOLUTE, COMPRESSED[0x000000a4])

    Exec Addr    Load Addr    Size         Type   Attr      Idx    E Section Name        Object

    0x20000000   COMPRESSED   0x00000014   Data   RW            7    .data               main.o
    0x20000014   COMPRESSED   0x00000014   Data   RW          305    .data               system_stm32f10x.o
    0x20000028   COMPRESSED   0x0000000c   Data   RW          339    .data               hal_flash.o
    0x20000034   COMPRESSED   0x00000040   Data   RW          383    .data               led.o
    0x20000074   COMPRESSED   0x00000040   Data   RW          493    .data               md5.o
    0x200000b4   COMPRESSED   0x00000015   Data   RW          575    .data               attitude.o
    0x200000c9   COMPRESSED   0x00000003   PAD
    0x200000cc   COMPRESSED   0x0000001c   Data   RW          612    .data               protocol.o
    0x200000e8   COMPRESSED   0x0000001c   Data   RW          685    .data               usr_c322.o
    0x20000104   COMPRESSED   0x00000034   Data   RW          807    .data               drv_si4438.o
    0x20000138   COMPRESSED   0x0000000c   Data   RW          980    .data               drv_spi.o
    0x20000144   COMPRESSED   0x00000004   Data   RW         1009    .data               delay.o
    0x20000148   COMPRESSED   0x00000006   Data   RW         1078    .data               usart.o
    0x2000014e   COMPRESSED   0x00000014   Data   RW         1356    .data               stm32f10x_rcc.o
    0x20000162   COMPRESSED   0x00000002   PAD
    0x20000164   COMPRESSED   0x00000040   Data   RW         2667    .data               tasks.o
    0x200001a4   COMPRESSED   0x00000004   Data   RW         3308    .data               port.o
    0x200001a8   COMPRESSED   0x00000020   Data   RW         3379    .data               heap_4.o


    Execution Region ER_ZI (Exec base: 0x200001c8, Load base: 0x08004900, Size: 0x00004db0, Max: 0xffffffff, ABSOLUTE)

    Exec Addr    Load Addr    Size         Type   Attr      Idx    E Section Name        Object

    0x200001c8        -       0x00000018   Zero   RW          338    .bss                hal_flash.o
    0x200001e0        -       0x0000009d   Zero   RW          574    .bss                attitude.o
    0x2000027d        -       0x000000d9   Zero   RW          610    .bss                protocol.o
    0x20000356        -       0x000000f9   Zero   RW          684    .bss                usr_c322.o
    0x2000044f   0x08004900   0x00000001   PAD
    0x20000450        -       0x000000c8   Zero   RW         2666    .bss                tasks.o
    0x20000518        -       0x00004400   Zero   RW         3378    .bss                heap_4.o
    0x20004918        -       0x00000060   Zero   RW         3546    .bss                c_w.l(libspace.o)
    0x20004978        -       0x00000200   Zero   RW         1144    HEAP                startup_stm32f10x_hd.o
    0x20004b78        -       0x00000400   Zero   RW         1143    STACK               startup_stm32f10x_hd.o


==============================================================================

Image component sizes


      Code (inc. data)   RO Data    RW Data    ZI Data      Debug   Object Name

       516         70          0         21        157       2916   attitude.o
       272         28          0          4          0       3041   delay.o
      1300         58        961         52          0      13975   drv_si4438.o
       404         28          0         12          0       2730   drv_spi.o
       164         16          0         12         24       2679   hal_flash.o
       568         72          0         32      17408       4111   heap_4.o
       692         76          0         64          0       8345   led.o
       148          0          0          0          0       5714   list.o
       628        160          0         20          0     295895   main.o
      2376        268          0         64          0       5378   md5.o
       172         22          0          0          0       2185   misc.o
       404         48          0          4          0       9356   port.o
        76         10          0          0          0        545   power.o
      1072         80        512         28        217       6251   protocol.o
        64         26        304          0       1536        824   startup_stm32f10x_hd.o
       330         38          0          0          0       5650   stm32f10x_flash.o
       448          6          0          0          0       4691   stm32f10x_gpio.o
        20          0          0          0          0       2673   stm32f10x_it.o
       340         44          0         20          0       5792   stm32f10x_rcc.o
       190         12          0          0          0       3490   stm32f10x_spi.o
       472          6          0          0          0       7099   stm32f10x_usart.o
         0          0          0          0          0         32   sys.o
       328         28          0         20          0       2245   system_stm32f10x.o
      2272        362          0         64        200      28287   tasks.o
       312         50          0          6          0       4655   usart.o
      1234        188          0         28        249       7306   usr_c322.o

    ----------------------------------------------------------------------
     14826       1696       1809        456      19792     435865   Object Totals
         0          0         32          0          0          0   (incl. Generated)
        24          0          0          5          1          0   (incl. Padding)

    ----------------------------------------------------------------------

      Code (inc. data)   RO Data    RW Data    ZI Data      Debug   Library Member Name

        90          0          0          0          0          0   __dczerorl2.o
         8          0          0          0          0         68   __main.o
       312          4         17          0          0         92   __printf_flags_wp.o
        14          0          0          0          0         68   __printf_wp.o
         0          0          0          0          0          0   __rtentry.o
        12          0          0          0          0          0   __rtentry2.o
         6          0          0          0          0          0   __rtentry4.o
        52          8          0          0          0          0   __scatter.o
        28          0          0          0          0          0   __scatter_zi.o
        44          0          0          0          0        108   _printf_char.o
        48          6          0          0          0         96   _printf_char_common.o
        36          4          0          0          0         80   _printf_char_file.o
         6          0          0          0          0          0   _printf_d.o
       120         16          0          0          0         92   _printf_dec.o
        88          4         40          0          0         88   _printf_hex_int.o
       178          0          0          0          0         88   _printf_intcommon.o
        78          0          0          0          0        108   _printf_pad.o
         0          0          0          0          0          0   _printf_percent.o
         4          0          0          0          0          0   _printf_percent_end.o
         6          0          0          0          0          0   _printf_s.o
        82          0          0          0          0         80   _printf_str.o
         6          0          0          0          0          0   _printf_x.o
        18          0          0          0          0         80   exit.o
         8          0          0          0          0         68   ferror.o
         6          0          0          0          0        152   heapauxi.o
         2          0          0          0          0          0   libinit.o
         2          0          0          0          0          0   libinit2.o
         2          0          0          0          0          0   libshutdown.o
         2          0          0          0          0          0   libshutdown2.o
         8          4          0          0         96         68   libspace.o
        24          4          0          0          0         84   noretval__2printf.o
        68          0          0          0          0         68   rt_memclr.o
        78          0          0          0          0         80   rt_memclr_w.o
       138          0          0          0          0         68   rt_memcpy_v6.o
       100          0          0          0          0         80   rt_memcpy_w.o
         2          0          0          0          0          0   rtexit.o
        10          0          0          0          0          0   rtexit2.o
        62          0          0          0          0         76   strlen.o
        74          0          0          0          0         80   sys_stackheap_outer.o
         2          0          0          0          0         68   use_no_semi.o
         2          0          0          0          0         68   use_no_semi_2.o

    ----------------------------------------------------------------------
      1830         50         59          0         96       2008   Library Totals
         4          0          2          0          0          0   (incl. Padding)

    ----------------------------------------------------------------------

      Code (inc. data)   RO Data    RW Data    ZI Data      Debug   Library Name

      1826         50         57          0         96       2008   c_w.l

    ----------------------------------------------------------------------
      1830         50         59          0         96       2008   Library Totals

    ----------------------------------------------------------------------

==============================================================================


      Code (inc. data)   RO Data    RW Data    ZI Data      Debug   

     16656       1746       1868        456      19888     428665   Grand Totals
     16656       1746       1868        164      19888     428665   ELF Image Totals (compressed)
     16656       1746       1868        164          0          0   ROM Totals

==============================================================================

    Total RO  Size (Code + RO Data)                18524 (  18.09kB)
    Total RW  Size (RW Data + ZI Data)             20344 (  19.87kB)
    Total ROM Size (Code + RO Data + RW Data)      18688 (  18.25kB)

==============================================================================

